05-10 10:01:08.689 31647 24095 D CacheFlow: [CACHE_LOOP] Processing episode 6 season 1 id -1054689861 dubStatus None
05-10 10:01:08.689 31647 31647 D [MINI_SYNC_FIX]: OFFLINE_CACHE_DEBUG: No matching cache entry found for url: https://aiostreams.elfhosted.com/stremio/e4f99f7d-6a22-403c-9e0f-b6b9be87d350/eyJpIjoiaFd0c1lNVmROdDBTdk9TdkMyWGY1UT09IiwiZSI6IkltaXVSdkJsYmRWLzZaQmk1WS9LRDJuL2VPNXh5TFB3N2tOaXRGWnJ2aHc9IiwidCI6ImEifQ/meta/series/tt36732944.json
05-10 10:01:08.689 31647 24095 D CacheFlow: [CACHE_LOOP] Episode not cached, will cache now
05-10 10:01:08.689 31647 24095 D CacheFlow: [METADATA_ONLY] Caching episode 6 season 1 with dubStatus: None
05-10 10:01:08.689 31647 31647 I SYNCVM  : updateMetaAndUser
05-10 10:01:08.689 31647 31647 I SYNCVM  : updateUserData - syncs size: 1, syncs: {simkl={"Tmdb":"289424","Imdb":"tt36732944"}}
05-10 10:01:08.689 31647 11137 I SYNCVM  : updateMetadata
05-10 10:01:08.690 31647 31647 I SYNCVM  : updateUserData - trying simkl with id {"Tmdb":"289424","Imdb":"tt36732944"}
05-10 10:01:08.690 31647 31647 I SYNCVM  : updateUserData - repo for simkl: true
05-10 10:01:08.690 31647 11137 I SYNCVM  : updateMetadata loading simkl
05-10 10:01:08.690 31647 31647 D [SIMKL_ID_RESOLVE]: Resolving ID: {"Tmdb":"289424","Imdb":"tt36732944"}
05-10 10:01:08.690 31647 11137 I SYNCVM  : setEpisodesDelta = 0
05-10 10:01:08.690 31647 31647 D [SIMKL_ID_RESOLVE]: Cross-ref IDs detected: {Tmdb=289424, Imdb=tt36732944}
05-10 10:01:08.690 31647 24095 D CacheFlow: [CACHE_LOOP] Episode cached successfully, calling updateParentIndex
05-10 10:01:08.690 31647 31647 W [SIMKL_ID_RESOLVE]: All resolution methods failed
05-10 10:01:08.690 31647 31647 D [SIMKL_ID_REFACTOR]: Status called with id: {"Tmdb":"289424","Imdb":"tt36732944"}, resolved to: {"Tmdb":"289424","Imdb":"tt36732944"}
05-10 10:01:08.690 31647 31647 D [SIMKL_ID_FIX]: Using cross-ref IDs: {Tmdb=289424, Imdb=tt36732944}
05-10 10:01:08.691 31647 24095 D CacheFlow: updateParentIndex - parentId: -1054789868, episodeId: -1054689861, indexKey: episode_parent_index_-1054789868, currentIds: 5, updatedIds: 6
05-10 10:01:08.691 31647 24095 D CacheFlow: [CACHE_LOOP] Processing episode 7 season 1 id -1054689860 dubStatus None
05-10 10:01:08.691 31647 24095 D CacheFlow: [CACHE_LOOP] Episode not cached, will cache now
05-10 10:01:08.691 31647 24095 D CacheFlow: [METADATA_ONLY] Caching episode 7 season 1 with dubStatus: None
05-10 10:01:08.691 31647 31647 I SYNCVM  : updateSynced - current syncs: [simkl]
05-10 10:01:08.691 31647 31647 I SYNCVM  : updateSynced - getMissing result: [MAL(isSynced=false), Kitsu(isSynced=false), AniList(isSynced=false), Simkl(isSynced=true), Local(isSynced=false)]
05-10 10:01:08.691 31647 31647 D Lifecycle: Observer triggered - thread: main, value class: ArrayList, value is Map: false
05-10 10:01:08.691 31647 31647 D Lifecycle: Observer triggered with value: [CurrentSynced(name=MAL, idPrefix=mal, isSynced=false, hasAccount=false, icon=2131231510), CurrentSynced(name=Kitsu, idPrefix=kitsu, isSynced=false, hasAccount=false, icon=2131231471), CurrentSynced(name=AniList, idPrefix=anilist, isSynced=false, hasAccount=true, icon=2131231150), CurrentSynced(name=Simkl, idPrefix=simkl, isSynced=true, hasAccount=true, icon=2131231835), CurrentSynced(name=Local, idPrefix=local, isSynced=false, hasAccount=false, icon=2131231222)]
05-10 10:01:08.691 31647 31647 D [SYNC_OBSERVER_LIFECYCLE]: syncModel.synced observer fired - list size: 5, binding: true, resultMiniSync: true
05-10 10:01:08.692 31647 24095 D CacheFlow: [CACHE_LOOP] Episode cached successfully, calling updateParentIndex
05-10 10:01:08.692 31647 31647 I SYNCVM  : updateSynced - _currentSynced.value set (main thread) to 5 items
05-10 10:01:08.692 31647 31647 D [SUBSCRIBE_DEBUG]: ResultFragmentPhone - subscribeStatus observer - isSubscribed: false
05-10 10:01:08.692 31647 31647 D [SUBSCRIBE_DEBUG]: ResultFragmentPhone - subscribeStatus observer - button visibility set to: true, displaySubscribed: false
05-10 10:01:08.692 31647 31647 D [SUBSCRIBE_DEBUG]: ResultFragmentPhone - subscribeStatus observer - setting drawable: notifications_none
05-10 10:01:08.692 31647 31647 D Lifecycle: Observer triggered - thread: main, value class: WatchType, value is Map: false
05-10 10:01:08.692 31647 31647 D Lifecycle: Observer triggered with value: NONE
05-10 10:01:08.693 31647 24095 D CacheFlow: updateParentIndex - parentId: -1054789868, episodeId: -1054689860, indexKey: episode_parent_index_-1054789868, currentIds: 6, updatedIds: 7
05-10 10:01:08.693 31647 24095 D CacheFlow: [CACHE_LOOP] Processing episode 8 season 1 id -1054689859 dubStatus None
05-10 10:01:08.693 31647 24095 D CacheFlow: [CACHE_LOOP] Episode not cached, will cache now
05-10 10:01:08.693 31647 24095 D CacheFlow: [METADATA_ONLY] Caching episode 8 season 1 with dubStatus: None
05-10 10:01:08.693 31647 31647 D Lifecycle: Observer triggered - thread: main, value class: ArrayList, value is Map: false
05-10 10:01:08.693 31647 31647 D Lifecycle: Observer triggered with value: [(null, None)]
05-10 10:01:08.693 31647 31647 D Lifecycle: Observer triggered - thread: main, value class: ArrayList, value is Map: false
05-10 10:01:08.693 31647 31647 D Lifecycle: Observer triggered with value: [(resId = 2132018277
05-10 10:01:08.693 31647 31647 D Lifecycle: args = [(class com.lagradost.cloudstream3.utils.UiText$StringResource = resId = 2132018276
05-10 10:01:08.693 31647 31647 D Lifecycle: args = []), (class kotlin.Int = 1), (class kotlin.String = )], 1)]
05-10 10:01:08.693 31647 31647 D Lifecycle: Observer triggered - thread: main, value class: ArrayList, value is Map: false
05-10 10:01:08.693 31647 31647 D Lifecycle: Observer triggered with value: [(resId = 2132017586
05-10 10:01:08.693 31647 31647 D Lifecycle: args = [(class kotlin.Int = 1), (class kotlin.Int = 12)], EpisodeRange(startIndex=0, length=12, startEpisode=1, endEpisode=12))]
05-10 10:01:08.693 31647 24095 D CacheFlow: [CACHE_LOOP] Episode cached successfully, calling updateParentIndex
05-10 10:01:08.694 31647 24095 D CacheFlow: updateParentIndex - parentId: -1054789868, episodeId: -1054689859, indexKey: episode_parent_index_-1054789868, currentIds: 7, updatedIds: 8
05-10 10:01:08.694 31647 24095 D CacheFlow: [CACHE_LOOP] Processing episode 9 season 1 id -1054689858 dubStatus None
05-10 10:01:08.694 31647 24095 D CacheFlow: [CACHE_LOOP] Episode not cached, will cache now
05-10 10:01:08.694 31647 24095 D CacheFlow: [METADATA_ONLY] Caching episode 9 season 1 with dubStatus: None
05-10 10:01:08.695 31647 24095 D CacheFlow: [CACHE_LOOP] Episode cached successfully, calling updateParentIndex
05-10 10:01:08.696 31647 24095 D CacheFlow: updateParentIndex - parentId: -1054789868, episodeId: -1054689858, indexKey: episode_parent_index_-1054789868, currentIds: 8, updatedIds: 9
05-10 10:01:08.696 31647 24095 D CacheFlow: [CACHE_LOOP] Processing episode 10 season 1 id -1054689857 dubStatus None
05-10 10:01:08.696 31647 24095 D CacheFlow: [CACHE_LOOP] Episode not cached, will cache now
05-10 10:01:08.696 31647 24095 D CacheFlow: [METADATA_ONLY] Caching episode 10 season 1 with dubStatus: None
05-10 10:01:08.697 31647 24095 D CacheFlow: [CACHE_LOOP] Episode cached successfully, calling updateParentIndex
05-10 10:01:08.697 31647 24095 D CacheFlow: updateParentIndex - parentId: -1054789868, episodeId: -1054689857, indexKey: episode_parent_index_-1054789868, currentIds: 9, updatedIds: 10
05-10 10:01:08.748 31647 11137 D CacheFlow: [CACHE_LOOP] Processing episode 11 season 1 id -1054689856 dubStatus None
05-10 10:01:08.748 31647 11137 D CacheFlow: [CACHE_LOOP] Episode not cached, will cache now
05-10 10:01:08.748 31647 11137 D CacheFlow: [METADATA_ONLY] Caching episode 11 season 1 with dubStatus: None
05-10 10:01:08.748 31647 11137 D CacheFlow: [CACHE_LOOP] Episode cached successfully, calling updateParentIndex
05-10 10:01:08.749 31647 11137 D CacheFlow: updateParentIndex - parentId: -1054789868, episodeId: -1054689856, indexKey: episode_parent_index_-1054789868, currentIds: 10, updatedIds: 11
05-10 10:01:08.749 31647 11137 D CacheFlow: [CACHE_LOOP] Processing episode 12 season 1 id -1054689855 dubStatus None
05-10 10:01:08.749 31647 11137 D CacheFlow: [CACHE_LOOP] Episode not cached, will cache now
05-10 10:01:08.749 31647 11137 D CacheFlow: [METADATA_ONLY] Caching episode 12 season 1 with dubStatus: None
05-10 10:01:08.750 31647 11137 D CacheFlow: [CACHE_LOOP] Episode cached successfully, calling updateParentIndex
05-10 10:01:08.751 31647 11137 D CacheFlow: updateParentIndex - parentId: -1054789868, episodeId: -1054689855, indexKey: episode_parent_index_-1054789868, currentIds: 11, updatedIds: 12
05-10 10:01:08.751 31647 11137 D cacheDataDebug: [METADATA_ONLY] Episode caching completed - updating header to metadataOnlyMode=false
05-10 10:01:09.068 31647 31655 I ache.prerelease: Background young concurrent mark compact GC freed 26MB AllocSpace bytes, 34(1444KB) LOS objects, 9% free, 230MB/253MB, paused 911us,3.361ms total 199.293ms
05-10 10:01:09.125 31647 31647 D Lifecycle: Observer triggered - thread: main, value class: ArrayList, value is Map: false
05-10 10:01:09.126 31647 31647 D Lifecycle: Observer triggered with value: [(resId = 2132018354
05-10 10:01:09.126 31647 31647 D Lifecycle: args = [], NUMBER_ASC), (resId = 2132018355
05-10 10:01:09.126 31647 31647 D Lifecycle: args = [], NUMBER_DESC), (resId = 2132018352
05-10 10:01:09.126 31647 31647 D Lifecycle: args = [], DATE_NEWEST), (resId = 2132018353
05-10 10:01:09.126 31647 31647 D Lifecycle: args = [], DATE_OLDEST)]
05-10 10:01:09.126 31647 31647 D Lifecycle: Observer triggered - thread: main, value class: Loading, value is Map: false
05-10 10:01:09.126 31647 31647 D Lifecycle: Observer triggered with value: Loading(url=null)
05-10 10:01:09.126 31647 31647 D [SYNC_USERDATA_DEBUG]: UserData observer fired: Loading
05-10 10:01:09.126 31647 31647 D Lifecycle: Observer triggered - thread: main, value class: Failure, value is Map: false
05-10 10:01:09.126 31647 31647 D Lifecycle: Observer triggered with value: Failure(isNetworkError=false, errorString=No data)
05-10 10:01:09.126 31647 31647 D [SYNC_METADATA_DEBUG]: Metadata observer fired: Failure
05-10 10:01:09.126 31647 31647 D [SYNC_METADATA_DEBUG]: Metadata Failure: No data
05-10 10:01:09.126 31647 31647 I Choreographer: Skipped 52 frames!  The application may be doing too much work on its main thread.
05-10 10:01:09.151 31647 31647 D LOGO_DEBUG: bindLogo - logo loaded successfully
05-10 10:01:09.164 31647 31647 D [SIMKL_RATE_LIMIT]: Rate limiting: waiting 527ms
05-10 10:01:09.752 31647 31655 I ache.prerelease: Background concurrent mark compact GC freed 25MB AllocSpace bytes, 0(0B) LOS objects, 17% free, 219MB/267MB, paused 1.231ms,3.231ms total 393.587ms
05-10 10:01:09.972 31647 31647 I SYNCVM  : updateUserData - status result for simkl: isSuccess=true, isFailure=false
05-10 10:01:09.972 31647 31647 I SYNCVM  : updateUserData - SUCCESS for simkl with non-null status, isValid: true
05-10 10:01:09.972 31647 31647 I SYNCVM  : updateUserData - providers with valid status: [simkl]
05-10 10:01:09.972 31647 31647 I SYNCVM  : updateUserData - tried 1 APIs, anySuccess: true, status is null: false
05-10 10:01:09.972 31647 31647 I SYNCVM  : updateUserData - request completed, flag released
05-10 10:01:09.974 31647 31647 D Lifecycle: Observer triggered - thread: main, value class: LinkedHashSet, value is Map: false
05-10 10:01:09.974 31647 31647 D Lifecycle: Observer triggered with value: [simkl]
05-10 10:01:09.974 31647 31647 D [SYNC_PROVIDER_DEBUG]: Providers with valid status observer fired: [simkl], selectedProvider: null
05-10 10:01:09.974 31647 31647 D [SYNC_PROVIDER_DEBUG]: Filtered synced providers: [Simkl]
05-10 10:01:09.974 31647 31647 D [SYNC_PROVIDER_DEBUG]: Updated status text to: Currently tracked on Simkl
05-10 10:01:09.974 31647 31647 D Lifecycle: Observer triggered - thread: main, value class: Success, value is Map: false
05-10 10:01:09.974 31647 31647 D Lifecycle: Observer triggered with value: Success(value=com.lagradost.cloudstream3.syncproviders.providers.SimklApi$SimklSyncStatus@7b7c6cc)
05-10 10:01:09.974 31647 31647 D [SYNC_USERDATA_DEBUG]: UserData observer fired: Success
05-10 10:01:09.975 31647 31647 I SYNCVM  : setEpisodes = 1
05-10 10:01:09.975 31647 31647 D Lifecycle: Observer triggered - thread: main, value class: Success, value is Map: false
05-10 10:01:09.975 31647 31647 D Lifecycle: Observer triggered with value: Success(value=com.lagradost.cloudstream3.syncproviders.providers.SimklApi$SimklSyncStatus@eb582a)
05-10 10:01:09.975 31647 31647 D [SYNC_USERDATA_DEBUG]: UserData observer fired: Success
05-10 10:01:09.986 31647 31647 D ScrollView:  onsize change changed 
05-10 10:01:09.988 31647 31647 D [SYNC_PROVIDER_DEBUG]: Spinner onItemSelected - position: 0
05-10 10:01:09.988 31647 31647 D [SYNC_PROVIDER_DEBUG]: All Providers selected - calling updateUserData
05-10 10:01:09.988 31647 31647 I SYNCVM  : updateUserData - syncs size: 1, syncs: {simkl={"Tmdb":"289424","Imdb":"tt36732944"}}
05-10 10:01:09.988 31647 31647 I SYNCVM  : updateUserData - trying simkl with id {"Tmdb":"289424","Imdb":"tt36732944"}
05-10 10:01:09.988 31647 31647 I SYNCVM  : updateUserData - repo for simkl: true
05-10 10:01:09.988 31647 31647 D [SIMKL_ID_RESOLVE]: Resolving ID: {"Tmdb":"289424","Imdb":"tt36732944"}
05-10 10:01:09.988 31647 31647 D [SIMKL_ID_RESOLVE]: Cross-ref IDs detected: {Tmdb=289424, Imdb=tt36732944}
05-10 10:01:09.988 31647 31647 W [SIMKL_ID_RESOLVE]: All resolution methods failed
05-10 10:01:09.988 31647 31647 D [SIMKL_ID_REFACTOR]: Status called with id: {"Tmdb":"289424","Imdb":"tt36732944"}, resolved to: {"Tmdb":"289424","Imdb":"tt36732944"}
05-10 10:01:09.989 31647 31647 D [SIMKL_ID_FIX]: Using cross-ref IDs: {Tmdb=289424, Imdb=tt36732944}
05-10 10:01:09.989 31647 31647 D [SIMKL_RATE_LIMIT]: Rate limiting: waiting 703ms
05-10 10:01:09.995 31647 31647 D Lifecycle: Observer triggered - thread: main, value class: null, value is Map: false
05-10 10:01:09.996 31647 31647 D Lifecycle: Observer triggered with value: null
05-10 10:01:09.996 31647 31647 D Lifecycle: Observer triggered - thread: main, value class: Loading, value is Map: false
05-10 10:01:09.996 31647 31647 D Lifecycle: Observer triggered with value: Loading(url=null)
05-10 10:01:09.996 31647 31647 D [SYNC_USERDATA_DEBUG]: UserData observer fired: Loading
05-10 10:01:10.873 31647 31647 I VRI[MainActivity]@6091b6b: ViewPostIme pointer 0
05-10 10:01:10.874 31647 31647 I VRI[MainActivity]@6091b6b: call setFrameRateCategory for touch hint category=high hint, reason=touch, vri=VRI[MainActivity]@6091b6b
05-10 10:01:10.964 31647 31647 I VRI[MainActivity]@6091b6b: ViewPostIme pointer 1
05-10 10:01:10.965 31647 31647 D [SYNC_CLICK_DEBUG]: resultMiniSync clicked - panel state: CENTER (ordinal: 1), button visible: true, sync ids: [simkl]
05-10 10:01:10.965 31647 31647 D [SYNC_CLICK_DEBUG]: Opening start panel - preparing sync data
05-10 10:01:10.965 31647 31647 D [MINI_SYNC_DATA]: Sync data validation - hasSyncIds: true, userData: Loading, isEmptySuccess: false, needsRefresh: true
05-10 10:01:10.965 31647 31647 D [MINI_SYNC_FIX]: Sync data needs refresh - has IDs but user data is: Loading
05-10 10:01:10.965 31647 31647 D [MINI_SYNC_DATA]: Triggering updateUserData() and updateSynced()
05-10 10:01:10.965 31647 31647 I SYNCVM  : updateUserData - syncs size: 1, syncs: {simkl={"Tmdb":"289424","Imdb":"tt36732944"}}
05-10 10:01:10.965 31647 31647 I SYNCVM  : updateUserData - SKIPPED: identical request already in progress
05-10 10:01:10.965 31647 31647 I SYNCVM  : updateSynced - current syncs: [simkl]
05-10 10:01:10.966 31647 31647 I SYNCVM  : updateSynced - getMissing result: [MAL(isSynced=false), Kitsu(isSynced=false), AniList(isSynced=false), Simkl(isSynced=true), Local(isSynced=false)]
05-10 10:01:10.966 31647 31647 D Lifecycle: Observer triggered - thread: main, value class: ArrayList, value is Map: false
05-10 10:01:10.966 31647 31647 D Lifecycle: Observer triggered with value: [CurrentSynced(name=MAL, idPrefix=mal, isSynced=false, hasAccount=false, icon=2131231510), CurrentSynced(name=Kitsu, idPrefix=kitsu, isSynced=false, hasAccount=false, icon=2131231471), CurrentSynced(name=AniList, idPrefix=anilist, isSynced=false, hasAccount=true, icon=2131231150), CurrentSynced(name=Simkl, idPrefix=simkl, isSynced=true, hasAccount=true, icon=2131231835), CurrentSynced(name=Local, idPrefix=local, isSynced=false, hasAccount=false, icon=2131231222)]
05-10 10:01:10.966 31647 31647 D [SYNC_OBSERVER_LIFECYCLE]: syncModel.synced observer fired - list size: 5, binding: true, resultMiniSync: true
05-10 10:01:10.966 31647 31647 I SYNCVM  : updateSynced - _currentSynced.value set (main thread) to 5 items
05-10 10:01:10.967 31647 31647 D [MINI_SYNC_PANEL]: Unlocking start panel and requesting layout
05-10 10:01:10.967 31647 31647 D [PANEL_LOCK_DEBUG]: Set start panel lock state to UNLOCKED
05-10 10:01:10.967 31647 31647 D [PANEL_LOCK_DEBUG]: Set end panel lock state to UNLOCKED
05-10 10:01:10.967 31647 31647 D [MINI_SYNC_PANEL]: Scheduling panel open via post()
05-10 10:01:10.975 31647 31647 D [MINI_SYNC_PANEL]: Executing panel open - current panel state before open: CENTER
05-10 10:01:10.975 31647 31647 D [MINI_SYNC_PANEL]: openStartPanel returned: kotlin.Unit, panel state after open: CENTER
05-10 10:01:10.989 31647 31647 I SurfaceView: 84757330 Changes: creating=false format=false size=false visible=false alpha=false hint=false left=true top=false z=false attached=true lifecycleStrategy=false
05-10 10:01:10.989 31647 31647 I SurfaceView: 84757330 Cur surface: Surface(name=null mNativeObject=-5476376645610532240)/@0x3234428
05-10 10:01:10.989 31647 31647 D SurfaceComposerClient: setCornerRadius ## 50d4b52 SurfaceView[com.lagradost.cloudcache.prerelease/com.lagradost.cloudstream3.MainActivity]@0#774554 cornerRadius=0.000000
05-10 10:01:10.990 31647 31647 I SV[84757330 MainActivity]: updateSurface: mVisible = true mSurface.isValid() = true
05-10 10:01:10.990 31647 31647 I SV[84757330 MainActivity]: updateSurface: mSurfaceCreated = true surfaceChanged = false visibleChanged = false
05-10 10:01:10.990 31647 31647 V SurfaceView: Layout: x=10 y=141 w=2960 h=350, frame=Rect(0, 0 - 2960, 350)
05-10 10:01:10.990 31647 31647 I VRI[MainActivity]@6091b6b: registerCallbackForPendingTransactions
05-10 10:01:10.991 31647 31692 D SurfaceView: 84757330 updateSurfacePosition RenderWorker, frameNr = 4993, position = [10, 141, 2970, 491] surfaceSize = 2960x350
05-10 10:01:10.991 31647 31692 I SV[84757330 MainActivity]: uSP: rtp = Rect(10, 141 - 2970, 491) rtsw = 2960 rtsh = 350
05-10 10:01:10.991 31647 31692 I SV[84757330 MainActivity]: onSSPAndSRT: pl = 10 pt = 141 sx = 1.0 sy = 1.0
05-10 10:01:10.991 31647 31692 I SV[84757330 MainActivity]: aOrMT: VRI[MainActivity]@6091b6b t = android.view.SurfaceControl$Transaction@37c7ad4 fN = 4993 android.view.SurfaceView.-$$Nest$mapplyOrMergeTransaction:0 android.view.SurfaceView$SurfaceViewPositionUpdateListener.positionChanged:1932 android.graphics.RenderNode$CompositePositionUpdateListener.positionChanged:401 
05-10 10:01:10.991 31647 31692 I VRI[MainActivity]@6091b6b: mWNT: t=0xb4000073d4fb31d0 mBlastBufferQueue=0xb4000074e3ce1130 fn= 4993 HdrRenderState mRenderHdrSdrRatio=1.0 caller= android.view.SurfaceView.applyOrMergeTransaction:1863 android.view.SurfaceView.-$$Nest$mapplyOrMergeTransaction:0 android.view.SurfaceView$SurfaceViewPositionUpdateListener.positionChanged:1932 
05-10 10:01:10.992 31647 31712 I VRI[MainActivity]@6091b6b: mWNT: t=0xb4000073d3b51b50 mBlastBufferQueue=0xb4000074e3ce1130 fn= 4993 HdrRenderState mRenderHdrSdrRatio=1.0 caller= android.view.ViewRootImpl$10.onFrameDraw:6536 android.view.ViewRootImpl$4.onFrameDraw:2489 android.view.ThreadedRenderer$1.onFrameDraw:718 
05-10 10:01:10.996 31647 31647 I SurfaceView: 84757330 Changes: creating=false format=false size=false visible=false alpha=false hint=false left=true top=false z=false attached=true lifecycleStrategy=false
05-10 10:01:10.996 31647 31647 I SurfaceView: 84757330 Cur surface: Surface(name=null mNativeObject=-5476376645610532240)/@0x3234428
05-10 10:01:10.996 31647 31647 D SurfaceComposerClient: setCornerRadius ## 50d4b52 SurfaceView[com.lagradost.cloudcache.prerelease/com.lagradost.cloudstream3.MainActivity]@0#774554 cornerRadius=0.000000
05-10 10:01:10.996 31647 31647 I SV[84757330 MainActivity]: updateSurface: mVisible = true mSurface.isValid() = true
05-10 10:01:10.996 31647 31647 I SV[84757330 MainActivity]: updateSurface: mSurfaceCreated = true surfaceChanged = false visibleChanged = false
05-10 10:01:10.996 31647 31647 V SurfaceView: Layout: x=44 y=141 w=2960 h=350, frame=Rect(0, 0 - 2960, 350)
05-10 10:01:10.996 31647 31647 I VRI[MainActivity]@6091b6b: registerCallbackForPendingTransactions
05-10 10:01:11.003 31647 31692 D SurfaceView: 84757330 updateSurfacePosition RenderWorker, frameNr = 4994, position = [44, 141, 3005, 491] surfaceSize = 2960x350
05-10 10:01:11.003 31647 31692 I SV[84757330 MainActivity]: uSP: rtp = Rect(44, 141 - 3005, 491) rtsw = 2960 rtsh = 350
05-10 10:01:11.003 31647 31692 I SV[84757330 MainActivity]: onSSPAndSRT: pl = 44 pt = 141 sx = 1.0003378 sy = 1.0
05-10 10:01:11.003 31647 31692 I SV[84757330 MainActivity]: aOrMT: VRI[MainActivity]@6091b6b t = android.view.SurfaceControl$Transaction@37c7ad4 fN = 4994 android.view.SurfaceView.-$$Nest$mapplyOrMergeTransaction:0 android.view.SurfaceView$SurfaceViewPositionUpdateListener.positionChanged:1932 android.graphics.RenderNode$CompositePositionUpdateListener.positionChanged:401 
05-10 10:01:11.003 31647 31692 I VRI[MainActivity]@6091b6b: mWNT: t=0xb4000073d4fb31d0 mBlastBufferQueue=0xb4000074e3ce1130 fn= 4994 HdrRenderState mRenderHdrSdrRatio=1.0 caller= android.view.SurfaceView.applyOrMergeTransaction:1863 android.view.SurfaceView.-$$Nest$mapplyOrMergeTransaction:0 android.view.SurfaceView$SurfaceViewPositionUpdateListener.positionChanged:1932 
05-10 10:01:11.004 31647 31713 I VRI[MainActivity]@6091b6b: mWNT: t=0xb4000073d3cc8f90 mBlastBufferQueue=0xb4000074e3ce1130 fn= 4994 HdrRenderState mRenderHdrSdrRatio=1.0 caller= android.view.ViewRootImpl$10.onFrameDraw:6536 android.view.ViewRootImpl$4.onFrameDraw:2489 android.view.ThreadedRenderer$1.onFrameDraw:718 
05-10 10:01:11.005 31647 31647 I SurfaceView: 84757330 Changes: creating=false format=false size=false visible=false alpha=false hint=false left=true top=false z=false attached=true lifecycleStrategy=false
05-10 10:01:11.005 31647 31647 I SurfaceView: 84757330 Cur surface: Surface(name=null mNativeObject=-5476376645610532240)/@0x3234428
05-10 10:01:11.005 31647 31647 D SurfaceComposerClient: setCornerRadius ## 50d4b52 SurfaceView[com.lagradost.cloudcache.prerelease/com.lagradost.cloudstream3.MainActivity]@0#774554 cornerRadius=0.000000
05-10 10:01:11.005 31647 31647 I SV[84757330 MainActivity]: updateSurface: mVisible = true mSurface.isValid() = true
05-10 10:01:11.005 31647 31647 I SV[84757330 MainActivity]: updateSurface: mSurfaceCreated = true surfaceChanged = false visibleChanged = false
05-10 10:01:11.005 31647 31647 V SurfaceView: Layout: x=125 y=141 w=2960 h=350, frame=Rect(0, 0 - 2960, 350)
05-10 10:01:11.005 31647 31647 I VRI[MainActivity]@6091b6b: registerCallbackForPendingTransactions
05-10 10:01:11.009 31647 31692 D SurfaceView: 84757330 updateSurfacePosition RenderWorker, frameNr = 4995, position = [125, 141, 3085, 491] surfaceSize = 2960x350
05-10 10:01:11.009 31647 31692 I SV[84757330 MainActivity]: uSP: rtp = Rect(125, 141 - 3085, 491) rtsw = 2960 rtsh = 350
05-10 10:01:11.009 31647 31692 I SV[84757330 MainActivity]: onSSPAndSRT: pl = 125 pt = 141 sx = 1.0 sy = 1.0
05-10 10:01:11.009 31647 31692 I SV[84757330 MainActivity]: aOrMT: VRI[MainActivity]@6091b6b t = android.view.SurfaceControl$Transaction@37c7ad4 fN = 4995 android.view.SurfaceView.-$$Nest$mapplyOrMergeTransaction:0 android.view.SurfaceView$SurfaceViewPositionUpdateListener.positionChanged:1932 android.graphics.RenderNode$CompositePositionUpdateListener.positionChanged:401 
05-10 10:01:11.009 31647 31692 I VRI[MainActivity]@6091b6b: mWNT: t=0xb4000073d4fb31d0 mBlastBufferQueue=0xb4000074e3ce1130 fn= 4995 HdrRenderState mRenderHdrSdrRatio=1.0 caller= android.view.SurfaceView.applyOrMergeTransaction:1863 android.view.SurfaceView.-$$Nest$mapplyOrMergeTransaction:0 android.view.SurfaceView$SurfaceViewPositionUpdateListener.positionChanged:1932 
05-10 10:01:11.009 31647 31712 I VRI[MainActivity]@6091b6b: mWNT: t=0xb4000073d3c2e6d0 mBlastBufferQueue=0xb4000074e3ce1130 fn= 4995 HdrRenderState mRenderHdrSdrRatio=1.0 caller= android.view.ViewRootImpl$10.onFrameDraw:6536 android.view.ViewRootImpl$4.onFrameDraw:2489 android.view.ThreadedRenderer$1.onFrameDraw:718 
05-10 10:01:11.012 31647 31647 I SurfaceView: 84757330 Changes: creating=false format=false size=false visible=false alpha=false hint=false left=true top=false z=false attached=true lifecycleStrategy=false
05-10 10:01:11.013 31647 31647 I SurfaceView: 84757330 Cur surface: Surface(name=null mNativeObject=-5476376645610532240)/@0x3234428
05-10 10:01:11.013 31647 31647 D SurfaceComposerClient: setCornerRadius ## 50d4b52 SurfaceView[com.lagradost.cloudcache.prerelease/com.lagradost.cloudstream3.MainActivity]@0#774554 cornerRadius=0.000000
05-10 10:01:11.013 31647 31647 I SV[84757330 MainActivity]: updateSurface: mVisible = true mSurface.isValid() = true
05-10 10:01:11.013 31647 31647 I SV[84757330 MainActivity]: updateSurface: mSurfaceCreated = true surfaceChanged = false visibleChanged = false
05-10 10:01:11.013 31647 31647 V SurfaceView: Layout: x=248 y=141 w=2960 h=350, frame=Rect(0, 0 - 2960, 350)
05-10 10:01:11.013 31647 31647 I VRI[MainActivity]@6091b6b: registerCallbackForPendingTransactions
05-10 10:01:11.014 31647 31692 D SurfaceView: 84757330 updateSurfacePosition RenderWorker, frameNr = 4996, position = [248, 141, 3208, 491] surfaceSize = 2960x350
05-10 10:01:11.014 31647 31692 I SV[84757330 MainActivity]: uSP: rtp = Rect(248, 141 - 3208, 491) rtsw = 2960 rtsh = 350
05-10 10:01:11.014 31647 31692 I SV[84757330 MainActivity]: onSSPAndSRT: pl = 248 pt = 141 sx = 1.0 sy = 1.0
05-10 10:01:11.014 31647 31692 I SV[84757330 MainActivity]: aOrMT: VRI[MainActivity]@6091b6b t = android.view.SurfaceControl$Transaction@37c7ad4 fN = 4996 android.view.SurfaceView.-$$Nest$mapplyOrMergeTransaction:0 android.view.SurfaceView$SurfaceViewPositionUpdateListener.positionChanged:1932 android.graphics.RenderNode$CompositePositionUpdateListener.positionChanged:401 
05-10 10:01:11.015 31647 31692 I VRI[MainActivity]@6091b6b: mWNT: t=0xb4000073d4fb31d0 mBlastBufferQueue=0xb4000074e3ce1130 fn= 4996 HdrRenderState mRenderHdrSdrRatio=1.0 caller= android.view.SurfaceView.applyOrMergeTransaction:1863 android.view.SurfaceView.-$$Nest$mapplyOrMergeTransaction:0 android.view.SurfaceView$SurfaceViewPositionUpdateListener.positionChanged:1932 
05-10 10:01:11.015 31647 31713 I VRI[MainActivity]@6091b6b: mWNT: t=0xb4000073d4b3bd10 mBlastBufferQueue=0xb4000074e3ce1130 fn= 4996 HdrRenderState mRenderHdrSdrRatio=1.0 caller= android.view.ViewRootImpl$10.onFrameDraw:6536 android.view.ViewRootImpl$4.onFrameDraw:2489 android.view.ThreadedRenderer$1.onFrameDraw:718 
05-10 10:01:11.025 31647 31647 D [SIMKL_RATE_LIMIT]: Rate limiting: waiting 667ms
05-10 10:01:11.026 31647 31647 I SurfaceView: 84757330 Changes: creating=false format=false size=false visible=false alpha=false hint=false left=true top=false z=false attached=true lifecycleStrategy=false
05-10 10:01:11.026 31647 31647 I SurfaceView: 84757330 Cur surface: Surface(name=null mNativeObject=-5476376645610532240)/@0x3234428
05-10 10:01:11.026 31647 31647 D SurfaceComposerClient: setCornerRadius ## 50d4b52 SurfaceView[com.lagradost.cloudcache.prerelease/com.lagradost.cloudstream3.MainActivity]@0#774554 cornerRadius=0.000000
05-10 10:01:11.026 31647 31647 I SV[84757330 MainActivity]: updateSurface: mVisible = true mSurface.isValid() = true
05-10 10:01:11.026 31647 31647 I SV[84757330 MainActivity]: updateSurface: mSurfaceCreated = true surfaceChanged = false visibleChanged = false
05-10 10:01:11.026 31647 31647 V SurfaceView: Layout: x=431 y=141 w=2960 h=350, frame=Rect(0, 0 - 2960, 350)
05-10 10:01:11.026 31647 31647 I VRI[MainActivity]@6091b6b: registerCallbackForPendingTransactions
05-10 10:01:11.031 31647 31692 D SurfaceView: 84757330 updateSurfacePosition RenderWorker, frameNr = 4998, position = [430, 141, 3391, 491] surfaceSize = 2960x350
05-10 10:01:11.031 31647 31692 I SV[84757330 MainActivity]: uSP: rtp = Rect(430, 141 - 3391, 491) rtsw = 2960 rtsh = 350
05-10 10:01:11.031 31647 31692 I SV[84757330 MainActivity]: onSSPAndSRT: pl = 430 pt = 141 sx = 1.0003378 sy = 1.0
05-10 10:01:11.031 31647 31692 I SV[84757330 MainActivity]: aOrMT: VRI[MainActivity]@6091b6b t = android.view.SurfaceControl$Transaction@37c7ad4 fN = 4998 android.view.SurfaceView.-$$Nest$mapplyOrMergeTransaction:0 android.view.SurfaceView$SurfaceViewPositionUpdateListener.positionChanged:1932 android.graphics.RenderNode$CompositePositionUpdateListener.positionChanged:401 
05-10 10:01:11.031 31647 31692 I VRI[MainActivity]@6091b6b: mWNT: t=0xb4000073d4fb31d0 mBlastBufferQueue=0xb4000074e3ce1130 fn= 4998 HdrRenderState mRenderHdrSdrRatio=1.0 caller= android.view.SurfaceView.applyOrMergeTransaction:1863 android.view.SurfaceView.-$$Nest$mapplyOrMergeTransaction:0 android.view.SurfaceView$SurfaceViewPositionUpdateListener.positionChanged:1932 
05-10 10:01:11.032 31647 31712 I VRI[MainActivity]@6091b6b: mWNT: t=0xb4000073d4bbda50 mBlastBufferQueue=0xb4000074e3ce1130 fn= 4998 HdrRenderState mRenderHdrSdrRatio=1.0 caller= android.view.ViewRootImpl$10.onFrameDraw:6536 android.view.ViewRootImpl$4.onFrameDraw:2489 android.view.ThreadedRenderer$1.onFrameDraw:718 
05-10 10:01:11.032 31647 31647 I SurfaceView: 84757330 Changes: creating=false format=false size=false visible=false alpha=false hint=false left=true top=false z=false attached=true lifecycleStrategy=false
05-10 10:01:11.032 31647 31647 I SurfaceView: 84757330 Cur surface: Surface(name=null mNativeObject=-5476376645610532240)/@0x3234428
05-10 10:01:11.032 31647 31647 D SurfaceComposerClient: setCornerRadius ## 50d4b52 SurfaceView[com.lagradost.cloudcache.prerelease/com.lagradost.cloudstream3.MainActivity]@0#774554 cornerRadius=0.000000
05-10 10:01:11.032 31647 31647 I SV[84757330 MainActivity]: updateSurface: mVisible = true mSurface.isValid() = true
05-10 10:01:11.032 31647 31647 I SV[84757330 MainActivity]: updateSurface: mSurfaceCreated = true surfaceChanged = false visibleChanged = false
05-10 10:01:11.032 31647 31647 V SurfaceView: Layout: x=660 y=141 w=2960 h=350, frame=Rect(0, 0 - 2960, 350)
05-10 10:01:11.032 31647 31647 I VRI[MainActivity]@6091b6b: registerCallbackForPendingTransactions
05-10 10:01:11.039 31647 31692 D SurfaceView: 84757330 updateSurfacePosition RenderWorker, frameNr = 4999, position = [660, 141, 3620, 491] surfaceSize = 2960x350
05-10 10:01:11.040 31647 31692 I SV[84757330 MainActivity]: uSP: rtp = Rect(660, 141 - 3620, 491) rtsw = 2960 rtsh = 350
05-10 10:01:11.040 31647 31692 I SV[84757330 MainActivity]: onSSPAndSRT: pl = 660 pt = 141 sx = 1.0 sy = 1.0
05-10 10:01:11.040 31647 31692 I SV[84757330 MainActivity]: aOrMT: VRI[MainActivity]@6091b6b t = android.view.SurfaceControl$Transaction@37c7ad4 fN = 4999 android.view.SurfaceView.-$$Nest$mapplyOrMergeTransaction:0 android.view.SurfaceView$SurfaceViewPositionUpdateListener.positionChanged:1932 android.graphics.RenderNode$CompositePositionUpdateListener.positionChanged:401 
05-10 10:01:11.040 31647 31692 I VRI[MainActivity]@6091b6b: mWNT: t=0xb4000073d4fb31d0 mBlastBufferQueue=0xb4000074e3ce1130 fn= 4999 HdrRenderState mRenderHdrSdrRatio=1.0 caller= android.view.SurfaceView.applyOrMergeTransaction:1863 android.view.SurfaceView.-$$Nest$mapplyOrMergeTransaction:0 android.view.SurfaceView$SurfaceViewPositionUpdateListener.positionChanged:1932 
05-10 10:01:11.040 31647 31713 I VRI[MainActivity]@6091b6b: mWNT: t=0xb4000073d4b6abd0 mBlastBufferQueue=0xb4000074e3ce1130 fn= 4999 HdrRenderState mRenderHdrSdrRatio=1.0 caller= android.view.ViewRootImpl$10.onFrameDraw:6536 android.view.ViewRootImpl$4.onFrameDraw:2489 android.view.ThreadedRenderer$1.onFrameDraw:718 
05-10 10:01:11.041 31647 31647 I SurfaceView: 84757330 Changes: creating=false format=false size=false visible=false alpha=false hint=false left=true top=false z=false attached=true lifecycleStrategy=false
05-10 10:01:11.041 31647 31647 I SurfaceView: 84757330 Cur surface: Surface(name=null mNativeObject=-5476376645610532240)/@0x3234428
05-10 10:01:11.041 31647 31647 D SurfaceComposerClient: setCornerRadius ## 50d4b52 SurfaceView[com.lagradost.cloudcache.prerelease/com.lagradost.cloudstream3.MainActivity]@0#774554 cornerRadius=0.000000
05-10 10:01:11.041 31647 31647 I SV[84757330 MainActivity]: updateSurface: mVisible = true mSurface.isValid() = true
05-10 10:01:11.041 31647 31647 I SV[84757330 MainActivity]: updateSurface: mSurfaceCreated = true surfaceChanged = false visibleChanged = false
05-10 10:01:11.041 31647 31647 V SurfaceView: Layout: x=917 y=141 w=2960 h=350, frame=Rect(0, 0 - 2960, 350)
05-10 10:01:11.041 31647 31647 I VRI[MainActivity]@6091b6b: registerCallbackForPendingTransactions
05-10 10:01:11.048 31647 31692 D SurfaceView: 84757330 updateSurfacePosition RenderWorker, frameNr = 5000, position = [917, 141, 3877, 491] surfaceSize = 2960x350
05-10 10:01:11.048 31647 31692 I SV[84757330 MainActivity]: uSP: rtp = Rect(917, 141 - 3877, 491) rtsw = 2960 rtsh = 350
05-10 10:01:11.048 31647 31692 I SV[84757330 MainActivity]: onSSPAndSRT: pl = 917 pt = 141 sx = 1.0 sy = 1.0
05-10 10:01:11.049 31647 31692 I SV[84757330 MainActivity]: aOrMT: VRI[MainActivity]@6091b6b t = android.view.SurfaceControl$Transaction@37c7ad4 fN = 5000 android.view.SurfaceView.-$$Nest$mapplyOrMergeTransaction:0 android.view.SurfaceView$SurfaceViewPositionUpdateListener.positionChanged:1932 android.graphics.RenderNode$CompositePositionUpdateListener.positionChanged:401 
05-10 10:01:11.049 31647 31692 I VRI[MainActivity]@6091b6b: mWNT: t=0xb4000073d4fb31d0 mBlastBufferQueue=0xb4000074e3ce1130 fn= 5000 HdrRenderState mRenderHdrSdrRatio=1.0 caller= android.view.SurfaceView.applyOrMergeTransaction:1863 android.view.SurfaceView.-$$Nest$mapplyOrMergeTransaction:0 android.view.SurfaceView$SurfaceViewPositionUpdateListener.positionChanged:1932 
05-10 10:01:11.049 31647 31712 I VRI[MainActivity]@6091b6b: mWNT: t=0xb4000073d4bcbc10 mBlastBufferQueue=0xb4000074e3ce1130 fn= 5000 HdrRenderState mRenderHdrSdrRatio=1.0 caller= android.view.ViewRootImpl$10.onFrameDraw:6536 android.view.ViewRootImpl$4.onFrameDraw:2489 android.view.ThreadedRenderer$1.onFrameDraw:718 
05-10 10:01:11.051 31647 31647 I SurfaceView: 84757330 Changes: creating=false format=false size=false visible=false alpha=false hint=false left=true top=false z=false attached=true lifecycleStrategy=false
05-10 10:01:11.051 31647 31647 I SurfaceView: 84757330 Cur surface: Surface(name=null mNativeObject=-5476376645610532240)/@0x3234428
05-10 10:01:11.051 31647 31647 D SurfaceComposerClient: setCornerRadius ## 50d4b52 SurfaceView[com.lagradost.cloudcache.prerelease/com.lagradost.cloudstream3.MainActivity]@0#774554 cornerRadius=0.000000
05-10 10:01:11.051 31647 31647 I SV[84757330 MainActivity]: updateSurface: mVisible = true mSurface.isValid() = true
05-10 10:01:11.051 31647 31647 I SV[84757330 MainActivity]: updateSurface: mSurfaceCreated = true surfaceChanged = false visibleChanged = false
05-10 10:01:11.051 31647 31647 V SurfaceView: Layout: x=1109 y=141 w=2960 h=350, frame=Rect(0, 0 - 2960, 350)
05-10 10:01:11.051 31647 31647 I VRI[MainActivity]@6091b6b: registerCallbackForPendingTransactions
05-10 10:01:11.055 31647 31692 D SurfaceView: 84757330 updateSurfacePosition RenderWorker, frameNr = 5001, position = [1108, 141, 4069, 491] surfaceSize = 2960x350
05-10 10:01:11.055 31647 31692 I SV[84757330 MainActivity]: uSP: rtp = Rect(1108, 141 - 4069, 491) rtsw = 2960 rtsh = 350
05-10 10:01:11.055 31647 31692 I SV[84757330 MainActivity]: onSSPAndSRT: pl = 1108 pt = 141 sx = 1.0003378 sy = 1.0
05-10 10:01:11.055 31647 31692 I SV[84757330 MainActivity]: aOrMT: VRI[MainActivity]@6091b6b t = android.view.SurfaceControl$Transaction@37c7ad4 fN = 5001 android.view.SurfaceView.-$$Nest$mapplyOrMergeTransaction:0 android.view.SurfaceView$SurfaceViewPositionUpdateListener.positionChanged:1932 android.graphics.RenderNode$CompositePositionUpdateListener.positionChanged:401 
05-10 10:01:11.055 31647 31692 I VRI[MainActivity]@6091b6b: mWNT: t=0xb4000073d4fb31d0 mBlastBufferQueue=0xb4000074e3ce1130 fn= 5001 HdrRenderState mRenderHdrSdrRatio=1.0 caller= android.view.SurfaceView.applyOrMergeTransaction:1863 android.view.SurfaceView.-$$Nest$mapplyOrMergeTransaction:0 android.view.SurfaceView$SurfaceViewPositionUpdateListener.positionChanged:1932 
05-10 10:01:11.055 31647 31713 I VRI[MainActivity]@6091b6b: mWNT: t=0xb4000073d4b2e790 mBlastBufferQueue=0xb4000074e3ce1130 fn= 5001 HdrRenderState mRenderHdrSdrRatio=1.0 caller= android.view.ViewRootImpl$10.onFrameDraw:6536 android.view.ViewRootImpl$4.onFrameDraw:2489 android.view.ThreadedRenderer$1.onFrameDraw:718 
05-10 10:01:11.056 31647 31647 I SurfaceView: 84757330 Changes: creating=false format=false size=false visible=false alpha=false hint=false left=true top=false z=false attached=true lifecycleStrategy=false
05-10 10:01:11.056 31647 31647 I SurfaceView: 84757330 Cur surface: Surface(name=null mNativeObject=-5476376645610532240)/@0x3234428
05-10 10:01:11.056 31647 31647 D SurfaceComposerClient: setCornerRadius ## 50d4b52 SurfaceView[com.lagradost.cloudcache.prerelease/com.lagradost.cloudstream3.MainActivity]@0#774554 cornerRadius=0.000000
05-10 10:01:11.056 31647 31647 I SV[84757330 MainActivity]: updateSurface: mVisible = true mSurface.isValid() = true
05-10 10:01:11.056 31647 31647 I SV[84757330 MainActivity]: updateSurface: mSurfaceCreated = true surfaceChanged = false visibleChanged = false
05-10 10:01:11.056 31647 31647 V SurfaceView: Layout: x=1261 y=141 w=2960 h=350, frame=Rect(0, 0 - 2960, 350)
05-10 10:01:11.056 31647 31647 I VRI[MainActivity]@6091b6b: registerCallbackForPendingTransactions
05-10 10:01:11.069 31647 31692 D SurfaceView: 84757330 updateSurfacePosition RenderWorker, frameNr = 5002, position = [1261, 141, 4221, 491] surfaceSize = 2960x350
05-10 10:01:11.069 31647 31692 I SV[84757330 MainActivity]: uSP: rtp = Rect(1261, 141 - 4221, 491) rtsw = 2960 rtsh = 350
05-10 10:01:11.069 31647 31692 I SV[84757330 MainActivity]: onSSPAndSRT: pl = 1261 pt = 141 sx = 1.0 sy = 1.0
05-10 10:01:11.070 31647 31692 I SV[84757330 MainActivity]: aOrMT: VRI[MainActivity]@6091b6b t = android.view.SurfaceControl$Transaction@37c7ad4 fN = 5002 android.view.SurfaceView.-$$Nest$mapplyOrMergeTransaction:0 android.view.SurfaceView$SurfaceViewPositionUpdateListener.positionChanged:1932 android.graphics.RenderNode$CompositePositionUpdateListener.positionChanged:401 
05-10 10:01:11.070 31647 31692 I VRI[MainActivity]@6091b6b: mWNT: t=0xb4000073d4fb31d0 mBlastBufferQueue=0xb4000074e3ce1130 fn= 5002 HdrRenderState mRenderHdrSdrRatio=1.0 caller= android.view.SurfaceView.applyOrMergeTransaction:1863 android.view.SurfaceView.-$$Nest$mapplyOrMergeTransaction:0 android.view.SurfaceView$SurfaceViewPositionUpdateListener.positionChanged:1932 
05-10 10:01:11.071 31647 31712 I VRI[MainActivity]@6091b6b: mWNT: t=0xb4000073d4b3e1d0 mBlastBufferQueue=0xb4000074e3ce1130 fn= 5002 HdrRenderState mRenderHdrSdrRatio=1.0 caller= android.view.ViewRootImpl$10.onFrameDraw:6536 android.view.ViewRootImpl$4.onFrameDraw:2489 android.view.ThreadedRenderer$1.onFrameDraw:718 
05-10 10:01:11.071 31647 31647 I SurfaceView: 84757330 Changes: creating=false format=false size=false visible=false alpha=false hint=false left=true top=false z=false attached=true lifecycleStrategy=false
05-10 10:01:11.071 31647 31647 I SurfaceView: 84757330 Cur surface: Surface(name=null mNativeObject=-5476376645610532240)/@0x3234428
05-10 10:01:11.071 31647 31647 D SurfaceComposerClient: setCornerRadius ## 50d4b52 SurfaceView[com.lagradost.cloudcache.prerelease/com.lagradost.cloudstream3.MainActivity]@0#774554 cornerRadius=0.000000
05-10 10:01:11.071 31647 31647 I SV[84757330 MainActivity]: updateSurface: mVisible = true mSurface.isValid() = true
05-10 10:01:11.071 31647 31647 I SV[84757330 MainActivity]: updateSurface: mSurfaceCreated = true surfaceChanged = false visibleChanged = false
05-10 10:01:11.071 31647 31647 V SurfaceView: Layout: x=1487 y=141 w=2960 h=350, frame=Rect(0, 0 - 2960, 350)
05-10 10:01:11.071 31647 31647 I VRI[MainActivity]@6091b6b: registerCallbackForPendingTransactions
05-10 10:01:11.077 31647 31692 D SurfaceView: 84757330 updateSurfacePosition RenderWorker, frameNr = 5003, position = [1487, 141, 4447, 491] surfaceSize = 2960x350
05-10 10:01:11.078 31647 31692 I SV[84757330 MainActivity]: uSP: rtp = Rect(1487, 141 - 4447, 491) rtsw = 2960 rtsh = 350
05-10 10:01:11.078 31647 31692 I SV[84757330 MainActivity]: onSSPAndSRT: pl = 1487 pt = 141 sx = 1.0 sy = 1.0
05-10 10:01:11.078 31647 31692 I SV[84757330 MainActivity]: aOrMT: VRI[MainActivity]@6091b6b t = android.view.SurfaceControl$Transaction@37c7ad4 fN = 5003 android.view.SurfaceView.-$$Nest$mapplyOrMergeTransaction:0 android.view.SurfaceView$SurfaceViewPositionUpdateListener.positionChanged:1932 android.graphics.RenderNode$CompositePositionUpdateListener.positionChanged:401 
05-10 10:01:11.078 31647 31692 I VRI[MainActivity]@6091b6b: mWNT: t=0xb4000073d4fb31d0 mBlastBufferQueue=0xb4000074e3ce1130 fn= 5003 HdrRenderState mRenderHdrSdrRatio=1.0 caller= android.view.SurfaceView.applyOrMergeTransaction:1863 android.view.SurfaceView.-$$Nest$mapplyOrMergeTransaction:0 android.view.SurfaceView$SurfaceViewPositionUpdateListener.positionChanged:1932 
05-10 10:01:11.078 31647 31713 I VRI[MainActivity]@6091b6b: mWNT: t=0xb4000073d4339cd0 mBlastBufferQueue=0xb4000074e3ce1130 fn= 5003 HdrRenderState mRenderHdrSdrRatio=1.0 caller= android.view.ViewRootImpl$10.onFrameDraw:6536 android.view.ViewRootImpl$4.onFrameDraw:2489 android.view.ThreadedRenderer$1.onFrameDraw:718 
05-10 10:01:11.079 31647 31647 I SurfaceView: 84757330 Changes: creating=false format=false size=false visible=false alpha=false hint=false left=true top=false z=false attached=true lifecycleStrategy=false
05-10 10:01:11.079 31647 31647 I SurfaceView: 84757330 Cur surface: Surface(name=null mNativeObject=-5476376645610532240)/@0x3234428
05-10 10:01:11.079 31647 31647 D SurfaceComposerClient: setCornerRadius ## 50d4b52 SurfaceView[com.lagradost.cloudcache.prerelease/com.lagradost.cloudstream3.MainActivity]@0#774554 cornerRadius=0.000000
05-10 10:01:11.079 31647 31647 I SV[84757330 MainActivity]: updateSurface: mVisible = true mSurface.isValid() = true
05-10 10:01:11.079 31647 31647 I SV[84757330 MainActivity]: updateSurface: mSurfaceCreated = true surfaceChanged = false visibleChanged = false
05-10 10:01:11.079 31647 31647 V SurfaceView: Layout: x=1560 y=141 w=2960 h=350, frame=Rect(0, 0 - 2960, 350)
05-10 10:01:11.079 31647 31647 I VRI[MainActivity]@6091b6b: registerCallbackForPendingTransactions
05-10 10:01:11.083 31647 31692 D SurfaceView: 84757330 updateSurfacePosition RenderWorker, frameNr = 5004, position = [1560, 141, 4520, 491] surfaceSize = 2960x350
05-10 10:01:11.083 31647 31692 I SV[84757330 MainActivity]: uSP: rtp = Rect(1560, 141 - 4520, 491) rtsw = 2960 rtsh = 350
05-10 10:01:11.084 31647 31692 I SV[84757330 MainActivity]: onSSPAndSRT: pl = 1560 pt = 141 sx = 1.0 sy = 1.0
05-10 10:01:11.084 31647 31692 I SV[84757330 MainActivity]: aOrMT: VRI[MainActivity]@6091b6b t = android.view.SurfaceControl$Transaction@37c7ad4 fN = 5004 android.view.SurfaceView.-$$Nest$mapplyOrMergeTransaction:0 android.view.SurfaceView$SurfaceViewPositionUpdateListener.positionChanged:1932 android.graphics.RenderNode$CompositePositionUpdateListener.positionChanged:401 
05-10 10:01:11.084 31647 31692 I VRI[MainActivity]@6091b6b: mWNT: t=0xb4000073d4fb31d0 mBlastBufferQueue=0xb4000074e3ce1130 fn= 5004 HdrRenderState mRenderHdrSdrRatio=1.0 caller= android.view.SurfaceView.applyOrMergeTransaction:1863 android.view.SurfaceView.-$$Nest$mapplyOrMergeTransaction:0 android.view.SurfaceView$SurfaceViewPositionUpdateListener.positionChanged:1932 
05-10 10:01:11.084 31647 31712 I VRI[MainActivity]@6091b6b: mWNT: t=0xb4000073d4393290 mBlastBufferQueue=0xb4000074e3ce1130 fn= 5004 HdrRenderState mRenderHdrSdrRatio=1.0 caller= android.view.ViewRootImpl$10.onFrameDraw:6536 android.view.ViewRootImpl$4.onFrameDraw:2489 android.view.ThreadedRenderer$1.onFrameDraw:718 
05-10 10:01:11.088 31647 31647 I SurfaceView: 84757330 Changes: creating=false format=false size=false visible=false alpha=false hint=false left=true top=false z=false attached=true lifecycleStrategy=false
05-10 10:01:11.088 31647 31647 I SurfaceView: 84757330 Cur surface: Surface(name=null mNativeObject=-5476376645610532240)/@0x3234428
05-10 10:01:11.088 31647 31647 D SurfaceComposerClient: setCornerRadius ## 50d4b52 SurfaceView[com.lagradost.cloudcache.prerelease/com.lagradost.cloudstream3.MainActivity]@0#774554 cornerRadius=0.000000
05-10 10:01:11.088 31647 31647 I SV[84757330 MainActivity]: updateSurface: mVisible = true mSurface.isValid() = true
05-10 10:01:11.088 31647 31647 I SV[84757330 MainActivity]: updateSurface: mSurfaceCreated = true surfaceChanged = false visibleChanged = false
05-10 10:01:11.088 31647 31647 V SurfaceView: Layout: x=1618 y=141 w=2960 h=350, frame=Rect(0, 0 - 2960, 350)
05-10 10:01:11.088 31647 31647 I VRI[MainActivity]@6091b6b: registerCallbackForPendingTransactions
05-10 10:01:11.090 31647 31692 D SurfaceView: 84757330 updateSurfacePosition RenderWorker, frameNr = 5005, position = [1618, 141, 4578, 491] surfaceSize = 2960x350
05-10 10:01:11.091 31647 31692 I SV[84757330 MainActivity]: uSP: rtp = Rect(1618, 141 - 4578, 491) rtsw = 2960 rtsh = 350
05-10 10:01:11.091 31647 31692 I SV[84757330 MainActivity]: onSSPAndSRT: pl = 1618 pt = 141 sx = 1.0 sy = 1.0
05-10 10:01:11.091 31647 31692 I SV[84757330 MainActivity]: aOrMT: VRI[MainActivity]@6091b6b t = android.view.SurfaceControl$Transaction@37c7ad4 fN = 5005 android.view.SurfaceView.-$$Nest$mapplyOrMergeTransaction:0 android.view.SurfaceView$SurfaceViewPositionUpdateListener.positionChanged:1932 android.graphics.RenderNode$CompositePositionUpdateListener.positionChanged:401 
05-10 10:01:11.091 31647 31692 I VRI[MainActivity]@6091b6b: mWNT: t=0xb4000073d4fb31d0 mBlastBufferQueue=0xb4000074e3ce1130 fn= 5005 HdrRenderState mRenderHdrSdrRatio=1.0 caller= android.view.SurfaceView.applyOrMergeTransaction:1863 android.view.SurfaceView.-$$Nest$mapplyOrMergeTransaction:0 android.view.SurfaceView$SurfaceViewPositionUpdateListener.positionChanged:1932 
05-10 10:01:11.091 31647 31713 I VRI[MainActivity]@6091b6b: mWNT: t=0xb4000073d4bc0b50 mBlastBufferQueue=0xb4000074e3ce1130 fn= 5005 HdrRenderState mRenderHdrSdrRatio=1.0 caller= android.view.ViewRootImpl$10.onFrameDraw:6536 android.view.ViewRootImpl$4.onFrameDraw:2489 android.view.ThreadedRenderer$1.onFrameDraw:718 
05-10 10:01:11.096 31647 31647 I SurfaceView: 84757330 Changes: creating=false format=false size=false visible=false alpha=false hint=false left=true top=false z=false attached=true lifecycleStrategy=false
05-10 10:01:11.096 31647 31647 I SurfaceView: 84757330 Cur surface: Surface(name=null mNativeObject=-5476376645610532240)/@0x3234428
05-10 10:01:11.097 31647 31647 D SurfaceComposerClient: setCornerRadius ## 50d4b52 SurfaceView[com.lagradost.cloudcache.prerelease/com.lagradost.cloudstream3.MainActivity]@0#774554 cornerRadius=0.000000
05-10 10:01:11.097 31647 31647 I SV[84757330 MainActivity]: updateSurface: mVisible = true mSurface.isValid() = true
05-10 10:01:11.097 31647 31647 I SV[84757330 MainActivity]: updateSurface: mSurfaceCreated = true surfaceChanged = false visibleChanged = false
05-10 10:01:11.097 31647 31647 V SurfaceView: Layout: x=1668 y=141 w=2960 h=350, frame=Rect(0, 0 - 2960, 350)
05-10 10:01:11.097 31647 31647 I VRI[MainActivity]@6091b6b: registerCallbackForPendingTransactions
05-10 10:01:11.106 31647 31692 D SurfaceView: 84757330 updateSurfacePosition RenderWorker, frameNr = 5007, position = [1668, 141, 4628, 491] surfaceSize = 2960x350
05-10 10:01:11.106 31647 31692 I SV[84757330 MainActivity]: uSP: rtp = Rect(1668, 141 - 4628, 491) rtsw = 2960 rtsh = 350
05-10 10:01:11.106 31647 31692 I SV[84757330 MainActivity]: onSSPAndSRT: pl = 1668 pt = 141 sx = 1.0 sy = 1.0
05-10 10:01:11.106 31647 31692 I SV[84757330 MainActivity]: aOrMT: VRI[MainActivity]@6091b6b t = android.view.SurfaceControl$Transaction@37c7ad4 fN = 5007 android.view.SurfaceView.-$$Nest$mapplyOrMergeTransaction:0 android.view.SurfaceView$SurfaceViewPositionUpdateListener.positionChanged:1932 android.graphics.RenderNode$CompositePositionUpdateListener.positionChanged:401 
05-10 10:01:11.106 31647 31692 I VRI[MainActivity]@6091b6b: mWNT: t=0xb4000073d4fb31d0 mBlastBufferQueue=0xb4000074e3ce1130 fn= 5007 HdrRenderState mRenderHdrSdrRatio=1.0 caller= android.view.SurfaceView.applyOrMergeTransaction:1863 android.view.SurfaceView.-$$Nest$mapplyOrMergeTransaction:0 android.view.SurfaceView$SurfaceViewPositionUpdateListener.positionChanged:1932 
05-10 10:01:11.107 31647 31712 I VRI[MainActivity]@6091b6b: mWNT: t=0xb4000073d4ba7710 mBlastBufferQueue=0xb4000074e3ce1130 fn= 5007 HdrRenderState mRenderHdrSdrRatio=1.0 caller= android.view.ViewRootImpl$10.onFrameDraw:6536 android.view.ViewRootImpl$4.onFrameDraw:2489 android.view.ThreadedRenderer$1.onFrameDraw:718 
05-10 10:01:11.107 31647 31647 I SurfaceView: 84757330 Changes: creating=false format=false size=false visible=false alpha=false hint=false left=true top=false z=false attached=true lifecycleStrategy=false
05-10 10:01:11.107 31647 31647 I SurfaceView: 84757330 Cur surface: Surface(name=null mNativeObject=-5476376645610532240)/@0x3234428
