05-15 22:29:52.036 24824 24874 D CacheFlow: [METADATA_ONLY] Caching episode 14 season 1 with dubStatus: None
05-15 22:29:52.037 24824 24874 D CacheFlow: [CACHE_LOOP] Episode cached successfully, calling updateParentIndex
05-15 22:29:52.038 24824 24874 D CacheFlow: updateParentIndex - parentId: -41605842, episodeId: -41505827, indexKey: episode_parent_index_-41605842, currentIds: 30, updatedIds: 30
05-15 22:29:52.038 24824 24874 D CacheFlow: [CACHE_LOOP] Processing episode 15 season 1 id -41505826 dubStatus None
05-15 22:29:52.038 24824 24874 D CacheFlow: [CACHE_LOOP] Episode not cached, will cache now
05-15 22:29:52.038 24824 24874 D CacheFlow: [METADATA_ONLY] Caching episode 15 season 1 with dubStatus: None
05-15 22:29:52.039 24824 24874 D CacheFlow: [CACHE_LOOP] Episode cached successfully, calling updateParentIndex
05-15 22:29:52.040 24824 24874 D CacheFlow: updateParentIndex - parentId: -41605842, episodeId: -41505826, indexKey: episode_parent_index_-41605842, currentIds: 30, updatedIds: 30
05-15 22:29:52.040 24824 24874 D CacheFlow: [CACHE_LOOP] Processing episode 1 season 2 id -41405840 dubStatus None
05-15 22:29:52.040 24824 24874 D CacheFlow: [CACHE_LOOP] Episode not cached, will cache now
05-15 22:29:52.040 24824 24874 D CacheFlow: [METADATA_ONLY] Caching episode 1 season 2 with dubStatus: None
05-15 22:29:52.041 24824 24874 D CacheFlow: [CACHE_LOOP] Episode cached successfully, calling updateParentIndex
05-15 22:29:52.042 24824 24874 D CacheFlow: updateParentIndex - parentId: -41605842, episodeId: -41405840, indexKey: episode_parent_index_-41605842, currentIds: 30, updatedIds: 30
05-15 22:29:52.042 24824 24874 D CacheFlow: [CACHE_LOOP] Processing episode 2 season 2 id -41405839 dubStatus None
05-15 22:29:52.042 24824 24874 D CacheFlow: [CACHE_LOOP] Episode not cached, will cache now
05-15 22:29:52.042 24824 24874 D CacheFlow: [METADATA_ONLY] Caching episode 2 season 2 with dubStatus: None
05-15 22:29:52.043 24824 24874 D CacheFlow: [CACHE_LOOP] Episode cached successfully, calling updateParentIndex
05-15 22:29:52.044 24824 24874 D CacheFlow: updateParentIndex - parentId: -41605842, episodeId: -41405839, indexKey: episode_parent_index_-41605842, currentIds: 30, updatedIds: 30
05-15 22:29:52.044 24824 24874 D CacheFlow: [CACHE_LOOP] Processing episode 3 season 2 id -41405838 dubStatus None
05-15 22:29:52.044 24824 24874 D CacheFlow: [CACHE_LOOP] Episode not cached, will cache now
05-15 22:29:52.044 24824 24874 D CacheFlow: [METADATA_ONLY] Caching episode 3 season 2 with dubStatus: None
05-15 22:29:52.045 24824 24874 D CacheFlow: [CACHE_LOOP] Episode cached successfully, calling updateParentIndex
05-15 22:29:52.046 24824 24874 D CacheFlow: updateParentIndex - parentId: -41605842, episodeId: -41405838, indexKey: episode_parent_index_-41605842, currentIds: 30, updatedIds: 30
05-15 22:29:52.046 24824 24874 D CacheFlow: [CACHE_LOOP] Processing episode 4 season 2 id -41405837 dubStatus None
05-15 22:29:52.046 24824 24874 D CacheFlow: [CACHE_LOOP] Episode not cached, will cache now
05-15 22:29:52.046 24824 24874 D CacheFlow: [METADATA_ONLY] Caching episode 4 season 2 with dubStatus: None
05-15 22:29:52.047 24824 24874 D CacheFlow: [CACHE_LOOP] Episode cached successfully, calling updateParentIndex
05-15 22:29:52.048 24824 24874 D CacheFlow: updateParentIndex - parentId: -41605842, episodeId: -41405837, indexKey: episode_parent_index_-41605842, currentIds: 30, updatedIds: 30
05-15 22:29:52.048 24824 24874 D CacheFlow: [CACHE_LOOP] Processing episode 5 season 2 id -41405836 dubStatus None
05-15 22:29:52.048 24824 24874 D CacheFlow: [CACHE_LOOP] Episode not cached, will cache now
05-15 22:29:52.048 24824 24874 D CacheFlow: [METADATA_ONLY] Caching episode 5 season 2 with dubStatus: None
05-15 22:29:52.049 24824 24874 D CacheFlow: [CACHE_LOOP] Episode cached successfully, calling updateParentIndex
05-15 22:29:52.050 24824 24874 D CacheFlow: updateParentIndex - parentId: -41605842, episodeId: -41405836, indexKey: episode_parent_index_-41605842, currentIds: 30, updatedIds: 30
05-15 22:29:52.100 24824 24936 D CacheFlow: [CACHE_LOOP] Processing episode 6 season 2 id -41405835 dubStatus None
05-15 22:29:52.100 24824 24936 D CacheFlow: [CACHE_LOOP] Episode not cached, will cache now
05-15 22:29:52.100 24824 24936 D CacheFlow: [METADATA_ONLY] Caching episode 6 season 2 with dubStatus: None
05-15 22:29:52.101 24824 24936 D CacheFlow: [CACHE_LOOP] Episode cached successfully, calling updateParentIndex
05-15 22:29:52.102 24824 24936 D CacheFlow: updateParentIndex - parentId: -41605842, episodeId: -41405835, indexKey: episode_parent_index_-41605842, currentIds: 30, updatedIds: 30
05-15 22:29:52.102 24824 24936 D CacheFlow: [CACHE_LOOP] Processing episode 7 season 2 id -41405834 dubStatus None
05-15 22:29:52.102 24824 24936 D CacheFlow: [CACHE_LOOP] Episode not cached, will cache now
05-15 22:29:52.102 24824 24936 D CacheFlow: [METADATA_ONLY] Caching episode 7 season 2 with dubStatus: None
05-15 22:29:52.103 24824 24936 D CacheFlow: [CACHE_LOOP] Episode cached successfully, calling updateParentIndex
05-15 22:29:52.104 24824 24936 D CacheFlow: updateParentIndex - parentId: -41605842, episodeId: -41405834, indexKey: episode_parent_index_-41605842, currentIds: 30, updatedIds: 30
05-15 22:29:52.104 24824 24936 D CacheFlow: [CACHE_LOOP] Processing episode 8 season 2 id -41405833 dubStatus None
05-15 22:29:52.104 24824 24936 D CacheFlow: [CACHE_LOOP] Episode not cached, will cache now
05-15 22:29:52.104 24824 24936 D CacheFlow: [METADATA_ONLY] Caching episode 8 season 2 with dubStatus: None
05-15 22:29:52.106 24824 24936 D CacheFlow: [CACHE_LOOP] Episode cached successfully, calling updateParentIndex
05-15 22:29:52.107 24824 24936 D CacheFlow: updateParentIndex - parentId: -41605842, episodeId: -41405833, indexKey: episode_parent_index_-41605842, currentIds: 30, updatedIds: 30
05-15 22:29:52.107 24824 24936 D CacheFlow: [CACHE_LOOP] Processing episode 9 season 2 id -41405832 dubStatus None
05-15 22:29:52.107 24824 24936 D CacheFlow: [CACHE_LOOP] Episode not cached, will cache now
05-15 22:29:52.107 24824 24936 D CacheFlow: [METADATA_ONLY] Caching episode 9 season 2 with dubStatus: None
05-15 22:29:52.108 24824 24936 D CacheFlow: [CACHE_LOOP] Episode cached successfully, calling updateParentIndex
05-15 22:29:52.109 24824 24936 D CacheFlow: updateParentIndex - parentId: -41605842, episodeId: -41405832, indexKey: episode_parent_index_-41605842, currentIds: 30, updatedIds: 30
05-15 22:29:52.109 24824 24936 D CacheFlow: [CACHE_LOOP] Processing episode 10 season 2 id -41405831 dubStatus None
05-15 22:29:52.109 24824 24936 D CacheFlow: [CACHE_LOOP] Episode not cached, will cache now
05-15 22:29:52.109 24824 24936 D CacheFlow: [METADATA_ONLY] Caching episode 10 season 2 with dubStatus: None
05-15 22:29:52.110 24824 24936 D CacheFlow: [CACHE_LOOP] Episode cached successfully, calling updateParentIndex
05-15 22:29:52.111 24824 24936 D CacheFlow: updateParentIndex - parentId: -41605842, episodeId: -41405831, indexKey: episode_parent_index_-41605842, currentIds: 30, updatedIds: 30
05-15 22:29:52.111 24824 24936 D CacheFlow: [CACHE_LOOP] Processing episode 11 season 2 id -41405830 dubStatus None
05-15 22:29:52.111 24824 24936 D CacheFlow: [CACHE_LOOP] Episode not cached, will cache now
05-15 22:29:52.111 24824 24936 D CacheFlow: [METADATA_ONLY] Caching episode 11 season 2 with dubStatus: None
05-15 22:29:52.112 24824 24936 D CacheFlow: [CACHE_LOOP] Episode cached successfully, calling updateParentIndex
05-15 22:29:52.113 24824 24936 D CacheFlow: updateParentIndex - parentId: -41605842, episodeId: -41405830, indexKey: episode_parent_index_-41605842, currentIds: 30, updatedIds: 30
05-15 22:29:52.113 24824 24936 D CacheFlow: [CACHE_LOOP] Processing episode 12 season 2 id -41405829 dubStatus None
05-15 22:29:52.113 24824 24936 D CacheFlow: [CACHE_LOOP] Episode not cached, will cache now
05-15 22:29:52.113 24824 24936 D CacheFlow: [METADATA_ONLY] Caching episode 12 season 2 with dubStatus: None
05-15 22:29:52.114 24824 24936 D CacheFlow: [CACHE_LOOP] Episode cached successfully, calling updateParentIndex
05-15 22:29:52.116 24824 24936 D CacheFlow: updateParentIndex - parentId: -41605842, episodeId: -41405829, indexKey: episode_parent_index_-41605842, currentIds: 30, updatedIds: 30
05-15 22:29:52.116 24824 24936 D CacheFlow: [CACHE_LOOP] Processing episode 13 season 2 id -41405828 dubStatus None
05-15 22:29:52.116 24824 24936 D CacheFlow: [CACHE_LOOP] Episode not cached, will cache now
05-15 22:29:52.116 24824 24936 D CacheFlow: [METADATA_ONLY] Caching episode 13 season 2 with dubStatus: None
05-15 22:29:52.117 24824 24936 D CacheFlow: [CACHE_LOOP] Episode cached successfully, calling updateParentIndex
05-15 22:29:52.118 24824 24936 D CacheFlow: updateParentIndex - parentId: -41605842, episodeId: -41405828, indexKey: episode_parent_index_-41605842, currentIds: 30, updatedIds: 30
05-15 22:29:52.118 24824 24936 D CacheFlow: [CACHE_LOOP] Processing episode 14 season 2 id -41405827 dubStatus None
05-15 22:29:52.118 24824 24936 D CacheFlow: [CACHE_LOOP] Episode not cached, will cache now
05-15 22:29:52.118 24824 24936 D CacheFlow: [METADATA_ONLY] Caching episode 14 season 2 with dubStatus: None
05-15 22:29:52.119 24824 24936 D CacheFlow: [CACHE_LOOP] Episode cached successfully, calling updateParentIndex
05-15 22:29:52.120 24824 24936 D CacheFlow: updateParentIndex - parentId: -41605842, episodeId: -41405827, indexKey: episode_parent_index_-41605842, currentIds: 30, updatedIds: 30
05-15 22:29:52.120 24824 24936 D CacheFlow: [CACHE_LOOP] Processing episode 15 season 2 id -41405826 dubStatus None
05-15 22:29:52.120 24824 24936 D CacheFlow: [CACHE_LOOP] Episode not cached, will cache now
05-15 22:29:52.120 24824 24936 D CacheFlow: [METADATA_ONLY] Caching episode 15 season 2 with dubStatus: None
05-15 22:29:52.121 24824 24936 D CacheFlow: [CACHE_LOOP] Episode cached successfully, calling updateParentIndex
05-15 22:29:52.122 24824 24936 D CacheFlow: updateParentIndex - parentId: -41605842, episodeId: -41405826, indexKey: episode_parent_index_-41605842, currentIds: 30, updatedIds: 30
05-15 22:29:52.172 24824 24879 D cacheDataDebug: [METADATA_ONLY] Episode caching completed - updating header to metadataOnlyMode=false
05-15 22:29:52.393 24824 24824 D Lifecycle: Observer triggered - thread: main, value class: ArrayList, value is Map: false
05-15 22:29:52.393 24824 24824 D Lifecycle: Observer triggered with value: [(resId = 2132018366
05-15 22:29:52.393 24824 24824 D Lifecycle: args = [], NUMBER_ASC), (resId = 2132018367
05-15 22:29:52.393 24824 24824 D Lifecycle: args = [], NUMBER_DESC), (resId = 2132018364
05-15 22:29:52.393 24824 24824 D Lifecycle: args = [], DATE_NEWEST), (resId = 2132018365
05-15 22:29:52.393 24824 24824 D Lifecycle: args = [], DATE_OLDEST)]
05-15 22:29:52.394 24824 24824 D Lifecycle: Observer triggered - thread: main, value class: Loading, value is Map: false
05-15 22:29:52.394 24824 24824 D Lifecycle: Observer triggered with value: Loading(url=null)
05-15 22:29:52.394 24824 24824 D [SYNC_USERDATA_DEBUG]: UserData observer fired: Loading
05-15 22:29:52.394 24824 24824 D Lifecycle: Observer triggered - thread: main, value class: Failure, value is Map: false
05-15 22:29:52.394 24824 24824 D Lifecycle: Observer triggered with value: Failure(isNetworkError=false, errorString=No data)
05-15 22:29:52.394 24824 24824 D [SYNC_METADATA_DEBUG]: Metadata observer fired: Failure
05-15 22:29:52.394 24824 24824 D [SYNC_METADATA_DEBUG]: Metadata Failure: No data
05-15 22:29:52.394 24824 24824 I Choreographer: Skipped 47 frames!  The application may be doing too much work on its main thread.
05-15 22:29:52.501 24824 24833 I ache.prerelease: Background young concurrent mark compact GC freed 39MB AllocSpace bytes, 38(1560KB) LOS objects, 31% free, 85MB/123MB, paused 949us,1.472ms total 132.309ms
05-15 22:29:52.581 24824 24824 I VRI[MainActivity]@d07b781: call setFrameRateCategory for touch hint category=no preference, reason=boost timeout, vri=VRI[MainActivity]@d07b781
05-15 22:29:52.632 24824 24824 D [SIMKL_RATE_LIMIT]: Rate limiting: waiting 363ms
05-15 22:29:53.307 24824 24824 I SYNCVM  : updateUserData - status result for simkl: isSuccess=true, isFailure=false
05-15 22:29:53.307 24824 24824 I SYNCVM  : updateUserData - SUCCESS for simkl with non-null status, isValid: true
05-15 22:29:53.307 24824 24824 I SYNCVM  : updateUserData - providers with valid status: [simkl]
05-15 22:29:53.307 24824 24824 I SYNCVM  : updateUserData - tried 1 APIs, anySuccess: true, status is null: false
05-15 22:29:53.307 24824 24824 I SYNCVM  : updateUserData - request completed, flag released
05-15 22:29:53.308 24824 24824 D Lifecycle: Observer triggered - thread: main, value class: LinkedHashSet, value is Map: false
05-15 22:29:53.308 24824 24824 D Lifecycle: Observer triggered with value: [simkl]
05-15 22:29:53.308 24824 24824 D [SYNC_PROVIDER_DEBUG]: Providers with valid status observer fired: [simkl], selectedProvider: null
05-15 22:29:53.308 24824 24824 D [SYNC_PROVIDER_DEBUG]: Filtered synced providers: [Simkl]
05-15 22:29:53.309 24824 24824 D [SYNC_PROVIDER_DEBUG]: Updated status text to: Currently tracked on Simkl
05-15 22:29:53.309 24824 24824 D Lifecycle: Observer triggered - thread: main, value class: Success, value is Map: false
05-15 22:29:53.309 24824 24824 D Lifecycle: Observer triggered with value: Success(value=com.lagradost.cloudstream3.syncproviders.providers.SimklApi$SimklSyncStatus@cdbbfe6)
05-15 22:29:53.309 24824 24824 D [SYNC_USERDATA_DEBUG]: UserData observer fired: Success
05-15 22:29:53.310 24824 24824 I SYNCVM  : setEpisodes = 5
05-15 22:29:53.310 24824 24824 D Lifecycle: Observer triggered - thread: main, value class: Success, value is Map: false
05-15 22:29:53.310 24824 24824 D Lifecycle: Observer triggered with value: Success(value=com.lagradost.cloudstream3.syncproviders.providers.SimklApi$SimklSyncStatus@29dbd7d)
05-15 22:29:53.310 24824 24824 D [SYNC_USERDATA_DEBUG]: UserData observer fired: Success
05-15 22:29:53.327 24824 24824 D ScrollView:  onsize change changed 
05-15 22:29:53.334 24824 24824 D [SYNC_PROVIDER_DEBUG]: Spinner onItemSelected - position: 0
05-15 22:29:53.334 24824 24824 D [SYNC_PROVIDER_DEBUG]: All Providers selected - calling updateUserData
05-15 22:29:53.334 24824 24824 I SYNCVM  : updateUserData - syncs size: 1, syncs: {simkl={"Imdb":"tt31938062"}}
05-15 22:29:53.334 24824 24824 I SYNCVM  : updateUserData - trying simkl with id {"Imdb":"tt31938062"}
05-15 22:29:53.334 24824 24824 I SYNCVM  : updateUserData - repo for simkl: true
05-15 22:29:53.334 24824 24824 D [SIMKL_ID_RESOLVE]: Resolving ID: {"Imdb":"tt31938062"}
05-15 22:29:53.334 24824 24824 D [SIMKL_ID_RESOLVE]: Cross-ref IDs detected: {Imdb=tt31938062}
05-15 22:29:53.334 24824 24824 W [SIMKL_ID_RESOLVE]: All resolution methods failed
05-15 22:29:53.334 24824 24824 D [SIMKL_ID_REFACTOR]: Status called with id: {"Imdb":"tt31938062"}, resolved to: {"Imdb":"tt31938062"}
05-15 22:29:53.334 24824 24824 D [SIMKL_ID_FIX]: Using cross-ref IDs: {Imdb=tt31938062}
05-15 22:29:53.335 24824 24824 D [SIMKL_RATE_LIMIT]: Rate limiting: waiting 660ms
05-15 22:29:53.340 24824 24824 D Lifecycle: Observer triggered - thread: main, value class: null, value is Map: false
05-15 22:29:53.340 24824 24824 D Lifecycle: Observer triggered with value: null
05-15 22:29:53.340 24824 24824 D Lifecycle: Observer triggered - thread: main, value class: Loading, value is Map: false
05-15 22:29:53.340 24824 24824 D Lifecycle: Observer triggered with value: Loading(url=null)
05-15 22:29:53.340 24824 24824 D [SYNC_USERDATA_DEBUG]: UserData observer fired: Loading
05-15 22:29:54.172 24824 24824 I VRI[MainActivity]@d07b781: ViewPostIme pointer 0
05-15 22:29:54.175 24824 24824 I VRI[MainActivity]@d07b781: call setFrameRateCategory for touch hint category=high hint, reason=touch, vri=VRI[MainActivity]@d07b781
05-15 22:29:54.294 24824 24824 I VRI[MainActivity]@d07b781: ViewPostIme pointer 1
05-15 22:29:54.318 24824 24824 I Dialog  : mIsDeviceDefault = false, mIsSamsungBasicInteraction = false, isMetaDataInActivity = false
05-15 22:29:54.320 24824 24824 I DecorView: setWindowBackground: isPopOver=false color=ff010102 d=android.graphics.drawable.InsetDrawable@89fc6ef
05-15 22:29:54.327 24824 24824 D ScrollView: initGoToTop
05-15 22:29:54.330 24824 24824 I WindowManager: WindowManagerGlobal#addView, ty=2, view=com.android.internal.policy.DecorView{36e88f5 V.E..V... R.....I. 0,0-0,0}[MainActivity], caller=android.view.WindowManagerImpl.addView:158 android.app.Dialog.show:540 com.lagradost.cloudstream3.utils.SingleSelectionHelper.showDialog:275 
05-15 22:29:54.330 24824 24824 D ViewRootImpl: desktopMode is false
05-15 22:29:54.332 24824 24824 I ViewRootImpl: dVRR is disabled
05-15 22:29:54.332 24824 24849 D NativeCustomFrequencyManager: [NativeCFMS] BpCustomFrequencyManager::BpCustomFrequencyManager()
05-15 22:29:54.338 24824 24824 D InputTransport: Input channel constructed: 'c12c96f', fd=240
05-15 22:29:54.339 24824 24824 I InsetsController: onStateChanged: host=com.lagradost.cloudcache.prerelease/com.lagradost.cloudstream3.MainActivity, from=android.view.ViewRootImpl.onInsetsStateChanged:3026, state=InsetsState: {mDisplayFrame=Rect(0, 0 - 2960, 1848), mDisplayCutout=DisplayCutout{insets=Rect(0, 28 - 0, 0) waterfall=Insets{left=0, top=0, right=0, bottom=0} boundingRect={Bounds=[Rect(0, 0 - 0, 0), Rect(1393, 0 - 1567, 28), Rect(0, 0 - 0, 0), Rect(0, 0 - 0, 0)]} cutoutPathParserInfo={CutoutPathParserInfo{displayWidth=1848 displayHeight=2960 physicalDisplayWidth=1848 physicalDisplayHeight=2960 density={2.0} cutoutSpec={M 0,740 v -43.5 h -14 v 87 z @right @bind_right_cutout @dp} rotation={1} scale={1.0} physicalPixelDisplaySizeRatio={1.0}}} sideOverrides={}}, mRoundedCorners=RoundedCorners{[RoundedCorner{position=TopLeft, radius=23, center=Point(23, 23)}, RoundedCorner{position=TopRight, radius=23, center=Point(2937, 23)}, RoundedCorner{position=BottomRight, radius=23, center=Point(2937, 1825)}, RoundedCorner{position=BottomLeft, radius=23, center=Point(23, 1825)}]}  mRoundedCornerFrame=Rect(0, 0 - 2960, 1848), mPrivacyIndicatorBounds=PrivacyIndicatorBounds {static bounds=Rect(2883, 0 - 2960, 53) rotation=1}, mDisplayShape=DisplayShape{ spec=-311912193 displayWidth=1848 displayHeight=2960 physicalPixelDisplaySizeRatio=1.0 rotation=1 offsetX=0 offsetY=0 scale=1.0}, mSources= { InsetsSource: {8a210001 mType=navigationBars mFrame=[0,0][0,0] mVisible=true mFlags=SUPPRESS_SCRIM mSideHint=NONE mBoundingRects=null}, InsetsSource: {8a210004 mType=systemGestures mFrame=[0,0][39,1848] mVisible=true mFlags= mSideHint=LEFT mBoundingRects=null}, InsetsSource: {8a210005 mType=mandatorySystemGestures mFrame=[0,1813][2960,1848] mVisible=true mFlags= mSideHint=BOTTOM mBoundingRects=null}, InsetsSource: {8a210006 mType=tappableElement mFrame=[0,0][0,0] mVisible=true mFlags= mSideHint=NONE mBoundingRects=null}, InsetsSource: {8a210024 mType=systemGestures mFrame=[2921,0][2960,1848] mVisible=true mFlags= mSideHint=RIGHT mBoundingRects=null}, InsetsSource: {c9fd0000 mType=statusBars mFrame=[0,0][2960,53] mVisible=true mFlags= mSideHint=TOP mBoundingRects=null}, InsetsSource: {c9fd0005 mType=mandatorySystemGestures mFrame=[0,0][2960,53] mVisible=true mFlags= mSideHint=TOP mBoundingRects=null}, InsetsSource: {c9fd0006 mType=tappableElement mFrame=[0,0][2960,53] mVisible=true mFlags= mSideHint=TOP mBoundingRects=null}, InsetsSource: {27 mType=displayCutout mFrame=[0,0][2960,28] mVisible=true mFlags= mSideHint=TOP mBoundingRects=null} }
05-15 22:29:54.339 24824 24824 I VRI[MainActivity]@649268a: synced displayState. AttachInfo displayState=2
05-15 22:29:54.339 24824 24824 I VRI[MainActivity]@649268a: setView = com.android.internal.policy.DecorView@36e88f5 IsHRR=false mFlingFrameRateChange=0 TM=true
05-15 22:29:54.348 24824 24824 W libc    : Access denied finding property "vendor.display.enable_optimal_refresh_rate"
05-15 22:29:54.348 24824 24824 I BufferQueueProducer: [](id:60f800000004,api:0,p:-179711120,c:24824) setDequeueTimeout:2077252342
05-15 22:29:54.348 24824 24824 I BLASTBufferQueue_Java: new BLASTBufferQueue, mName= VRI[MainActivity]@649268a mNativeObject= 0xb400007d36835c20 caller= android.view.ViewRootImpl.updateBlastSurfaceIfNeeded:3585 android.view.ViewRootImpl.relayoutWindow:11685 android.view.ViewRootImpl.performTraversals:4804 android.view.ViewRootImpl.doTraversal:3924 android.view.ViewRootImpl$TraversalRunnable.run:12903 android.view.Choreographer$CallbackRecord.run:1901 android.view.Choreographer$CallbackRecord.run:1910 android.view.Choreographer.doCallbacks:1367 android.view.Choreographer.doFrame:1292 android.view.Choreographer$FrameDisplayEventReceiver.run:1870 
05-15 22:29:54.349 24824 24824 I BLASTBufferQueue_Java: update, w= 1443 h= 418 mName = VRI[MainActivity]@649268a mNativeObject= 0xb400007d36835c20 sc.mNativeObject= 0xb400007c8548e190 format= -3 caller= android.view.ViewRootImpl.updateBlastSurfaceIfNeeded:3590 android.view.ViewRootImpl.relayoutWindow:11685 android.view.ViewRootImpl.performTraversals:4804 android.view.ViewRootImpl.doTraversal:3924 android.view.ViewRootImpl$TraversalRunnable.run:12903 android.view.Choreographer$CallbackRecord.run:1901 
05-15 22:29:54.349 24824 24824 W libc    : Access denied finding property "vendor.display.enable_optimal_refresh_rate"
05-15 22:29:54.349 24824 24824 I VRI[MainActivity]@649268a: Relayout returned: old=(0,53,2960,1848) new=(814,771,2145,1077) relayoutAsync=false req=(1331,306)0 dur=4 res=0x400003 s={true 0xb400007cd5f9ef80} ch=true seqId=0
05-15 22:29:54.349 24824 24824 I VRI[MainActivity]@649268a: performConfigurationChange setNightDimText nightDimLevel=0
05-15 22:29:54.350 24824 24824 D VRI[MainActivity]@649268a: mThreadedRenderer.initialize() mSurface={isValid=true 0xb400007cd5f9ef80} hwInitialized=true
05-15 22:29:54.354 24824 24824 D AbsListView:  in onLayout changed 
05-15 22:29:54.354 24824 24824 D VRI[MainActivity]@649268a: reportNextDraw android.view.ViewRootImpl.performTraversals:5443 android.view.ViewRootImpl.doTraversal:3924 android.view.ViewRootImpl$TraversalRunnable.run:12903 android.view.Choreographer$CallbackRecord.run:1901 android.view.Choreographer$CallbackRecord.run:1910 
05-15 22:29:54.355 24824 24824 D VRI[MainActivity]@649268a: Setup new sync=wmsSync-VRI[MainActivity]@649268a#7
05-15 22:29:54.355 24824 24824 I VRI[MainActivity]@649268a: Creating new active sync group VRI[MainActivity]@649268a#8
05-15 22:29:54.355 24824 24824 D VRI[MainActivity]@649268a: registerCallbacksForSync syncBuffer=false
05-15 22:29:54.356 24824 24887 D VRI[MainActivity]@649268a: Received frameDrawingCallback syncResult=0 frameNum=1.
05-15 22:29:54.356 24824 24887 I VRI[MainActivity]@649268a: mWNT: t=0xb400007bc56fc690 mBlastBufferQueue=0xb400007d36835c20 fn= 1 HdrRenderState mRenderHdrSdrRatio=1.0 caller= android.view.ViewRootImpl$12.onFrameDraw:15441 android.view.ThreadedRenderer$1.onFrameDraw:718 <bottom of call stack> 
05-15 22:29:54.357 24824 24887 I VRI[MainActivity]@649268a: Setting up sync and frameCommitCallback
05-15 22:29:54.359 24824 24849 I BLASTBufferQueue: [VRI[MainActivity]@649268a#4](f:0,a:0,s:0) onFrameAvailable the first frame is available
05-15 22:29:54.359 24824 24849 I SurfaceComposerClient: apply transaction with the first frame. layerId: 12363, bufferData(ID: 106618268156144, frameNumber: 1)
05-15 22:29:54.359 24824 24849 I VRI[MainActivity]@649268a: Received frameCommittedCallback lastAttemptedDrawFrameNum=1 didProduceBuffer=true
05-15 22:29:54.360 24824 24849 D HWUI    : CFMS:: SetUp Pid : 24824    Tid : 24849
05-15 22:29:54.360 24824 24824 D VRI[MainActivity]@649268a: reportDrawFinished seqId=0
05-15 22:29:54.362 24824 24849 D HWUI    : HWUI - treat SMPTE_170M as sRGB
05-15 22:29:54.373 24824 24824 D [SIMKL_RATE_LIMIT]: Rate limiting: waiting 622ms
05-15 22:29:54.374 24824 24824 I InsetsSourceConsumer: applyRequestedVisibilityToControl: visible=true, type=statusBars, host=com.lagradost.cloudcache.prerelease/com.lagradost.cloudstream3.MainActivity
05-15 22:29:54.374 24824 24824 I InsetsSourceConsumer: applyRequestedVisibilityToControl: visible=true, type=navigationBars, host=com.lagradost.cloudcache.prerelease/com.lagradost.cloudstream3.MainActivity
05-15 22:29:54.378 24824 24824 I ImeFocusController: onPreWindowFocus: skipped hasWindowFocus=false mHasImeFocus=true
05-15 22:29:54.380 24824 24824 I ImeFocusController: onPostWindowFocus: skipped hasWindowFocus=false mHasImeFocus=true
05-15 22:29:54.395 24824 24824 D VRI[MainActivity]@649268a: mThreadedRenderer.initializeIfNeeded()#2 mSurface={isValid=true 0xb400007cd5f9ef80}
05-15 22:29:54.395 24824 24824 I ImeFocusController: onPreWindowFocus: skipped hasWindowFocus=true mHasImeFocus=false
05-15 22:29:54.395 24824 24824 I ImeFocusController: onPostWindowFocus: skipped hasWindowFocus=true mHasImeFocus=false
05-15 22:29:55.306 24824 24824 I SYNCVM  : updateUserData - status result for simkl: isSuccess=true, isFailure=false
05-15 22:29:55.306 24824 24824 I SYNCVM  : updateUserData - SUCCESS for simkl with non-null status, isValid: true
05-15 22:29:55.306 24824 24824 I SYNCVM  : updateUserData - providers with valid status: [simkl]
05-15 22:29:55.306 24824 24824 I SYNCVM  : updateUserData - tried 1 APIs, anySuccess: true, status is null: false
05-15 22:29:55.306 24824 24824 I SYNCVM  : updateUserData - request completed, flag released
05-15 22:29:55.306 24824 24824 D Lifecycle: Observer triggered - thread: main, value class: LinkedHashSet, value is Map: false
05-15 22:29:55.306 24824 24824 D Lifecycle: Observer triggered with value: [simkl]
05-15 22:29:55.306 24824 24824 D [SYNC_PROVIDER_DEBUG]: Providers with valid status observer fired: [simkl], selectedProvider: null
05-15 22:29:55.306 24824 24824 D [SYNC_PROVIDER_DEBUG]: Filtered synced providers: [Simkl]
05-15 22:29:55.307 24824 24824 D [SYNC_PROVIDER_DEBUG]: Updated status text to: Currently tracked on Simkl
05-15 22:29:55.307 24824 24824 D Lifecycle: Observer triggered - thread: main, value class: Success, value is Map: false
05-15 22:29:55.307 24824 24824 D Lifecycle: Observer triggered with value: Success(value=com.lagradost.cloudstream3.syncproviders.providers.SimklApi$SimklSyncStatus@cd62413)
05-15 22:29:55.307 24824 24824 D [SYNC_USERDATA_DEBUG]: UserData observer fired: Success
05-15 22:29:55.701 24824 24824 I VRI[MainActivity]@649268a: ViewPostIme pointer 0
05-15 22:29:55.704 24824 24824 I VRI[MainActivity]@649268a: call setFrameRateCategory for touch hint category=high hint, reason=touch, vri=VRI[MainActivity]@649268a
05-15 22:29:55.907 24824 24824 D AbsListView: reportScrollStateChange() newState : 1
05-15 22:29:56.445 24824 24824 I VRI[MainActivity]@649268a: ViewPostIme pointer 1
05-15 22:29:56.446 24824 24824 D AbsListView: onTouchUp() mTouchMode : 3
05-15 22:29:56.446 24824 24824 D AbsListView: reportScrollStateChange() newState : 0
05-15 22:29:56.735 24824 24824 I VRI[MainActivity]@649268a: ViewPostIme pointer 0
05-15 22:29:57.263 24824 24824 D AbsListView: reportScrollStateChange() newState : 1
05-15 22:29:57.294 24824 24824 I VRI[MainActivity]@d07b781: call setFrameRateCategory for touch hint category=no preference, reason=boost timeout, vri=VRI[MainActivity]@d07b781
05-15 22:29:57.611 24824 24824 I VRI[MainActivity]@649268a: ViewPostIme pointer 1
05-15 22:29:57.611 24824 24824 D AbsListView: onTouchUp() mTouchMode : 3
05-15 22:29:57.611 24824 24824 D AbsListView: reportScrollStateChange() newState : 0
05-15 22:29:57.810 24824 24824 I VRI[MainActivity]@649268a: ViewPostIme pointer 0
05-15 22:29:57.958 24824 24824 I VRI[MainActivity]@649268a: ViewPostIme pointer 1
05-15 22:29:57.958 24824 24824 D AbsListView: onTouchUp() mTouchMode : 2
05-15 22:29:57.959 24824 24824 D ApiLoadOnDemand: postEpisodeRange - Checking if episodes available for indexer: EpisodeIndexer(dubStatus=None, season=2), range: EpisodeRange(startIndex=0, length=15, startEpisode=1, endEpisode=15)
05-15 22:29:57.962 24824 24824 D CacheFlow: getEpisodes - indexer: EpisodeIndexer(dubStatus=None, season=2), range: EpisodeRange(startIndex=0, length=15, startEpisode=1, endEpisode=15)
05-15 22:29:57.962 24824 24824 D CacheFlow: getEpisodes - currentEpisodes keys: [EpisodeIndexer(dubStatus=None, season=1), EpisodeIndexer(dubStatus=None, season=2)]
05-15 22:29:57.962 24824 24824 D CacheFlow: getEpisodes - currentEpisodes[indexer] exists: true, size: 15
05-15 22:29:57.962 24824 24824 D CacheFlow: postEpisodeRange - Posting 15 episodes to _episodes LiveData
05-15 22:29:57.962 24824 24824 D CacheFlow: postEpisodeRange - Finished posting to _episodes LiveData
05-15 22:29:57.964 24824 24824 I WindowManager: WindowManagerGlobal#removeView, ty=2, view=com.android.internal.policy.DecorView{36e88f5 V.E..V... R......D 0,0-1331,306}[MainActivity], caller=android.view.WindowManagerGlobal.removeView:654 android.view.WindowManagerImpl.removeViewImmediate:216 android.app.Dialog.dismissDialog:850 
05-15 22:29:57.964 24824 24824 W WindowOnBackDispatcher: sendCancelIfRunning: isInProgress=false callback=android.app.Dialog$$ExternalSyntheticLambda4@ab995d7
05-15 22:29:57.967 24824 24849 D HWUI    : endAllActiveAnimators on 0xb400007cd5f9fc60 (MaterialTextView) with handle 0xb400007de55ab1d0
05-15 22:29:57.967 24824 24824 I VRI[MainActivity]@649268a: dispatchDetachedFromWindow
05-15 22:29:57.975 24824 24824 W InputEventReceiver: Attempted to finish an input event but the input event receiver has already been disposed.
05-15 22:29:57.976 24824 24824 D InputTransport: Input channel destroyed: 'c12c96f', fd=240
05-15 22:29:57.976 24824 24824 D Lifecycle: Observer triggered - thread: main, value class: ArrayList, value is Map: false
05-15 22:29:57.976 24824 24824 D Lifecycle: Observer triggered with value: [(resId = 2132017586
05-15 22:29:57.976 24824 24824 D Lifecycle: args = [(class kotlin.Int = 1), (class kotlin.Int = 15)], EpisodeRange(startIndex=0, length=15, startEpisode=1, endEpisode=15))]
05-15 22:29:57.976 24824 24824 D Lifecycle: Observer triggered - thread: main, value class: ArrayList, value is Map: false
05-15 22:29:57.976 24824 24824 D Lifecycle: Observer triggered with value: [(resId = 2132018366
05-15 22:29:57.976 24824 24824 D Lifecycle: args = [], NUMBER_ASC), (resId = 2132018367
05-15 22:29:57.976 24824 24824 D Lifecycle: args = [], NUMBER_DESC), (resId = 2132018364
05-15 22:29:57.976 24824 24824 D Lifecycle: args = [], DATE_NEWEST), (resId = 2132018365
05-15 22:29:57.976 24824 24824 D Lifecycle: args = [], DATE_OLDEST)]
05-15 22:29:58.104 24824 24824 I InsetsSourceConsumer: applyRequestedVisibilityToControl: visible=true, type=statusBars, host=com.lagradost.cloudcache.prerelease/com.lagradost.cloudstream3.MainActivity
05-15 22:29:58.106 24824 24824 I InsetsSourceConsumer: applyRequestedVisibilityToControl: visible=true, type=navigationBars, host=com.lagradost.cloudcache.prerelease/com.lagradost.cloudstream3.MainActivity
05-15 22:29:58.143 24824 24824 D VRI[MainActivity]@d07b781: mThreadedRenderer.initializeIfNeeded()#2 mSurface={isValid=true 0xb400007cd5512090}
05-15 22:29:58.145 24824 24824 D InputMethodManagerUtils: startInputInner - Id : 0
05-15 22:29:58.146 24824 24824 I InputMethodManager: startInputInner - IInputMethodManagerGlobalInvoker.startInputOrWindowGainedFocus
05-15 22:29:58.151 24824 24837 D InputTransport: Input channel constructed: 'ClientS', fd=700
05-15 22:29:58.157 24824 24824 I InputMethodManager: handleMessage: setImeVisibility visible=false
05-15 22:29:58.157 24824 24824 D InsetsController: hide(ime(), fromIme=false)
05-15 22:29:58.157 24824 24824 I ImeTracker: com.lagradost.cloudcache.prerelease:4527846f: onCancelled at PHASE_CLIENT_ALREADY_HIDDEN
05-15 22:29:58.258 24824 24833 I ache.prerelease: Background concurrent mark compact GC freed 28MB AllocSpace bytes, 32(4156KB) LOS objects, 35% free, 88MB/136MB, paused 930us,1.520ms total 181.730ms
05-15 22:29:58.265 24824 24834 D InputTransport: Input channel destroyed: 'ClientS', fd=700
05-15 22:29:58.977 24824 24824 I VRI[MainActivity]@d07b781: ViewPostIme key 0
--------- beginning of system
05-15 22:29:58.977 24824 24824 D Activity: onKeyDown(KEYCODE_BACK), activity=com.lagradost.cloudstream3.MainActivity@7d0cdcd
05-15 22:29:58.980 24824 24824 D popFragment: Destroying Fragment
05-15 22:29:58.980 24824 24824 D [MINI_SYNC_PANEL]: Back pressed - current panel state: 1
05-15 22:29:58.980 24824 24824 D [MINI_SYNC_PANEL]: Back pressed with panel open - running default action
05-15 22:29:58.981 24824 24824 D GENRE_FILTER_REDIRECT: ========== onDestinationChanged called ==========
05-15 22:29:58.981 24824 24824 D GENRE_FILTER_REDIRECT: onDestinationChanged: destination=2131362677, label=홈
05-15 22:29:58.981 24824 24824 D GENRE_FILTER_REDIRECT: onDestinationChanged: nextSearchQuery=null
05-15 22:29:58.981 24824 24824 D GENRE_FILTER_REDIRECT: onDestinationChanged: bundle keys=null
05-15 22:29:58.981 24824 24824 D GENRE_FILTER_REDIRECT: onDestinationChanged: previousBottomNavDestination=2131362677
05-15 22:29:58.982 24824 24824 I ImeTracker: com.lagradost.cloudcache.prerelease:cadcadef: onRequestHide at ORIGIN_CLIENT reason HIDE_SOFT_INPUT fromUser false
05-15 22:29:58.983 24824 24824 I InputMethodManager_LC: hsifw() - flag : 0
05-15 22:29:58.983 24824 24824 I InputMethodManager_LC: hsifw() - mService.hideSoftInput
05-15 22:29:58.983 24824 24824 D InsetsController: hide(ime(), fromIme=false)
05-15 22:29:58.983 24824 24824 I ImeTracker: com.lagradost.cloudcache.prerelease:cadcadef: onCancelled at PHASE_CLIENT_ALREADY_HIDDEN
05-15 22:29:58.984 24824 24824 D MainActivity: onDestinationChanged: clearing search_query from bundle for home
05-15 22:29:58.984 24824 24824 D MainActivity: onDestinationChanged: attaching back callback for home
05-15 22:29:58.985 24824 24824 D [GESTURE_DEBUG]: onStop - unregistering gesture regions, isCastItemsRegistered: true
05-15 22:29:58.985 24824 24824 D [GESTURE_DEBUG]: onStop - unregistered resultCastItems
05-15 22:29:58.985 24824 24824 I CS3ExoPlayer: onStop
05-15 22:29:58.985 24824 24824 I CS3ExoPlayer: saveData
05-15 22:29:58.985 24824 24824 I CS3ExoPlayer: handleEvent Pause
05-15 22:29:59.007 24824 24824 D Lifecycle: observe called for liveData: MutableLiveData, lifecycleOwner: HomeFragment
05-15 22:29:59.007 24824 24824 D Lifecycle: Removed previous observers, now adding new observer
05-15 22:29:59.007 24824 24824 D Lifecycle: observe called for liveData: MutableLiveData, lifecycleOwner: HomeFragment
05-15 22:29:59.007 24824 24824 D Lifecycle: Removed previous observers, now adding new observer
05-15 22:29:59.007 24824 24824 D Lifecycle: Observer triggered - thread: main, value class: String, value is Map: false
05-15 22:29:59.007 24824 24824 D Lifecycle: Observer triggered with value: StremioAIO
05-15 22:29:59.007 24824 24824 D Lifecycle: Observer triggered - thread: main, value class: Success, value is Map: false
05-15 22:29:59.042 24824 24824 D Lifecycle: Observer triggered with value: Success(value={Kinolights Trending - Movie=ExpandableHomepageList(list=HomePageList(name=Kinolights Trending - Movie, list=[MovieSearchResponse(name=군체, url=https://aiostreams.elfhosted.com/stremio/e4f99f7d-6a22-403c-9e0f-b6b9be87d350/eyJpIjoiMkVmTmJCemRGWnFIa0pkOVQzMEhVQT09IiwiZSI6IklVVngwSG00ZFNIR29YWDBmM3FiYzc1blFiZGthS1NGRjhLVHFvM01SaUE9IiwidCI6ImEifQ/meta/movie/tt34385135.json, apiName=StremioAIO, type=Others, posterUrl=https://xrdb.ibbylabs.dev/poster/tmdb:movie:1375646.jpg?idSource=tmdb&tmdbKey=cc9982c4801545a1481d167137ea7b53&mdblistKey=d2tmbmhnrgdz7ft9re7j2gjr3&posterRatings=myanimelist%2Cimdb%2Cletterboxd%2Cmetacriticuser%2Ctomatoesaudience%2Ctrakt%2Ctmdb%2Cmetacritic%2Ctomatoes%2Crogerebert&lang=ko&ratingValueMode=normalized&posterGenreBadgeStyle=plain&posterGenreBadgePosition=bottomLeft&posterStreamBadges=on&ageRatingBadgePosition=left-top&posterQualityBadges=&posterRatingStyle=plain&posterRatingBadgeScale=115&imageText=original&posterRatingsLayout=right&posterNoBackgroundBadgeOutlineColor=%23ff0000&posterEdgeOffset=3&providerAppearance=eyJ0b21hdG9lcyI6eyJzdGFja2VkQWNjZW50TW9kZSI6ImxvZ28ifX0, year=null, id=null, quality=null, posterHeaders=null, score=null, tags=null), MovieSearchResponse(name=왕과 사는 남자, url=https://aiostreams.elfhosted.com/stremio/e4f99f7d-6a22-403c-9e0f-b6b9be87d350/eyJpIjoiMkVmTmJCemRGWnFIa0pkOVQzMEhVQT09IiwiZSI6IklVVngwSG00ZFNIR29YWDBmM3FiYzc1blFiZGthS1NGRjhLVHFvM01SaUE9IiwidCI6ImEifQ/meta/movie/tt38626703.json, apiName=StremioAIO, type=Others, posterUrl=https://xrdb.ibbylabs.dev/poster/tmdb:movie:1321179.jpg?idSource=tmdb&tmdbKey=cc9982c4801545a1481d167137ea7b53&mdblistKey=d2tmbmhnrgdz7ft9re7j2gjr3&posterRatings=myanimelist%2Cimdb%2Cletterboxd%2Cmetacriticuser%2Ctomatoesaudience%2Ctrakt%2Ctmdb%2Cmetacritic%2Ctomatoes%2Crogerebert&lang=ko&ratingValueMode=normalized&posterGenreBadgeStyle=plain&posterGenreBadgePosition=bottomLeft&posterStreamBadges=on&ageRatingBadgePosition=left-top&posterQualityBadges=&posterRatingStyle=plain&posterRatingBadgeScale=115&imageText=original&posterRatingsLayout=right&posterNoBackgroundBadgeOutlineColor=%23ff0000&posterEdgeOffset=3&providerAppearance=eyJ0b21hdG9lcyI6eyJzdGFja2VkQWNjZW50TW9kZSI6ImxvZ28ifX0, year=null, id=null, quality=null, posterHeaders=null, score=null, tags=null), MovieSearchResponse(name=살목지, url=https://aiostreams.elfhosted.com/stremio/e4f99f7d-6a22-403c-9e0f-b6b9be87d350/eyJpIjoiMkVmTmJCemRGWnFIa0pkOVQzMEhVQT09IiwiZSI6IklVVngwSG00ZFNIR29YWDBmM3FiYzc1blFiZGthS1NGRjhLVHFvM01SaUE9IiwidCI6ImEifQ/meta/movie/tt39833109.json, apiName=StremioAIO, type=Others, posterUrl=https://xrdb.ibbylabs.dev/poster/tmdb:movie:1461254.jpg?idSource=tmdb&tmdbKey=cc9982c4801545a1481d167137ea7b53&mdblistKey=d2tmbmhnrgdz7ft9re7j2gjr3&posterRatings=myanimelist%2Cimdb%2Cletterboxd%2Cmetacriticuser%2Ctomatoesaudience%2Ctrakt%2Ctmdb%2Cmetacritic%2Ctomatoes%2Crogerebert&lang=ko&ratingValueMode=normalized&posterGenreBadgeStyle=plain&posterGenreBadgePosition=bottomLeft&posterStreamBadges=on&ageRatingBadgePosition=left-top&posterQualityBadges=&posterRatingStyle=plain&posterRatingBadgeScale=115&imageText=original&posterRatingsLayout=right&posterNoBackgroundBadgeOutlineColor=%23ff0000&posterEdgeOffset=3&providerAppearance=eyJ0b21hdG9lcyI6eyJzdGFja2VkQWNjZW50TW9kZSI6ImxvZ28ifX0, year=null, id=null, quality=null, posterHeaders=null, score=null, tags=null), MovieSearchResponse(name=악마는 프라다를 입는다 2, url=https://aiostreams.elfhosted.com/stremio/e4f99f7d-6a22-403c-9e0f-b6b9be87d350/eyJpIjoiMkVmTmJCemRGWnFIa0pkOVQzMEhVQT09IiwiZSI6IklVVngwSG00ZFNIR29YWDBmM3FiYzc1blFiZGthS1NGRjhLVHFvM01SaUE9IiwidCI6ImEifQ/meta/movie/tt33612209.json, apiName=StremioAIO, type=Others, posterUrl=https://xrdb.ibbylabs.dev/poster/tmdb:movie:1314481.jpg?idSource=tmdb&tmdbKey=cc9982c4801545a1481d167137ea7b53&mdblistKey=d2tmbmhnrgdz7ft9re7j2gjr3&posterRatings=myanimelist%2Cimdb%2Cletterboxd%2Cmetacriticuser%2Ctomatoesaudience%2Ctrakt%2Ctmdb%2Cmetacritic%2Ctomatoes%2Crogerebert&lang=ko&ratingValueMode=n
05-15 22:29:59.043 24824 24824 I VRI[MainActivity]@d07b781: ViewPostIme key 1
05-15 22:29:59.043 24824 24824 D Activity: onKeyUp(KEYCODE_BACK) isTracking()=true isCanceled()=true hasCallback=true
05-15 22:29:59.196 24824 24824 I SurfaceView: 70825512 Changes: creating=false format=false size=false visible=false alpha=false hint=false left=true top=false z=false attached=true lifecycleStrategy=false
05-15 22:29:59.196 24824 24824 I SurfaceView: 70825512 Cur surface: Surface(name=null mNativeObject=-5476376610722853072)/@0xdbc3b26
05-15 22:29:59.196 24824 24824 D SurfaceComposerClient: setCornerRadius ## 438b628 SurfaceView[com.lagradost.cloudcache.prerelease/com.lagradost.cloudstream3.MainActivity]@0#12357 cornerRadius=0.000000
05-15 22:29:59.196 24824 24824 I SV[70825512 MainActivity]: updateSurface: mVisible = true mSurface.isValid() = true
05-15 22:29:59.196 24824 24824 I SV[70825512 MainActivity]: updateSurface: mSurfaceCreated = true surfaceChanged = false visibleChanged = false
05-15 22:29:59.196 24824 24824 V SurfaceView: Layout: x=109 y=141 w=2960 h=350, frame=Rect(0, 0 - 2960, 350)
05-15 22:29:59.198 24824 24824 I VRI[MainActivity]@d07b781: registerCallbackForPendingTransactions
05-15 22:29:59.204 24824 24849 D SurfaceView: 70825512 updateSurfacePosition RenderWorker, frameNr = 3171, position = [109, 141, 3069, 491] surfaceSize = 2960x350
05-15 22:29:59.204 24824 24849 I SV[70825512 MainActivity]: uSP: rtp = Rect(109, 141 - 3069, 491) rtsw = 2960 rtsh = 350
05-15 22:29:59.204 24824 24849 I SV[70825512 MainActivity]: onSSPAndSRT: pl = 109 pt = 141 sx = 1.0 sy = 1.0
05-15 22:29:59.204 24824 24849 I SV[70825512 MainActivity]: aOrMT: VRI[MainActivity]@d07b781 t = android.view.SurfaceControl$Transaction@820e3b2 fN = 3171 android.view.SurfaceView.-$$Nest$mapplyOrMergeTransaction:0 android.view.SurfaceView$SurfaceViewPositionUpdateListener.positionChanged:1932 android.graphics.RenderNode$CompositePositionUpdateListener.positionChanged:401 
05-15 22:29:59.204 24824 24849 I VRI[MainActivity]@d07b781: mWNT: t=0xb400007bc57a1210 mBlastBufferQueue=0xb400007d354c2620 fn= 3171 HdrRenderState mRenderHdrSdrRatio=1.0 caller= android.view.SurfaceView.applyOrMergeTransaction:1863 android.view.SurfaceView.-$$Nest$mapplyOrMergeTransaction:0 android.view.SurfaceView$SurfaceViewPositionUpdateListener.positionChanged:1932 
05-15 22:29:59.206 24824 24886 I VRI[MainActivity]@d07b781: mWNT: t=0xb400007bc5baa2d0 mBlastBufferQueue=0xb400007d354c2620 fn= 3171 HdrRenderState mRenderHdrSdrRatio=1.0 caller= android.view.ViewRootImpl$10.onFrameDraw:6536 android.view.ViewRootImpl$4.onFrameDraw:2489 android.view.ThreadedRenderer$1.onFrameDraw:718 
05-15 22:29:59.218 24824 24849 D SurfaceView: 70825512 updateSurfacePosition RenderWorker, frameNr = 3173, position = [257, 219, 2921, 535] surfaceSize = 2960x350
05-15 22:29:59.218 24824 24849 I SV[70825512 MainActivity]: uSP: rtp = Rect(257, 219 - 2921, 535) rtsw = 2960 rtsh = 350
05-15 22:29:59.218 24824 24849 I SV[70825512 MainActivity]: onSSPAndSRT: pl = 257 pt = 219 sx = 0.9 sy = 0.9028571
05-15 22:29:59.218 24824 24849 I SV[70825512 MainActivity]: aOrMT: VRI[MainActivity]@d07b781 t = android.view.SurfaceControl$Transaction@820e3b2 fN = 3173 android.view.SurfaceView.-$$Nest$mapplyOrMergeTransaction:0 android.view.SurfaceView$SurfaceViewPositionUpdateListener.positionChanged:1932 android.graphics.RenderNode$CompositePositionUpdateListener.positionChanged:401 
05-15 22:29:59.218 24824 24849 I VRI[MainActivity]@d07b781: mWNT: t=0xb400007bc57a1210 mBlastBufferQueue=0xb400007d354c2620 fn= 3173 HdrRenderState mRenderHdrSdrRatio=1.0 caller= android.view.SurfaceView.applyOrMergeTransaction:1863 android.view.SurfaceView.-$$Nest$mapplyOrMergeTransaction:0 android.view.SurfaceView$SurfaceViewPositionUpdateListener.positionChanged:1932 
05-15 22:29:59.219 24824 24824 I SV[70825512 MainActivity]: onWindowVisibilityChanged(8) false android.view.SurfaceView{438b628 V.E..V... ........ 0,0-2960,350} of VRI[MainActivity]@d07b781
05-15 22:29:59.219 24824 24824 I SurfaceView: 70825512 Changes: creating=false format=false size=false visible=true alpha=false hint=false left=false top=false z=false attached=true lifecycleStrategy=false
05-15 22:29:59.219 24824 24824 I SurfaceView: 70825512 Cur surface: Surface(name=null mNativeObject=-5476376610722853072)/@0xdbc3b26
05-15 22:29:59.219 24824 24824 D SurfaceComposerClient: setCornerRadius ## 438b628 SurfaceView[com.lagradost.cloudcache.prerelease/com.lagradost.cloudstream3.MainActivity]@0#12357 cornerRadius=0.000000
05-15 22:29:59.219 24824 24824 I SV[70825512 MainActivity]: updateSurface: mVisible = false mSurface.isValid() = true
05-15 22:29:59.219 24824 24824 I SV[70825512 MainActivity]: updateSurface: mSurfaceCreated = true surfaceChanged = false visibleChanged = true
05-15 22:29:59.220 24824 24824 V SurfaceView: Layout: x=109 y=141 w=2960 h=350, frame=Rect(0, 0 - 2960, 350)
05-15 22:29:59.220 24824 24824 I SurfaceView: 70825512 Detaching SV
05-15 22:29:59.220 24824 24824 I SurfaceView: 70825512 Changes: creating=false format=false size=false visible=false alpha=false hint=false left=false top=false z=false attached=false lifecycleStrategy=false
05-15 22:29:59.220 24824 24824 I SurfaceView: 70825512 Cur surface: Surface(name=null mNativeObject=-5476376610722853072)/@0xdbc3b26
05-15 22:29:59.220 24824 24824 D SurfaceComposerClient: setCornerRadius ## 438b628 SurfaceView[com.lagradost.cloudcache.prerelease/com.lagradost.cloudstream3.MainActivity]@0#12357 cornerRadius=0.000000
05-15 22:29:59.220 24824 24824 I SurfaceView: 70825512 surfaceDestroyed
05-15 22:29:59.220 24824 24824 I SV[70825512 MainActivity]: surfaceDestroyed callback.size 0 #4 android.view.SurfaceView{438b628 V.E..V... ........ 0,0-2960,350}
05-15 22:29:59.220 24824 24824 I SV[70825512 MainActivity]: updateSurface: mVisible = false mSurface.isValid() = true
05-15 22:29:59.220 24824 24824 I SV[70825512 MainActivity]: releaseSurfaces: viewRoot = VRI[MainActivity]@d07b781
05-15 22:29:59.222 24824 24824 V SurfaceView: Layout: x=109 y=141 w=2960 h=350, frame=Rect(0, 0 - 2960, 350)
05-15 22:29:59.222 24824 24824 I SV[70825512 MainActivity]: onDetachedFromWindow: tryReleaseSurfaces()
05-15 22:29:59.222 24824 24824 I SV[70825512 MainActivity]: releaseSurfaces: viewRoot = VRI[MainActivity]@d07b781
05-15 22:29:59.244 24824 24824 D [GESTURE_DEBUG]: onDestroyView - unregistering gesture regions
05-15 22:29:59.244 24824 24824 D [GESTURE_DEBUG]: onDestroyView - unregistered resultCastItems
05-15 22:29:59.244 24824 24824 D [GESTURE_DEBUG]: onDestroyView - removed gesture regions listener
05-15 22:29:59.249 24824 24824 I CS3ExoPlayer: releasePlayer
05-15 22:29:59.249 24824 24824 I CS3ExoPlayer: Handle event: PlayerAttachedEvent(player=null, source=Player)
05-15 22:29:59.262 24824 24824 I BLASTBufferQueue_Java: update, w= 2960 h= 1848 mName = VRI[MainActivity]@d07b781 mNativeObject= 0xb400007d354c2620 sc.mNativeObject= 0xb400007c854796d0 format= -3 caller= android.view.ViewRootImpl.updateBlastSurfaceIfNeeded:3574 android.view.ViewRootImpl.relayoutWindow:11685 android.view.ViewRootImpl.performTraversals:4804 android.view.ViewRootImpl.doTraversal:3924 android.view.ViewRootImpl$TraversalRunnable.run:12903 android.view.Choreographer$CallbackRecord.run:1901 
05-15 22:29:59.262 24824 24824 I VRI[MainActivity]@d07b781: Relayout returned: old=(0,0,2960,1848) new=(0,0,2960,1848) relayoutAsync=false req=(2960,1848)0 dur=3 res=0x0 s={true 0xb400007cd5512090} ch=false seqId=0
05-15 22:29:59.262 24824 24824 I VRI[MainActivity]@d07b781: updateBoundsLayer: t=android.view.SurfaceControl$Transaction@a85b7db sc=Surface(name=Bounds for - com.lagradost.cloudcache.prerelease/com.lagradost.cloudstream3.MainActivity@0)/@0x7563278 frame=3174
05-15 22:29:59.264 24824 24824 I VRI[MainActivity]@d07b781: registerCallbackForPendingTransactions
05-15 22:29:59.264 24824 24849 D SurfaceView: 65289553 windowPositionLost, frameNr = 3174
05-15 22:29:59.266 24824 24887 I VRI[MainActivity]@d07b781: mWNT: t=0xb400007bc56a0f90 mBlastBufferQueue=0xb400007d354c2620 fn= 3174 HdrRenderState mRenderHdrSdrRatio=1.0 caller= android.view.ViewRootImpl$10.onFrameDraw:6536 android.view.ViewRootImpl$4.onFrameDraw:2489 android.view.ThreadedRenderer$1.onFrameDraw:718 
05-15 22:29:59.285 24824 24833 I ache.prerelease: Background concurrent mark compact GC freed 3833KB AllocSpace bytes, 14(14MB) LOS objects, 34% free, 89MB/137MB, paused 1.834ms,1.353ms total 185.899ms
05-15 22:30:00.236 24824 24824 I VRI[MainActivity]@d07b781: ViewPostIme pointer 0
05-15 22:30:00.236 24824 24824 I VRI[MainActivity]@d07b781: call setFrameRateCategory for touch hint category=high hint, reason=touch, vri=VRI[MainActivity]@d07b781
05-15 22:30:00.334 24824 24824 I VRI[MainActivity]@d07b781: ViewPostIme pointer 1
05-15 22:30:00.343 24824 24824 D swapfix : loadSearchResult - START: 더 피트, url: https://aiostreams.elfhosted.com/stremio/e4f99f7d-6a22-403c-9e0f-b6b9be87d350/eyJpIjoiMkVmTmJCemRGWnFIa0pkOVQzMEhVQT09IiwiZSI6IklVVngwSG00ZFNIR29YWDBmM3FiYzc1blFiZGthS1NGRjhLVHFvM01SaUE9IiwidCI6ImEifQ/meta/series/tt31938062.json, metadataSwap: false
05-15 22:30:00.344 24824 24824 D swapfix : loadSearchResult - Calling navigate
05-15 22:30:00.344 24824 24824 I NavComponent: Navigating to fragment: 2131362338
05-15 22:30:00.345 24824 24824 D GENRE_FILTER_REDIRECT: ========== onDestinationChanged called ==========
05-15 22:30:00.345 24824 24824 D GENRE_FILTER_REDIRECT: onDestinationChanged: destination=2131362682, label=null
05-15 22:30:00.345 24824 24824 D GENRE_FILTER_REDIRECT: onDestinationChanged: nextSearchQuery=null
05-15 22:30:00.345 24824 24824 D GENRE_FILTER_REDIRECT: onDestinationChanged: bundle keys=[startValue, apiName, url, name, restart, metadataSwap, startAction]
05-15 22:30:00.345 24824 24824 D GENRE_FILTER_REDIRECT: onDestinationChanged: previousBottomNavDestination=2131362677
05-15 22:30:00.346 24824 24824 I ImeTracker: com.lagradost.cloudcache.prerelease:935d6c95: onRequestHide at ORIGIN_CLIENT reason HIDE_SOFT_INPUT fromUser false
05-15 22:30:00.347 24824 24824 I InputMethodManager_LC: hsifw() - flag : 0
05-15 22:30:00.347 24824 24824 I InputMethodManager_LC: hsifw() - mService.hideSoftInput
05-15 22:30:00.347 24824 24824 D InsetsController: hide(ime(), fromIme=false)
05-15 22:30:00.347 24824 24824 I ImeTracker: com.lagradost.cloudcache.prerelease:935d6c95: onCancelled at PHASE_CLIENT_ALREADY_HIDDEN
05-15 22:30:00.348 24824 24824 D MainActivity: onDestinationChanged: detaching back callbacks
05-15 22:30:00.348 24824 24824 D swapfix : loadSearchResult - END: Navigation called
05-15 22:30:00.356 24824 24824 D ScrollView: initGoToTop
05-15 22:30:00.384 24824 24824 D SurfaceView: 69760859 updateSurface: has no frame
05-15 22:30:00.439 24824 24824 I Kumiho-Kumiho: getPackageName: com.lagradost.cloudcache.prerelease
05-15 22:30:00.440 24824 24824 I Kumiho-Kumiho: getPackageName: com.lagradost.cloudcache.prerelease
