05-10 10:01:11.107 31647 31647 D SurfaceComposerClient: setCornerRadius ## 50d4b52 SurfaceView[com.lagradost.cloudcache.prerelease/com.lagradost.cloudstream3.MainActivity]@0#774554 cornerRadius=0.000000
05-10 10:01:11.107 31647 31647 I SV[84757330 MainActivity]: updateSurface: mVisible = true mSurface.isValid() = true
05-10 10:01:11.107 31647 31647 I SV[84757330 MainActivity]: updateSurface: mSurfaceCreated = true surfaceChanged = false visibleChanged = false
05-10 10:01:11.107 31647 31647 V SurfaceView: Layout: x=1702 y=141 w=2960 h=350, frame=Rect(0, 0 - 2960, 350)
05-10 10:01:11.107 31647 31647 I VRI[MainActivity]@6091b6b: registerCallbackForPendingTransactions
05-10 10:01:11.113 31647 31692 D SurfaceView: 84757330 updateSurfacePosition RenderWorker, frameNr = 5008, position = [1702, 141, 4662, 491] surfaceSize = 2960x350
05-10 10:01:11.113 31647 31692 I SV[84757330 MainActivity]: uSP: rtp = Rect(1702, 141 - 4662, 491) rtsw = 2960 rtsh = 350
05-10 10:01:11.114 31647 31692 I SV[84757330 MainActivity]: onSSPAndSRT: pl = 1702 pt = 141 sx = 1.0 sy = 1.0
05-10 10:01:11.114 31647 31692 I SV[84757330 MainActivity]: aOrMT: VRI[MainActivity]@6091b6b t = android.view.SurfaceControl$Transaction@37c7ad4 fN = 5008 android.view.SurfaceView.-$$Nest$mapplyOrMergeTransaction:0 android.view.SurfaceView$SurfaceViewPositionUpdateListener.positionChanged:1932 android.graphics.RenderNode$CompositePositionUpdateListener.positionChanged:401 
05-10 10:01:11.114 31647 31692 I VRI[MainActivity]@6091b6b: mWNT: t=0xb4000073d4fb31d0 mBlastBufferQueue=0xb4000074e3ce1130 fn= 5008 HdrRenderState mRenderHdrSdrRatio=1.0 caller= android.view.SurfaceView.applyOrMergeTransaction:1863 android.view.SurfaceView.-$$Nest$mapplyOrMergeTransaction:0 android.view.SurfaceView$SurfaceViewPositionUpdateListener.positionChanged:1932 
05-10 10:01:11.114 31647 31713 I VRI[MainActivity]@6091b6b: mWNT: t=0xb4000073d4bbef50 mBlastBufferQueue=0xb4000074e3ce1130 fn= 5008 HdrRenderState mRenderHdrSdrRatio=1.0 caller= android.view.ViewRootImpl$10.onFrameDraw:6536 android.view.ViewRootImpl$4.onFrameDraw:2489 android.view.ThreadedRenderer$1.onFrameDraw:718 
05-10 10:01:11.116 31647 31647 I SurfaceView: 84757330 Changes: creating=false format=false size=false visible=false alpha=false hint=false left=true top=false z=false attached=true lifecycleStrategy=false
05-10 10:01:11.116 31647 31647 I SurfaceView: 84757330 Cur surface: Surface(name=null mNativeObject=-5476376645610532240)/@0x3234428
05-10 10:01:11.116 31647 31647 D SurfaceComposerClient: setCornerRadius ## 50d4b52 SurfaceView[com.lagradost.cloudcache.prerelease/com.lagradost.cloudstream3.MainActivity]@0#774554 cornerRadius=0.000000
05-10 10:01:11.116 31647 31647 I SV[84757330 MainActivity]: updateSurface: mVisible = true mSurface.isValid() = true
05-10 10:01:11.116 31647 31647 I SV[84757330 MainActivity]: updateSurface: mSurfaceCreated = true surfaceChanged = false visibleChanged = false
05-10 10:01:11.116 31647 31647 V SurfaceView: Layout: x=1727 y=141 w=2960 h=350, frame=Rect(0, 0 - 2960, 350)
05-10 10:01:11.116 31647 31647 I VRI[MainActivity]@6091b6b: registerCallbackForPendingTransactions
05-10 10:01:11.122 31647 31692 D SurfaceView: 84757330 updateSurfacePosition RenderWorker, frameNr = 5009, position = [1727, 141, 4687, 491] surfaceSize = 2960x350
05-10 10:01:11.122 31647 31692 I SV[84757330 MainActivity]: uSP: rtp = Rect(1727, 141 - 4687, 491) rtsw = 2960 rtsh = 350
05-10 10:01:11.122 31647 31692 I SV[84757330 MainActivity]: onSSPAndSRT: pl = 1727 pt = 141 sx = 1.0 sy = 1.0
05-10 10:01:11.122 31647 31692 I SV[84757330 MainActivity]: aOrMT: VRI[MainActivity]@6091b6b t = android.view.SurfaceControl$Transaction@37c7ad4 fN = 5009 android.view.SurfaceView.-$$Nest$mapplyOrMergeTransaction:0 android.view.SurfaceView$SurfaceViewPositionUpdateListener.positionChanged:1932 android.graphics.RenderNode$CompositePositionUpdateListener.positionChanged:401 
05-10 10:01:11.122 31647 31692 I VRI[MainActivity]@6091b6b: mWNT: t=0xb4000073d4fb31d0 mBlastBufferQueue=0xb4000074e3ce1130 fn= 5009 HdrRenderState mRenderHdrSdrRatio=1.0 caller= android.view.SurfaceView.applyOrMergeTransaction:1863 android.view.SurfaceView.-$$Nest$mapplyOrMergeTransaction:0 android.view.SurfaceView$SurfaceViewPositionUpdateListener.positionChanged:1932 
05-10 10:01:11.123 31647 31712 I VRI[MainActivity]@6091b6b: mWNT: t=0xb4000073d4bc9210 mBlastBufferQueue=0xb4000074e3ce1130 fn= 5009 HdrRenderState mRenderHdrSdrRatio=1.0 caller= android.view.ViewRootImpl$10.onFrameDraw:6536 android.view.ViewRootImpl$4.onFrameDraw:2489 android.view.ThreadedRenderer$1.onFrameDraw:718 
05-10 10:01:11.123 31647 31647 I SurfaceView: 84757330 Changes: creating=false format=false size=false visible=false alpha=false hint=false left=true top=false z=false attached=true lifecycleStrategy=false
05-10 10:01:11.123 31647 31647 I SurfaceView: 84757330 Cur surface: Surface(name=null mNativeObject=-5476376645610532240)/@0x3234428
05-10 10:01:11.123 31647 31647 D SurfaceComposerClient: setCornerRadius ## 50d4b52 SurfaceView[com.lagradost.cloudcache.prerelease/com.lagradost.cloudstream3.MainActivity]@0#774554 cornerRadius=0.000000
05-10 10:01:11.123 31647 31647 I SV[84757330 MainActivity]: updateSurface: mVisible = true mSurface.isValid() = true
05-10 10:01:11.123 31647 31647 I SV[84757330 MainActivity]: updateSurface: mSurfaceCreated = true surfaceChanged = false visibleChanged = false
05-10 10:01:11.123 31647 31647 V SurfaceView: Layout: x=1745 y=141 w=2960 h=350, frame=Rect(0, 0 - 2960, 350)
05-10 10:01:11.123 31647 31647 I VRI[MainActivity]@6091b6b: registerCallbackForPendingTransactions
05-10 10:01:11.130 31647 31692 D SurfaceView: 84757330 updateSurfacePosition RenderWorker, frameNr = 5010, position = [1745, 141, 4705, 491] surfaceSize = 2960x350
05-10 10:01:11.130 31647 31692 I SV[84757330 MainActivity]: uSP: rtp = Rect(1745, 141 - 4705, 491) rtsw = 2960 rtsh = 350
05-10 10:01:11.130 31647 31692 I SV[84757330 MainActivity]: onSSPAndSRT: pl = 1745 pt = 141 sx = 1.0 sy = 1.0
05-10 10:01:11.131 31647 31692 I SV[84757330 MainActivity]: aOrMT: VRI[MainActivity]@6091b6b t = android.view.SurfaceControl$Transaction@37c7ad4 fN = 5010 android.view.SurfaceView.-$$Nest$mapplyOrMergeTransaction:0 android.view.SurfaceView$SurfaceViewPositionUpdateListener.positionChanged:1932 android.graphics.RenderNode$CompositePositionUpdateListener.positionChanged:401 
05-10 10:01:11.131 31647 31692 I VRI[MainActivity]@6091b6b: mWNT: t=0xb4000073d4fb31d0 mBlastBufferQueue=0xb4000074e3ce1130 fn= 5010 HdrRenderState mRenderHdrSdrRatio=1.0 caller= android.view.SurfaceView.applyOrMergeTransaction:1863 android.view.SurfaceView.-$$Nest$mapplyOrMergeTransaction:0 android.view.SurfaceView$SurfaceViewPositionUpdateListener.positionChanged:1932 
05-10 10:01:11.132 31647 31713 I VRI[MainActivity]@6091b6b: mWNT: t=0xb4000073d4bc54d0 mBlastBufferQueue=0xb4000074e3ce1130 fn= 5010 HdrRenderState mRenderHdrSdrRatio=1.0 caller= android.view.ViewRootImpl$10.onFrameDraw:6536 android.view.ViewRootImpl$4.onFrameDraw:2489 android.view.ThreadedRenderer$1.onFrameDraw:718 
05-10 10:01:11.132 31647 31647 I SurfaceView: 84757330 Changes: creating=false format=false size=false visible=false alpha=false hint=false left=true top=false z=false attached=true lifecycleStrategy=false
05-10 10:01:11.132 31647 31647 I SurfaceView: 84757330 Cur surface: Surface(name=null mNativeObject=-5476376645610532240)/@0x3234428
05-10 10:01:11.132 31647 31647 D SurfaceComposerClient: setCornerRadius ## 50d4b52 SurfaceView[com.lagradost.cloudcache.prerelease/com.lagradost.cloudstream3.MainActivity]@0#774554 cornerRadius=0.000000
05-10 10:01:11.132 31647 31647 I SV[84757330 MainActivity]: updateSurface: mVisible = true mSurface.isValid() = true
05-10 10:01:11.132 31647 31647 I SV[84757330 MainActivity]: updateSurface: mSurfaceCreated = true surfaceChanged = false visibleChanged = false
05-10 10:01:11.132 31647 31647 V SurfaceView: Layout: x=1758 y=141 w=2960 h=350, frame=Rect(0, 0 - 2960, 350)
05-10 10:01:11.132 31647 31647 I VRI[MainActivity]@6091b6b: registerCallbackForPendingTransactions
05-10 10:01:11.138 31647 31692 D SurfaceView: 84757330 updateSurfacePosition RenderWorker, frameNr = 5011, position = [1758, 141, 4718, 491] surfaceSize = 2960x350
05-10 10:01:11.138 31647 31692 I SV[84757330 MainActivity]: uSP: rtp = Rect(1758, 141 - 4718, 491) rtsw = 2960 rtsh = 350
05-10 10:01:11.139 31647 31692 I SV[84757330 MainActivity]: onSSPAndSRT: pl = 1758 pt = 141 sx = 1.0 sy = 1.0
05-10 10:01:11.139 31647 31692 I SV[84757330 MainActivity]: aOrMT: VRI[MainActivity]@6091b6b t = android.view.SurfaceControl$Transaction@37c7ad4 fN = 5011 android.view.SurfaceView.-$$Nest$mapplyOrMergeTransaction:0 android.view.SurfaceView$SurfaceViewPositionUpdateListener.positionChanged:1932 android.graphics.RenderNode$CompositePositionUpdateListener.positionChanged:401 
05-10 10:01:11.139 31647 31692 I VRI[MainActivity]@6091b6b: mWNT: t=0xb4000073d4fb31d0 mBlastBufferQueue=0xb4000074e3ce1130 fn= 5011 HdrRenderState mRenderHdrSdrRatio=1.0 caller= android.view.SurfaceView.applyOrMergeTransaction:1863 android.view.SurfaceView.-$$Nest$mapplyOrMergeTransaction:0 android.view.SurfaceView$SurfaceViewPositionUpdateListener.positionChanged:1932 
05-10 10:01:11.139 31647 31712 I VRI[MainActivity]@6091b6b: mWNT: t=0xb4000073d4b01150 mBlastBufferQueue=0xb4000074e3ce1130 fn= 5011 HdrRenderState mRenderHdrSdrRatio=1.0 caller= android.view.ViewRootImpl$10.onFrameDraw:6536 android.view.ViewRootImpl$4.onFrameDraw:2489 android.view.ThreadedRenderer$1.onFrameDraw:718 
05-10 10:01:11.140 31647 31647 I SurfaceView: 84757330 Changes: creating=false format=false size=false visible=false alpha=false hint=false left=true top=false z=false attached=true lifecycleStrategy=false
05-10 10:01:11.140 31647 31647 I SurfaceView: 84757330 Cur surface: Surface(name=null mNativeObject=-5476376645610532240)/@0x3234428
05-10 10:01:11.140 31647 31647 D SurfaceComposerClient: setCornerRadius ## 50d4b52 SurfaceView[com.lagradost.cloudcache.prerelease/com.lagradost.cloudstream3.MainActivity]@0#774554 cornerRadius=0.000000
05-10 10:01:11.140 31647 31647 I SV[84757330 MainActivity]: updateSurface: mVisible = true mSurface.isValid() = true
05-10 10:01:11.140 31647 31647 I SV[84757330 MainActivity]: updateSurface: mSurfaceCreated = true surfaceChanged = false visibleChanged = false
05-10 10:01:11.140 31647 31647 V SurfaceView: Layout: x=1763 y=141 w=2960 h=350, frame=Rect(0, 0 - 2960, 350)
05-10 10:01:11.140 31647 31647 I VRI[MainActivity]@6091b6b: registerCallbackForPendingTransactions
05-10 10:01:11.147 31647 31692 D SurfaceView: 84757330 updateSurfacePosition RenderWorker, frameNr = 5012, position = [1763, 141, 4723, 491] surfaceSize = 2960x350
05-10 10:01:11.147 31647 31692 I SV[84757330 MainActivity]: uSP: rtp = Rect(1763, 141 - 4723, 491) rtsw = 2960 rtsh = 350
05-10 10:01:11.147 31647 31692 I SV[84757330 MainActivity]: onSSPAndSRT: pl = 1763 pt = 141 sx = 1.0 sy = 1.0
05-10 10:01:11.147 31647 31692 I SV[84757330 MainActivity]: aOrMT: VRI[MainActivity]@6091b6b t = android.view.SurfaceControl$Transaction@37c7ad4 fN = 5012 android.view.SurfaceView.-$$Nest$mapplyOrMergeTransaction:0 android.view.SurfaceView$SurfaceViewPositionUpdateListener.positionChanged:1932 android.graphics.RenderNode$CompositePositionUpdateListener.positionChanged:401 
05-10 10:01:11.147 31647 31692 I VRI[MainActivity]@6091b6b: mWNT: t=0xb4000073d4fb31d0 mBlastBufferQueue=0xb4000074e3ce1130 fn= 5012 HdrRenderState mRenderHdrSdrRatio=1.0 caller= android.view.SurfaceView.applyOrMergeTransaction:1863 android.view.SurfaceView.-$$Nest$mapplyOrMergeTransaction:0 android.view.SurfaceView$SurfaceViewPositionUpdateListener.positionChanged:1932 
05-10 10:01:11.148 31647 31713 I VRI[MainActivity]@6091b6b: mWNT: t=0xb4000073d3db5550 mBlastBufferQueue=0xb4000074e3ce1130 fn= 5012 HdrRenderState mRenderHdrSdrRatio=1.0 caller= android.view.ViewRootImpl$10.onFrameDraw:6536 android.view.ViewRootImpl$4.onFrameDraw:2489 android.view.ThreadedRenderer$1.onFrameDraw:718 
05-10 10:01:11.148 31647 31647 I SurfaceView: 84757330 Changes: creating=false format=false size=false visible=false alpha=false hint=false left=true top=false z=false attached=true lifecycleStrategy=false
05-10 10:01:11.148 31647 31647 I SurfaceView: 84757330 Cur surface: Surface(name=null mNativeObject=-5476376645610532240)/@0x3234428
05-10 10:01:11.148 31647 31647 D SurfaceComposerClient: setCornerRadius ## 50d4b52 SurfaceView[com.lagradost.cloudcache.prerelease/com.lagradost.cloudstream3.MainActivity]@0#774554 cornerRadius=0.000000
05-10 10:01:11.148 31647 31647 I SV[84757330 MainActivity]: updateSurface: mVisible = true mSurface.isValid() = true
05-10 10:01:11.148 31647 31647 I SV[84757330 MainActivity]: updateSurface: mSurfaceCreated = true surfaceChanged = false visibleChanged = false
05-10 10:01:11.148 31647 31647 V SurfaceView: Layout: x=1764 y=141 w=2960 h=350, frame=Rect(0, 0 - 2960, 350)
05-10 10:01:11.148 31647 31647 I VRI[MainActivity]@6091b6b: registerCallbackForPendingTransactions
05-10 10:01:11.155 31647 31692 D SurfaceView: 84757330 updateSurfacePosition RenderWorker, frameNr = 5013, position = [1764, 141, 4724, 491] surfaceSize = 2960x350
05-10 10:01:11.155 31647 31692 I SV[84757330 MainActivity]: uSP: rtp = Rect(1764, 141 - 4724, 491) rtsw = 2960 rtsh = 350
05-10 10:01:11.155 31647 31692 I SV[84757330 MainActivity]: onSSPAndSRT: pl = 1764 pt = 141 sx = 1.0 sy = 1.0
05-10 10:01:11.155 31647 31692 I SV[84757330 MainActivity]: aOrMT: VRI[MainActivity]@6091b6b t = android.view.SurfaceControl$Transaction@37c7ad4 fN = 5013 android.view.SurfaceView.-$$Nest$mapplyOrMergeTransaction:0 android.view.SurfaceView$SurfaceViewPositionUpdateListener.positionChanged:1932 android.graphics.RenderNode$CompositePositionUpdateListener.positionChanged:401 
05-10 10:01:11.155 31647 31692 I VRI[MainActivity]@6091b6b: mWNT: t=0xb4000073d4fb31d0 mBlastBufferQueue=0xb4000074e3ce1130 fn= 5013 HdrRenderState mRenderHdrSdrRatio=1.0 caller= android.view.SurfaceView.applyOrMergeTransaction:1863 android.view.SurfaceView.-$$Nest$mapplyOrMergeTransaction:0 android.view.SurfaceView$SurfaceViewPositionUpdateListener.positionChanged:1932 
05-10 10:01:11.156 31647 31712 I VRI[MainActivity]@6091b6b: mWNT: t=0xb4000073d3dc0450 mBlastBufferQueue=0xb4000074e3ce1130 fn= 5013 HdrRenderState mRenderHdrSdrRatio=1.0 caller= android.view.ViewRootImpl$10.onFrameDraw:6536 android.view.ViewRootImpl$4.onFrameDraw:2489 android.view.ThreadedRenderer$1.onFrameDraw:718 
05-10 10:01:11.983 31647 31647 I SYNCVM  : updateUserData - status result for simkl: isSuccess=true, isFailure=false
05-10 10:01:11.983 31647 31647 I SYNCVM  : updateUserData - SUCCESS for simkl with non-null status, isValid: true
05-10 10:01:11.983 31647 31647 I SYNCVM  : updateUserData - providers with valid status: [simkl]
05-10 10:01:11.983 31647 31647 I SYNCVM  : updateUserData - tried 1 APIs, anySuccess: true, status is null: false
05-10 10:01:11.983 31647 31647 I SYNCVM  : updateUserData - request completed, flag released
05-10 10:01:11.985 31647 31647 D Lifecycle: Observer triggered - thread: main, value class: LinkedHashSet, value is Map: false
05-10 10:01:11.985 31647 31647 D Lifecycle: Observer triggered with value: [simkl]
05-10 10:01:11.985 31647 31647 D [SYNC_PROVIDER_DEBUG]: Providers with valid status observer fired: [simkl], selectedProvider: null
05-10 10:01:11.985 31647 31647 D [SYNC_PROVIDER_DEBUG]: Filtered synced providers: [Simkl]
05-10 10:01:11.986 31647 31647 D [SYNC_PROVIDER_DEBUG]: Updated status text to: Currently tracked on Simkl
05-10 10:01:11.986 31647 31647 D Lifecycle: Observer triggered - thread: main, value class: Success, value is Map: false
05-10 10:01:11.986 31647 31647 D Lifecycle: Observer triggered with value: Success(value=com.lagradost.cloudstream3.syncproviders.providers.SimklApi$SimklSyncStatus@e468d60)
05-10 10:01:11.986 31647 31647 D [SYNC_USERDATA_DEBUG]: UserData observer fired: Success
05-10 10:01:12.007 31647 31647 D [SYNC_PROVIDER_DEBUG]: Spinner onItemSelected - position: 0
05-10 10:01:12.007 31647 31647 D [SYNC_PROVIDER_DEBUG]: All Providers selected - calling updateUserData
05-10 10:01:12.007 31647 31647 I SYNCVM  : updateUserData - syncs size: 1, syncs: {simkl={"Tmdb":"289424","Imdb":"tt36732944"}}
05-10 10:01:12.007 31647 31647 I SYNCVM  : updateUserData - trying simkl with id {"Tmdb":"289424","Imdb":"tt36732944"}
05-10 10:01:12.007 31647 31647 I SYNCVM  : updateUserData - repo for simkl: true
05-10 10:01:12.008 31647 31647 D [SIMKL_ID_RESOLVE]: Resolving ID: {"Tmdb":"289424","Imdb":"tt36732944"}
05-10 10:01:12.008 31647 31647 D [SIMKL_ID_RESOLVE]: Cross-ref IDs detected: {Tmdb=289424, Imdb=tt36732944}
05-10 10:01:12.008 31647 31647 W [SIMKL_ID_RESOLVE]: All resolution methods failed
05-10 10:01:12.008 31647 31647 D [SIMKL_ID_REFACTOR]: Status called with id: {"Tmdb":"289424","Imdb":"tt36732944"}, resolved to: {"Tmdb":"289424","Imdb":"tt36732944"}
05-10 10:01:12.008 31647 31647 D [SIMKL_ID_FIX]: Using cross-ref IDs: {Tmdb=289424, Imdb=tt36732944}
05-10 10:01:12.008 31647 31647 D [SIMKL_RATE_LIMIT]: Rate limiting: waiting 686ms
05-10 10:01:12.009 31647 31647 D Lifecycle: Observer triggered - thread: main, value class: null, value is Map: false
05-10 10:01:12.009 31647 31647 D Lifecycle: Observer triggered with value: null
05-10 10:01:12.009 31647 31647 D Lifecycle: Observer triggered - thread: main, value class: Loading, value is Map: false
05-10 10:01:12.009 31647 31647 D Lifecycle: Observer triggered with value: Loading(url=null)
05-10 10:01:12.009 31647 31647 D [SYNC_USERDATA_DEBUG]: UserData observer fired: Loading
05-10 10:01:12.978 31647 31647 D [SIMKL_RATE_LIMIT]: Rate limiting: waiting 716ms
05-10 10:01:13.977 31647 31647 I SYNCVM  : updateUserData - status result for simkl: isSuccess=true, isFailure=false
05-10 10:01:13.977 31647 31647 I SYNCVM  : updateUserData - SUCCESS for simkl with non-null status, isValid: true
05-10 10:01:13.977 31647 31647 I SYNCVM  : updateUserData - providers with valid status: [simkl]
05-10 10:01:13.978 31647 31647 I SYNCVM  : updateUserData - tried 1 APIs, anySuccess: true, status is null: false
05-10 10:01:13.978 31647 31647 I SYNCVM  : updateUserData - request completed, flag released
05-10 10:01:13.978 31647 31647 I VRI[MainActivity]@6091b6b: call setFrameRateCategory for touch hint category=no preference, reason=boost timeout, vri=VRI[MainActivity]@6091b6b
05-10 10:01:13.980 31647 31647 D Lifecycle: Observer triggered - thread: main, value class: LinkedHashSet, value is Map: false
05-10 10:01:13.980 31647 31647 D Lifecycle: Observer triggered with value: [simkl]
05-10 10:01:13.980 31647 31647 D [SYNC_PROVIDER_DEBUG]: Providers with valid status observer fired: [simkl], selectedProvider: null
05-10 10:01:13.980 31647 31647 D [SYNC_PROVIDER_DEBUG]: Filtered synced providers: [Simkl]
05-10 10:01:13.981 31647 31647 D [SYNC_PROVIDER_DEBUG]: Updated status text to: Currently tracked on Simkl
05-10 10:01:13.981 31647 31647 D Lifecycle: Observer triggered - thread: main, value class: Success, value is Map: false
05-10 10:01:13.981 31647 31647 D Lifecycle: Observer triggered with value: Success(value=com.lagradost.cloudstream3.syncproviders.providers.SimklApi$SimklSyncStatus@5c1bbf1)
05-10 10:01:13.981 31647 31647 D [SYNC_USERDATA_DEBUG]: UserData observer fired: Success
05-10 10:01:16.619 31647 31647 I VRI[MainActivity]@6091b6b: ViewPostIme pointer 0
05-10 10:01:16.620 31647 31647 I VRI[MainActivity]@6091b6b: call setFrameRateCategory for touch hint category=high hint, reason=touch, vri=VRI[MainActivity]@6091b6b
05-10 10:01:16.672 31647 31647 I VRI[MainActivity]@6091b6b: ViewPostIme pointer 1
05-10 10:01:16.684 31647 31647 I SYNCVM  : setEpisodesDelta = 1
05-10 10:01:16.684 31647 31647 I SYNCVM  : setEpisodes = 2
05-10 10:01:16.684 31647 31647 D Lifecycle: Observer triggered - thread: main, value class: Success, value is Map: false
05-10 10:01:16.684 31647 31647 D Lifecycle: Observer triggered with value: Success(value=com.lagradost.cloudstream3.syncproviders.providers.SimklApi$SimklSyncStatus@dc58834)
05-10 10:01:16.684 31647 31647 D [SYNC_USERDATA_DEBUG]: UserData observer fired: Success
05-10 10:01:17.022 31647 31647 I VRI[MainActivity]@6091b6b: ViewPostIme pointer 0
05-10 10:01:17.103 31647 31647 I VRI[MainActivity]@6091b6b: ViewPostIme pointer 1
05-10 10:01:17.114 31647 31647 I SYNCVM  : setEpisodesDelta = 1
05-10 10:01:17.114 31647 31647 I SYNCVM  : setEpisodes = 3
05-10 10:01:17.115 31647 31647 D Lifecycle: Observer triggered - thread: main, value class: Success, value is Map: false
05-10 10:01:17.115 31647 31647 D Lifecycle: Observer triggered with value: Success(value=com.lagradost.cloudstream3.syncproviders.providers.SimklApi$SimklSyncStatus@6f56664)
05-10 10:01:17.115 31647 31647 D [SYNC_USERDATA_DEBUG]: UserData observer fired: Success
05-10 10:01:18.022 31647 31647 I VRI[MainActivity]@6091b6b: ViewPostIme pointer 0
05-10 10:01:18.121 31647 31647 I VRI[MainActivity]@6091b6b: ViewPostIme pointer 1
05-10 10:01:18.133 31647 24104 I SYNCVM  : publishUserData
05-10 10:01:18.134 31647 31647 D Lifecycle: Observer triggered - thread: main, value class: Boolean, value is Map: false
05-10 10:01:18.134 31647 31647 D Lifecycle: Observer triggered with value: true
05-10 10:01:18.134 31647 24104 D [SIMKL_ID_RESOLVE]: Resolving ID: {"Tmdb":"289424","Imdb":"tt36732944"}
05-10 10:01:18.135 31647 24104 D [SIMKL_ID_RESOLVE]: Cross-ref IDs detected: {Tmdb=289424, Imdb=tt36732944}
05-10 10:01:18.135 31647 24104 W [SIMKL_ID_RESOLVE]: All resolution methods failed
05-10 10:01:18.135 31647 24104 D [SIMKL_ID_REFACTOR]: Status called with id: {"Tmdb":"289424","Imdb":"tt36732944"}, resolved to: {"Tmdb":"289424","Imdb":"tt36732944"}
05-10 10:01:18.135 31647 24104 D [SIMKL_ID_FIX]: Using cross-ref IDs: {Tmdb=289424, Imdb=tt36732944}
05-10 10:01:18.408 31647 24104 D [SIMKL_RATE_LIMIT]: Rate limiting: waiting 727ms
05-10 10:01:19.408 31647 23758 D [SIMKL_ID_FIX]: updateStatus using cross-ref IDs: {"Tmdb":"289424","Imdb":"tt36732944"}
05-10 10:01:19.409 31647 23758 I SYNCVM  : updateUserData - syncs size: 1, syncs: {simkl={"Tmdb":"289424","Imdb":"tt36732944"}}
05-10 10:01:19.409 31647 31647 I SYNCVM  : updateUserData - trying simkl with id {"Tmdb":"289424","Imdb":"tt36732944"}
05-10 10:01:19.409 31647 31647 I SYNCVM  : updateUserData - repo for simkl: true
05-10 10:01:19.409 31647 31647 D [SIMKL_ID_RESOLVE]: Resolving ID: {"Tmdb":"289424","Imdb":"tt36732944"}
05-10 10:01:19.409 31647 31647 D [SIMKL_ID_RESOLVE]: Cross-ref IDs detected: {Tmdb=289424, Imdb=tt36732944}
05-10 10:01:19.409 31647 31647 W [SIMKL_ID_RESOLVE]: All resolution methods failed
05-10 10:01:19.409 31647 31647 D [SIMKL_ID_REFACTOR]: Status called with id: {"Tmdb":"289424","Imdb":"tt36732944"}, resolved to: {"Tmdb":"289424","Imdb":"tt36732944"}
05-10 10:01:19.409 31647 31647 D [SIMKL_ID_FIX]: Using cross-ref IDs: {Tmdb=289424, Imdb=tt36732944}
05-10 10:01:19.409 31647 31647 D [SIMKL_RATE_LIMIT]: Rate limiting: waiting 727ms
05-10 10:01:19.410 31647 31647 D Lifecycle: Observer triggered - thread: main, value class: Loading, value is Map: false
05-10 10:01:19.410 31647 31647 D Lifecycle: Observer triggered with value: Loading(url=null)
05-10 10:01:19.410 31647 31647 D [SYNC_USERDATA_DEBUG]: UserData observer fired: Loading
05-10 10:01:19.411 31647 31647 D Lifecycle: Observer triggered - thread: main, value class: String, value is Map: false
05-10 10:01:19.411 31647 31647 D Lifecycle: Observer triggered with value: Synced to SIMKL for anime
05-10 10:01:19.411 31647 31647 I COMPACT : showToast = Synced to SIMKL for anime
05-10 10:01:19.413 31647 31647 E Toast   : setGravity() shouldn't be called on text toasts, the values won't be used
05-10 10:01:19.413 31647 31647 I Toast   : setView: it's a custom toast
05-10 10:01:19.415 31647 31647 I Toast   : show: caller = com.lagradost.cloudstream3.CommonActivity.showToast:194 
05-10 10:01:19.415 31647 31647 I Toast   : show: contextDispId = 0 mCustomDisplayId = -1 focusedDisplayId = 0 isActivityContext = true
05-10 10:01:19.419 31647 31647 D Lifecycle: Observer triggered - thread: main, value class: Boolean, value is Map: false
05-10 10:01:19.419 31647 31647 D Lifecycle: Observer triggered with value: false
05-10 10:01:19.425 31647 31647 D Lifecycle: Observer triggered - thread: main, value class: null, value is Map: false
05-10 10:01:19.425 31647 31647 D Lifecycle: Observer triggered with value: null
05-10 10:01:19.426 31647 31647 V ToastPresenter: yOffset = 8
05-10 10:01:19.426 31647 31647 I WindowManager: WindowManagerGlobal#addView, ty=2005, view=androidx.cardview.widget.CardView{bbcb986 V.E..V... ......ID 0,0-0,0 #7f0a062d app:id/toast_layout_root}, caller=android.view.WindowManagerImpl.addView:158 android.widget.ToastPresenter.addToastView:424 android.widget.ToastPresenter.show:325 
05-10 10:01:19.426 31647 31647 D ViewRootImpl: desktopMode is false
05-10 10:01:19.426 31647 31647 I ViewRootImpl: dVRR is disabled
05-10 10:01:19.429 31647 31692 D NativeCustomFrequencyManager: [NativeCFMS] BpCustomFrequencyManager::BpCustomFrequencyManager()
05-10 10:01:19.433 31647 31647 D InputTransport: Input channel constructed: 'c4f0f34', fd=1248
05-10 10:01:19.434 31647 31647 I InsetsController: onStateChanged: host=Toast, from=android.view.ViewRootImpl.onInsetsStateChanged:3026, state=InsetsState: {mDisplayFrame=Rect(0, 0 - 2960, 1848), mDisplayCutout=DisplayCutout{insets=Rect(0, 28 - 0, 0) waterfall=Insets{left=0, top=0, right=0, bottom=0} boundingRect={Bounds=[Rect(0, 0 - 0, 0), Rect(1393, 0 - 1567, 28), Rect(0, 0 - 0, 0), Rect(0, 0 - 0, 0)]} cutoutPathParserInfo={CutoutPathParserInfo{displayWidth=1848 displayHeight=2960 physicalDisplayWidth=1848 physicalDisplayHeight=2960 density={2.0} cutoutSpec={M 0,740 v -43.5 h -14 v 87 z @right @bind_right_cutout @dp} rotation={1} scale={1.0} physicalPixelDisplaySizeRatio={1.0}}} sideOverrides={}}, mRoundedCorners=RoundedCorners{[RoundedCorner{position=TopLeft, radius=23, center=Point(23, 23)}, RoundedCorner{position=TopRight, radius=23, center=Point(2937, 23)}, RoundedCorner{position=BottomRight, radius=23, center=Point(2937, 1825)}, RoundedCorner{position=BottomLeft, radius=23, center=Point(23, 1825)}]}  mRoundedCornerFrame=Rect(0, 0 - 0, 0), mPrivacyIndicatorBounds=PrivacyIndicatorBounds {static bounds=Rect(2883, 0 - 2960, 53) rotation=1}, mDisplayShape=DisplayShape{ spec=-311912193 displayWidth=1848 displayHeight=2960 physicalPixelDisplaySizeRatio=1.0 rotation=1 offsetX=0 offsetY=0 scale=1.0}, mSources= { InsetsSource: {3 mType=ime mFrame=[0,0][0,0] mVisible=false mFlags= mSideHint=NONE mBoundingRects=null}, InsetsSource: {27 mType=displayCutout mFrame=[0,0][2960,28] mVisible=true mFlags= mSideHint=TOP mBoundingRects=null}, InsetsSource: {c910000 mType=statusBars mFrame=[0,0][2960,53] mVisible=true mFlags= mSideHint=TOP mBoundingRects=null}, InsetsSource: {c910005 mType=mandatorySystemGestures mFrame=[0,0][2960,53] mVisible=true mFlags= mSideHint=TOP mBoundingRects=null}, InsetsSource: {c910006 mType=tappableElement mFrame=[0,0][2960,53] mVisible=true mFlags= mSideHint=TOP mBoundingRects=null}, InsetsSource: {5d750001 mType=navigationBars mFrame=[0,0][0,0] mVisible=true mFlags=SUPPRESS_SCRIM mSideHint=NONE mBoundingRects=null}, InsetsSource: {5d750004 mType=systemGestures mFrame=[0,0][39,1848] mVisible=true mFlags= mSideHint=LEFT mBoundingRects=null}, InsetsSource: {5d750005 mType=mandatorySystemGestures mFrame=[0,1813][2960,1848] mVisible=true mFlags= mSideHint=BOTTOM mBoundingRects=null}, InsetsSource: {5d750006 mType=tappableElement mFrame=[0,0][0,0] mVisible=true mFlags= mSideHint=NONE mBoundingRects=null}, InsetsSource: {5d750024 mType=systemGestures mFrame=[2921,0][2960,1848] mVisible=true mFlags= mSideHint=RIGHT mBoundingRects=null} }
05-10 10:01:19.434 31647 31647 I VRI[Toast]@3860247: synced displayState. AttachInfo displayState=2
05-10 10:01:19.434 31647 31647 I VRI[Toast]@3860247: setView = androidx.cardview.widget.CardView@bbcb986 IsHRR=false mFlingFrameRateChange=0 TM=true
05-10 10:01:19.436 31647 31692 D HWUI    : HWUI - treat SMPTE_170M as sRGB
05-10 10:01:19.440 31647 31647 W libc    : Access denied finding property "vendor.display.enable_optimal_refresh_rate"
05-10 10:01:19.440 31647 31647 I BufferQueueProducer: [](id:7b9f00000056,api:0,p:334678512,c:31647) setDequeueTimeout:2077252342
05-10 10:01:19.440 31647 31647 I BLASTBufferQueue_Java: new BLASTBufferQueue, mName= VRI[Toast]@3860247 mNativeObject= 0xb4000074e461e470 caller= android.view.ViewRootImpl.updateBlastSurfaceIfNeeded:3585 android.view.ViewRootImpl.relayoutWindow:11685 android.view.ViewRootImpl.performTraversals:4804 android.view.ViewRootImpl.doTraversal:3924 android.view.ViewRootImpl$TraversalRunnable.run:12903 android.view.Choreographer$CallbackRecord.run:1901 android.view.Choreographer$CallbackRecord.run:1910 android.view.Choreographer.doCallbacks:1367 android.view.Choreographer.doFrame:1292 android.view.Choreographer$FrameDisplayEventReceiver.run:1870 
05-10 10:01:19.440 31647 31647 I BLASTBufferQueue_Java: update, w= 378 h= 115 mName = VRI[Toast]@3860247 mNativeObject= 0xb4000074e461e470 sc.mNativeObject= 0xb400007353bbfb90 format= -3 caller= android.view.ViewRootImpl.updateBlastSurfaceIfNeeded:3590 android.view.ViewRootImpl.relayoutWindow:11685 android.view.ViewRootImpl.performTraversals:4804 android.view.ViewRootImpl.doTraversal:3924 android.view.ViewRootImpl$TraversalRunnable.run:12903 android.view.Choreographer$CallbackRecord.run:1901 
05-10 10:01:19.441 31647 31647 W libc    : Access denied finding property "vendor.display.enable_optimal_refresh_rate"
05-10 10:01:19.441 31647 31647 I VRI[Toast]@3860247: Relayout returned: old=(0,53,2960,1848) new=(1298,1739,1662,1840) relayoutAsync=false req=(364,101)0 dur=3 res=0x400003 s={true 0xb4000074b639fa40} ch=true seqId=0
05-10 10:01:19.441 31647 31647 I VRI[Toast]@3860247: performConfigurationChange setNightDimText nightDimLevel=0
05-10 10:01:19.442 31647 31647 D VRI[Toast]@3860247: mThreadedRenderer.initialize() mSurface={isValid=true 0xb4000074b639fa40} hwInitialized=true
05-10 10:01:19.442 31647 31647 D VRI[Toast]@3860247: reportNextDraw android.view.ViewRootImpl.performTraversals:5443 android.view.ViewRootImpl.doTraversal:3924 android.view.ViewRootImpl$TraversalRunnable.run:12903 android.view.Choreographer$CallbackRecord.run:1901 android.view.Choreographer$CallbackRecord.run:1910 
05-10 10:01:19.443 31647 31647 D VRI[Toast]@3860247: Setup new sync=wmsSync-VRI[Toast]@3860247#48
05-10 10:01:19.443 31647 31647 I VRI[Toast]@3860247: Creating new active sync group VRI[Toast]@3860247#49
05-10 10:01:19.443 31647 31647 D VRI[Toast]@3860247: registerCallbacksForSync syncBuffer=false
05-10 10:01:19.445 31647 31713 D VRI[Toast]@3860247: Received frameDrawingCallback syncResult=0 frameNum=1.
05-10 10:01:19.445 31647 31713 I VRI[Toast]@3860247: mWNT: t=0xb4000073d4b46510 mBlastBufferQueue=0xb4000074e461e470 fn= 1 HdrRenderState mRenderHdrSdrRatio=1.0 caller= android.view.ViewRootImpl$12.onFrameDraw:15441 android.view.ThreadedRenderer$1.onFrameDraw:718 <bottom of call stack> 
05-10 10:01:19.445 31647 31713 I VRI[Toast]@3860247: Setting up sync and frameCommitCallback
05-10 10:01:19.446 31647 31692 I BLASTBufferQueue: [VRI[Toast]@3860247#84](f:0,a:0,s:0) onFrameAvailable the first frame is available
05-10 10:01:19.446 31647 31692 I SurfaceComposerClient: apply transaction with the first frame. layerId: 774559, bufferData(ID: 135922830018667, frameNumber: 1)
05-10 10:01:19.447 31647 31692 I VRI[Toast]@3860247: Received frameCommittedCallback lastAttemptedDrawFrameNum=1 didProduceBuffer=true
05-10 10:01:19.447 31647 31692 D HWUI    : CFMS:: SetUp Pid : 31647    Tid : 31692
05-10 10:01:19.447 31647 31647 D VRI[Toast]@3860247: reportDrawFinished seqId=0
05-10 10:01:20.407 31647 31647 D [SIMKL_RATE_LIMIT]: Rate limiting: waiting 730ms
05-10 10:01:21.124 31647 31647 I VRI[MainActivity]@6091b6b: call setFrameRateCategory for touch hint category=no preference, reason=boost timeout, vri=VRI[MainActivity]@6091b6b
05-10 10:01:21.422 31647 31647 I WindowManager: WindowManagerGlobal#removeView, ty=2005, view=androidx.cardview.widget.CardView{bbcb986 V.E..V... ........ 0,0-364,101 #7f0a062d app:id/toast_layout_root}, caller=android.view.WindowManagerGlobal.removeView:654 android.view.WindowManagerImpl.removeViewImmediate:216 android.widget.ToastPresenter.hide:348 
05-10 10:01:21.423 31647 31647 I VRI[Toast]@3860247: dispatchDetachedFromWindow
05-10 10:01:21.430 31647 31647 D InputTransport: Input channel destroyed: 'c4f0f34', fd=1248
05-10 10:01:21.455 31647 31647 I SYNCVM  : updateUserData - status result for simkl: isSuccess=true, isFailure=false
05-10 10:01:21.455 31647 31647 I SYNCVM  : updateUserData - SUCCESS for simkl with non-null status, isValid: true
05-10 10:01:21.455 31647 31647 I SYNCVM  : updateUserData - providers with valid status: [simkl]
05-10 10:01:21.455 31647 31647 I SYNCVM  : updateUserData - tried 1 APIs, anySuccess: true, status is null: false
05-10 10:01:21.455 31647 31647 I SYNCVM  : updateUserData - request completed, flag released
05-10 10:01:21.455 31647 31647 D Lifecycle: Observer triggered - thread: main, value class: LinkedHashSet, value is Map: false
05-10 10:01:21.455 31647 31647 D Lifecycle: Observer triggered with value: [simkl]
05-10 10:01:21.455 31647 31647 D [SYNC_PROVIDER_DEBUG]: Providers with valid status observer fired: [simkl], selectedProvider: null
05-10 10:01:21.455 31647 31647 D [SYNC_PROVIDER_DEBUG]: Filtered synced providers: [Simkl]
05-10 10:01:21.455 31647 31647 D [SYNC_PROVIDER_DEBUG]: Updated status text to: Currently tracked on Simkl
05-10 10:01:21.455 31647 31647 D Lifecycle: Observer triggered - thread: main, value class: Success, value is Map: false
05-10 10:01:21.455 31647 31647 D Lifecycle: Observer triggered with value: Success(value=com.lagradost.cloudstream3.syncproviders.providers.SimklApi$SimklSyncStatus@d309f58)
05-10 10:01:21.455 31647 31647 D [SYNC_USERDATA_DEBUG]: UserData observer fired: Success
05-10 10:01:21.636 31647 31647 I VRI[MainActivity]@6091b6b: ViewPostIme key 0
--------- beginning of system
05-10 10:01:21.636 31647 31647 D Activity: onKeyDown(KEYCODE_BACK), activity=com.lagradost.cloudstream3.MainActivity@ee5a2d7
05-10 10:01:21.638 31647 31647 D popFragment: Destroying Fragment
05-10 10:01:21.638 31647 31647 D [MINI_SYNC_PANEL]: Back pressed - current panel state: 0
05-10 10:01:21.638 31647 31647 D [MINI_SYNC_PANEL]: Back pressed with panel closed - closing panels
05-10 10:01:21.638 31647 31647 I VRI[MainActivity]@6091b6b: ViewPostIme key 1
05-10 10:01:21.638 31647 31647 D Activity: onKeyUp(KEYCODE_BACK) isTracking()=true isCanceled()=true hasCallback=true
05-10 10:01:21.653 31647 31647 I SurfaceView: 84757330 Changes: creating=false format=false size=false visible=false alpha=false hint=false left=true top=false z=false attached=true lifecycleStrategy=false
05-10 10:01:21.653 31647 31647 I SurfaceView: 84757330 Cur surface: Surface(name=null mNativeObject=-5476376645610532240)/@0x3234428
05-10 10:01:21.653 31647 31647 D SurfaceComposerClient: setCornerRadius ## 50d4b52 SurfaceView[com.lagradost.cloudcache.prerelease/com.lagradost.cloudstream3.MainActivity]@0#774554 cornerRadius=0.000000
05-10 10:01:21.653 31647 31647 I SV[84757330 MainActivity]: updateSurface: mVisible = true mSurface.isValid() = true
05-10 10:01:21.653 31647 31647 I SV[84757330 MainActivity]: updateSurface: mSurfaceCreated = true surfaceChanged = false visibleChanged = false
05-10 10:01:21.653 31647 31647 V SurfaceView: Layout: x=1748 y=141 w=2960 h=350, frame=Rect(0, 0 - 2960, 350)
05-10 10:01:21.653 31647 31647 I VRI[MainActivity]@6091b6b: registerCallbackForPendingTransactions
05-10 10:01:21.653 31647 31692 D SurfaceView: 84757330 updateSurfacePosition RenderWorker, frameNr = 5592, position = [1748, 141, 4708, 491] surfaceSize = 2960x350
05-10 10:01:21.653 31647 31692 I SV[84757330 MainActivity]: uSP: rtp = Rect(1748, 141 - 4708, 491) rtsw = 2960 rtsh = 350
05-10 10:01:21.653 31647 31692 I SV[84757330 MainActivity]: onSSPAndSRT: pl = 1748 pt = 141 sx = 1.0 sy = 1.0
05-10 10:01:21.653 31647 31692 I SV[84757330 MainActivity]: aOrMT: VRI[MainActivity]@6091b6b t = android.view.SurfaceControl$Transaction@37c7ad4 fN = 5592 android.view.SurfaceView.-$$Nest$mapplyOrMergeTransaction:0 android.view.SurfaceView$SurfaceViewPositionUpdateListener.positionChanged:1932 android.graphics.RenderNode$CompositePositionUpdateListener.positionChanged:401 
05-10 10:01:21.653 31647 31692 I VRI[MainActivity]@6091b6b: mWNT: t=0xb4000073d4fb31d0 mBlastBufferQueue=0xb4000074e3ce1130 fn= 5592 HdrRenderState mRenderHdrSdrRatio=1.0 caller= android.view.SurfaceView.applyOrMergeTransaction:1863 android.view.SurfaceView.-$$Nest$mapplyOrMergeTransaction:0 android.view.SurfaceView$SurfaceViewPositionUpdateListener.positionChanged:1932 
05-10 10:01:21.655 31647 31712 I VRI[MainActivity]@6091b6b: mWNT: t=0xb4000073d41f2e10 mBlastBufferQueue=0xb4000074e3ce1130 fn= 5592 HdrRenderState mRenderHdrSdrRatio=1.0 caller= android.view.ViewRootImpl$10.onFrameDraw:6536 android.view.ViewRootImpl$4.onFrameDraw:2489 android.view.ThreadedRenderer$1.onFrameDraw:718 
05-10 10:01:21.662 31647 31647 I SurfaceView: 84757330 Changes: creating=false format=false size=false visible=false alpha=false hint=false left=true top=false z=false attached=true lifecycleStrategy=false
05-10 10:01:21.662 31647 31647 I SurfaceView: 84757330 Cur surface: Surface(name=null mNativeObject=-5476376645610532240)/@0x3234428
05-10 10:01:21.662 31647 31647 D SurfaceComposerClient: setCornerRadius ## 50d4b52 SurfaceView[com.lagradost.cloudcache.prerelease/com.lagradost.cloudstream3.MainActivity]@0#774554 cornerRadius=0.000000
05-10 10:01:21.662 31647 31647 I SV[84757330 MainActivity]: updateSurface: mVisible = true mSurface.isValid() = true
05-10 10:01:21.662 31647 31647 I SV[84757330 MainActivity]: updateSurface: mSurfaceCreated = true surfaceChanged = false visibleChanged = false
05-10 10:01:21.662 31647 31647 V SurfaceView: Layout: x=1680 y=141 w=2960 h=350, frame=Rect(0, 0 - 2960, 350)
05-10 10:01:21.662 31647 31647 I VRI[MainActivity]@6091b6b: registerCallbackForPendingTransactions
05-10 10:01:21.662 31647 31692 D SurfaceView: 84757330 updateSurfacePosition RenderWorker, frameNr = 5593, position = [1680, 141, 4640, 491] surfaceSize = 2960x350
05-10 10:01:21.662 31647 31692 I SV[84757330 MainActivity]: uSP: rtp = Rect(1680, 141 - 4640, 491) rtsw = 2960 rtsh = 350
05-10 10:01:21.662 31647 31692 I SV[84757330 MainActivity]: onSSPAndSRT: pl = 1680 pt = 141 sx = 1.0 sy = 1.0
05-10 10:01:21.662 31647 31692 I SV[84757330 MainActivity]: aOrMT: VRI[MainActivity]@6091b6b t = android.view.SurfaceControl$Transaction@37c7ad4 fN = 5593 android.view.SurfaceView.-$$Nest$mapplyOrMergeTransaction:0 android.view.SurfaceView$SurfaceViewPositionUpdateListener.positionChanged:1932 android.graphics.RenderNode$CompositePositionUpdateListener.positionChanged:401 
05-10 10:01:21.662 31647 31692 I VRI[MainActivity]@6091b6b: mWNT: t=0xb4000073d4fb31d0 mBlastBufferQueue=0xb4000074e3ce1130 fn= 5593 HdrRenderState mRenderHdrSdrRatio=1.0 caller= android.view.SurfaceView.applyOrMergeTransaction:1863 android.view.SurfaceView.-$$Nest$mapplyOrMergeTransaction:0 android.view.SurfaceView$SurfaceViewPositionUpdateListener.positionChanged:1932 
05-10 10:01:21.665 31647 31713 I VRI[MainActivity]@6091b6b: mWNT: t=0xb4000073d424edd0 mBlastBufferQueue=0xb4000074e3ce1130 fn= 5593 HdrRenderState mRenderHdrSdrRatio=1.0 caller= android.view.ViewRootImpl$10.onFrameDraw:6536 android.view.ViewRootImpl$4.onFrameDraw:2489 android.view.ThreadedRenderer$1.onFrameDraw:718 
05-10 10:01:21.670 31647 31647 I SurfaceView: 84757330 Changes: creating=false format=false size=false visible=false alpha=false hint=false left=true top=false z=false attached=true lifecycleStrategy=false
05-10 10:01:21.670 31647 31647 I SurfaceView: 84757330 Cur surface: Surface(name=null mNativeObject=-5476376645610532240)/@0x3234428
05-10 10:01:21.670 31647 31647 D SurfaceComposerClient: setCornerRadius ## 50d4b52 SurfaceView[com.lagradost.cloudcache.prerelease/com.lagradost.cloudstream3.MainActivity]@0#774554 cornerRadius=0.000000
05-10 10:01:21.670 31647 31647 I SV[84757330 MainActivity]: updateSurface: mVisible = true mSurface.isValid() = true
05-10 10:01:21.670 31647 31647 I SV[84757330 MainActivity]: updateSurface: mSurfaceCreated = true surfaceChanged = false visibleChanged = false
05-10 10:01:21.670 31647 31647 V SurfaceView: Layout: x=1550 y=141 w=2960 h=350, frame=Rect(0, 0 - 2960, 350)
05-10 10:01:21.670 31647 31647 I VRI[MainActivity]@6091b6b: registerCallbackForPendingTransactions
05-10 10:01:21.670 31647 31692 D SurfaceView: 84757330 updateSurfacePosition RenderWorker, frameNr = 5594, position = [1550, 141, 4510, 491] surfaceSize = 2960x350
05-10 10:01:21.671 31647 31692 I SV[84757330 MainActivity]: uSP: rtp = Rect(1550, 141 - 4510, 491) rtsw = 2960 rtsh = 350
05-10 10:01:21.671 31647 31692 I SV[84757330 MainActivity]: onSSPAndSRT: pl = 1550 pt = 141 sx = 1.0 sy = 1.0
05-10 10:01:21.671 31647 31692 I SV[84757330 MainActivity]: aOrMT: VRI[MainActivity]@6091b6b t = android.view.SurfaceControl$Transaction@37c7ad4 fN = 5594 android.view.SurfaceView.-$$Nest$mapplyOrMergeTransaction:0 android.view.SurfaceView$SurfaceViewPositionUpdateListener.positionChanged:1932 android.graphics.RenderNode$CompositePositionUpdateListener.positionChanged:401 
05-10 10:01:21.671 31647 31692 I VRI[MainActivity]@6091b6b: mWNT: t=0xb4000073d4fb31d0 mBlastBufferQueue=0xb4000074e3ce1130 fn= 5594 HdrRenderState mRenderHdrSdrRatio=1.0 caller= android.view.SurfaceView.applyOrMergeTransaction:1863 android.view.SurfaceView.-$$Nest$mapplyOrMergeTransaction:0 android.view.SurfaceView$SurfaceViewPositionUpdateListener.positionChanged:1932 
05-10 10:01:21.671 31647 31712 I VRI[MainActivity]@6091b6b: mWNT: t=0xb4000073d43b6990 mBlastBufferQueue=0xb4000074e3ce1130 fn= 5594 HdrRenderState mRenderHdrSdrRatio=1.0 caller= android.view.ViewRootImpl$10.onFrameDraw:6536 android.view.ViewRootImpl$4.onFrameDraw:2489 android.view.ThreadedRenderer$1.onFrameDraw:718 
05-10 10:01:21.678 31647 31647 I SurfaceView: 84757330 Changes: creating=false format=false size=false visible=false alpha=false hint=false left=true top=false z=false attached=true lifecycleStrategy=false
05-10 10:01:21.678 31647 31647 I SurfaceView: 84757330 Cur surface: Surface(name=null mNativeObject=-5476376645610532240)/@0x3234428
05-10 10:01:21.678 31647 31647 D SurfaceComposerClient: setCornerRadius ## 50d4b52 SurfaceView[com.lagradost.cloudcache.prerelease/com.lagradost.cloudstream3.MainActivity]@0#774554 cornerRadius=0.000000
05-10 10:01:21.678 31647 31647 I SV[84757330 MainActivity]: updateSurface: mVisible = true mSurface.isValid() = true
05-10 10:01:21.678 31647 31647 I SV[84757330 MainActivity]: updateSurface: mSurfaceCreated = true surfaceChanged = false visibleChanged = false
05-10 10:01:21.678 31647 31647 V SurfaceView: Layout: x=1330 y=141 w=2960 h=350, frame=Rect(0, 0 - 2960, 350)
05-10 10:01:21.678 31647 31647 I VRI[MainActivity]@6091b6b: registerCallbackForPendingTransactions
05-10 10:01:21.679 31647 31692 D SurfaceView: 84757330 updateSurfacePosition RenderWorker, frameNr = 5595, position = [1330, 141, 4290, 491] surfaceSize = 2960x350
05-10 10:01:21.679 31647 31692 I SV[84757330 MainActivity]: uSP: rtp = Rect(1330, 141 - 4290, 491) rtsw = 2960 rtsh = 350
05-10 10:01:21.679 31647 31692 I SV[84757330 MainActivity]: onSSPAndSRT: pl = 1330 pt = 141 sx = 1.0 sy = 1.0
05-10 10:01:21.679 31647 31692 I SV[84757330 MainActivity]: aOrMT: VRI[MainActivity]@6091b6b t = android.view.SurfaceControl$Transaction@37c7ad4 fN = 5595 android.view.SurfaceView.-$$Nest$mapplyOrMergeTransaction:0 android.view.SurfaceView$SurfaceViewPositionUpdateListener.positionChanged:1932 android.graphics.RenderNode$CompositePositionUpdateListener.positionChanged:401 
05-10 10:01:21.679 31647 31692 I VRI[MainActivity]@6091b6b: mWNT: t=0xb4000073d4fb31d0 mBlastBufferQueue=0xb4000074e3ce1130 fn= 5595 HdrRenderState mRenderHdrSdrRatio=1.0 caller= android.view.SurfaceView.applyOrMergeTransaction:1863 android.view.SurfaceView.-$$Nest$mapplyOrMergeTransaction:0 android.view.SurfaceView$SurfaceViewPositionUpdateListener.positionChanged:1932 
05-10 10:01:21.680 31647 31713 I VRI[MainActivity]@6091b6b: mWNT: t=0xb4000073d48836d0 mBlastBufferQueue=0xb4000074e3ce1130 fn= 5595 HdrRenderState mRenderHdrSdrRatio=1.0 caller= android.view.ViewRootImpl$10.onFrameDraw:6536 android.view.ViewRootImpl$4.onFrameDraw:2489 android.view.ThreadedRenderer$1.onFrameDraw:718 
05-10 10:01:21.686 31647 31647 I SurfaceView: 84757330 Changes: creating=false format=false size=false visible=false alpha=false hint=false left=true top=false z=false attached=true lifecycleStrategy=false
05-10 10:01:21.686 31647 31647 I SurfaceView: 84757330 Cur surface: Surface(name=null mNativeObject=-5476376645610532240)/@0x3234428
05-10 10:01:21.686 31647 31647 D SurfaceComposerClient: setCornerRadius ## 50d4b52 SurfaceView[com.lagradost.cloudcache.prerelease/com.lagradost.cloudstream3.MainActivity]@0#774554 cornerRadius=0.000000
05-10 10:01:21.686 31647 31647 I SV[84757330 MainActivity]: updateSurface: mVisible = true mSurface.isValid() = true
05-10 10:01:21.686 31647 31647 I SV[84757330 MainActivity]: updateSurface: mSurfaceCreated = true surfaceChanged = false visibleChanged = false
05-10 10:01:21.686 31647 31647 V SurfaceView: Layout: x=1005 y=141 w=2960 h=350, frame=Rect(0, 0 - 2960, 350)
05-10 10:01:21.686 31647 31647 I VRI[MainActivity]@6091b6b: registerCallbackForPendingTransactions
05-10 10:01:21.687 31647 31692 D SurfaceView: 84757330 updateSurfacePosition RenderWorker, frameNr = 5596, position = [1005, 141, 3966, 491] surfaceSize = 2960x350
05-10 10:01:21.687 31647 31692 I SV[84757330 MainActivity]: uSP: rtp = Rect(1005, 141 - 3966, 491) rtsw = 2960 rtsh = 350
05-10 10:01:21.687 31647 31692 I SV[84757330 MainActivity]: onSSPAndSRT: pl = 1005 pt = 141 sx = 1.0003378 sy = 1.0
05-10 10:01:21.687 31647 31692 I SV[84757330 MainActivity]: aOrMT: VRI[MainActivity]@6091b6b t = android.view.SurfaceControl$Transaction@37c7ad4 fN = 5596 android.view.SurfaceView.-$$Nest$mapplyOrMergeTransaction:0 android.view.SurfaceView$SurfaceViewPositionUpdateListener.positionChanged:1932 android.graphics.RenderNode$CompositePositionUpdateListener.positionChanged:401 
05-10 10:01:21.687 31647 31692 I VRI[MainActivity]@6091b6b: mWNT: t=0xb4000073d4fb31d0 mBlastBufferQueue=0xb4000074e3ce1130 fn= 5596 HdrRenderState mRenderHdrSdrRatio=1.0 caller= android.view.SurfaceView.applyOrMergeTransaction:1863 android.view.SurfaceView.-$$Nest$mapplyOrMergeTransaction:0 android.view.SurfaceView$SurfaceViewPositionUpdateListener.positionChanged:1932 
05-10 10:01:21.688 31647 31712 I VRI[MainActivity]@6091b6b: mWNT: t=0xb4000073d3c2d8d0 mBlastBufferQueue=0xb4000074e3ce1130 fn= 5596 HdrRenderState mRenderHdrSdrRatio=1.0 caller= android.view.ViewRootImpl$10.onFrameDraw:6536 android.view.ViewRootImpl$4.onFrameDraw:2489 android.view.ThreadedRenderer$1.onFrameDraw:718 
05-10 10:01:21.695 31647 31647 I SurfaceView: 84757330 Changes: creating=false format=false size=false visible=false alpha=false hint=false left=true top=false z=false attached=true lifecycleStrategy=false
05-10 10:01:21.695 31647 31647 I SurfaceView: 84757330 Cur surface: Surface(name=null mNativeObject=-5476376645610532240)/@0x3234428
05-10 10:01:21.695 31647 31647 D SurfaceComposerClient: setCornerRadius ## 50d4b52 SurfaceView[com.lagradost.cloudcache.prerelease/com.lagradost.cloudstream3.MainActivity]@0#774554 cornerRadius=0.000000
05-10 10:01:21.695 31647 31647 I SV[84757330 MainActivity]: updateSurface: mVisible = true mSurface.isValid() = true
05-10 10:01:21.695 31647 31647 I SV[84757330 MainActivity]: updateSurface: mSurfaceCreated = true surfaceChanged = false visibleChanged = false
05-10 10:01:21.695 31647 31647 V SurfaceView: Layout: x=739 y=141 w=2960 h=350, frame=Rect(0, 0 - 2960, 350)
05-10 10:01:21.695 31647 31647 I VRI[MainActivity]@6091b6b: registerCallbackForPendingTransactions
05-10 10:01:21.695 31647 31692 D SurfaceView: 84757330 updateSurfacePosition RenderWorker, frameNr = 5597, position = [739, 141, 3699, 491] surfaceSize = 2960x350
05-10 10:01:21.695 31647 31692 I SV[84757330 MainActivity]: uSP: rtp = Rect(739, 141 - 3699, 491) rtsw = 2960 rtsh = 350
05-10 10:01:21.696 31647 31692 I SV[84757330 MainActivity]: onSSPAndSRT: pl = 739 pt = 141 sx = 1.0 sy = 1.0
05-10 10:01:21.696 31647 31692 I SV[84757330 MainActivity]: aOrMT: VRI[MainActivity]@6091b6b t = android.view.SurfaceControl$Transaction@37c7ad4 fN = 5597 android.view.SurfaceView.-$$Nest$mapplyOrMergeTransaction:0 android.view.SurfaceView$SurfaceViewPositionUpdateListener.positionChanged:1932 android.graphics.RenderNode$CompositePositionUpdateListener.positionChanged:401 
05-10 10:01:21.696 31647 31692 I VRI[MainActivity]@6091b6b: mWNT: t=0xb4000073d4fb31d0 mBlastBufferQueue=0xb4000074e3ce1130 fn= 5597 HdrRenderState mRenderHdrSdrRatio=1.0 caller= android.view.SurfaceView.applyOrMergeTransaction:1863 android.view.SurfaceView.-$$Nest$mapplyOrMergeTransaction:0 android.view.SurfaceView$SurfaceViewPositionUpdateListener.positionChanged:1932 
05-10 10:01:21.697 31647 31713 I VRI[MainActivity]@6091b6b: mWNT: t=0xb4000073d490e390 mBlastBufferQueue=0xb4000074e3ce1130 fn= 5597 HdrRenderState mRenderHdrSdrRatio=1.0 caller= android.view.ViewRootImpl$10.onFrameDraw:6536 android.view.ViewRootImpl$4.onFrameDraw:2489 android.view.ThreadedRenderer$1.onFrameDraw:718 
05-10 10:01:21.703 31647 31647 I SurfaceView: 84757330 Changes: creating=false format=false size=false visible=false alpha=false hint=false left=true top=false z=false attached=true lifecycleStrategy=false
05-10 10:01:21.703 31647 31647 I SurfaceView: 84757330 Cur surface: Surface(name=null mNativeObject=-5476376645610532240)/@0x3234428
