05-10 10:01:21.703 31647 31647 D SurfaceComposerClient: setCornerRadius ## 50d4b52 SurfaceView[com.lagradost.cloudcache.prerelease/com.lagradost.cloudstream3.MainActivity]@0#774554 cornerRadius=0.000000
05-10 10:01:21.703 31647 31647 I SV[84757330 MainActivity]: updateSurface: mVisible = true mSurface.isValid() = true
05-10 10:01:21.703 31647 31647 I SV[84757330 MainActivity]: updateSurface: mSurfaceCreated = true surfaceChanged = false visibleChanged = false
05-10 10:01:21.703 31647 31647 V SurfaceView: Layout: x=533 y=141 w=2960 h=350, frame=Rect(0, 0 - 2960, 350)
05-10 10:01:21.703 31647 31647 I VRI[MainActivity]@6091b6b: registerCallbackForPendingTransactions
05-10 10:01:21.704 31647 31692 D SurfaceView: 84757330 updateSurfacePosition RenderWorker, frameNr = 5598, position = [533, 141, 3493, 491] surfaceSize = 2960x350
05-10 10:01:21.704 31647 31692 I SV[84757330 MainActivity]: uSP: rtp = Rect(533, 141 - 3493, 491) rtsw = 2960 rtsh = 350
05-10 10:01:21.704 31647 31692 I SV[84757330 MainActivity]: onSSPAndSRT: pl = 533 pt = 141 sx = 1.0 sy = 1.0
05-10 10:01:21.704 31647 31692 I SV[84757330 MainActivity]: aOrMT: VRI[MainActivity]@6091b6b t = android.view.SurfaceControl$Transaction@37c7ad4 fN = 5598 android.view.SurfaceView.-$$Nest$mapplyOrMergeTransaction:0 android.view.SurfaceView$SurfaceViewPositionUpdateListener.positionChanged:1932 android.graphics.RenderNode$CompositePositionUpdateListener.positionChanged:401 
05-10 10:01:21.704 31647 31692 I VRI[MainActivity]@6091b6b: mWNT: t=0xb4000073d4fb31d0 mBlastBufferQueue=0xb4000074e3ce1130 fn= 5598 HdrRenderState mRenderHdrSdrRatio=1.0 caller= android.view.SurfaceView.applyOrMergeTransaction:1863 android.view.SurfaceView.-$$Nest$mapplyOrMergeTransaction:0 android.view.SurfaceView$SurfaceViewPositionUpdateListener.positionChanged:1932 
05-10 10:01:21.705 31647 31712 I VRI[MainActivity]@6091b6b: mWNT: t=0xb4000073d49bfbd0 mBlastBufferQueue=0xb4000074e3ce1130 fn= 5598 HdrRenderState mRenderHdrSdrRatio=1.0 caller= android.view.ViewRootImpl$10.onFrameDraw:6536 android.view.ViewRootImpl$4.onFrameDraw:2489 android.view.ThreadedRenderer$1.onFrameDraw:718 
05-10 10:01:21.714 31647 31647 I SurfaceView: 84757330 Changes: creating=false format=false size=false visible=false alpha=false hint=false left=true top=false z=false attached=true lifecycleStrategy=false
05-10 10:01:21.714 31647 31647 I SurfaceView: 84757330 Cur surface: Surface(name=null mNativeObject=-5476376645610532240)/@0x3234428
05-10 10:01:21.715 31647 31647 D SurfaceComposerClient: setCornerRadius ## 50d4b52 SurfaceView[com.lagradost.cloudcache.prerelease/com.lagradost.cloudstream3.MainActivity]@0#774554 cornerRadius=0.000000
05-10 10:01:21.715 31647 31647 I SV[84757330 MainActivity]: updateSurface: mVisible = true mSurface.isValid() = true
05-10 10:01:21.715 31647 31647 I SV[84757330 MainActivity]: updateSurface: mSurfaceCreated = true surfaceChanged = false visibleChanged = false
05-10 10:01:21.715 31647 31647 V SurfaceView: Layout: x=379 y=141 w=2960 h=350, frame=Rect(0, 0 - 2960, 350)
05-10 10:01:21.715 31647 31647 I VRI[MainActivity]@6091b6b: registerCallbackForPendingTransactions
05-10 10:01:21.715 31647 31692 D SurfaceView: 84757330 updateSurfacePosition RenderWorker, frameNr = 5599, position = [379, 141, 3339, 491] surfaceSize = 2960x350
05-10 10:01:21.715 31647 31692 I SV[84757330 MainActivity]: uSP: rtp = Rect(379, 141 - 3339, 491) rtsw = 2960 rtsh = 350
05-10 10:01:21.715 31647 31692 I SV[84757330 MainActivity]: onSSPAndSRT: pl = 379 pt = 141 sx = 1.0 sy = 1.0
05-10 10:01:21.715 31647 31692 I SV[84757330 MainActivity]: aOrMT: VRI[MainActivity]@6091b6b t = android.view.SurfaceControl$Transaction@37c7ad4 fN = 5599 android.view.SurfaceView.-$$Nest$mapplyOrMergeTransaction:0 android.view.SurfaceView$SurfaceViewPositionUpdateListener.positionChanged:1932 android.graphics.RenderNode$CompositePositionUpdateListener.positionChanged:401 
05-10 10:01:21.715 31647 31692 I VRI[MainActivity]@6091b6b: mWNT: t=0xb4000073d4fb31d0 mBlastBufferQueue=0xb4000074e3ce1130 fn= 5599 HdrRenderState mRenderHdrSdrRatio=1.0 caller= android.view.SurfaceView.applyOrMergeTransaction:1863 android.view.SurfaceView.-$$Nest$mapplyOrMergeTransaction:0 android.view.SurfaceView$SurfaceViewPositionUpdateListener.positionChanged:1932 
05-10 10:01:21.716 31647 31713 I VRI[MainActivity]@6091b6b: mWNT: t=0xb4000073d49b99d0 mBlastBufferQueue=0xb4000074e3ce1130 fn= 5599 HdrRenderState mRenderHdrSdrRatio=1.0 caller= android.view.ViewRootImpl$10.onFrameDraw:6536 android.view.ViewRootImpl$4.onFrameDraw:2489 android.view.ThreadedRenderer$1.onFrameDraw:718 
05-10 10:01:21.719 31647 31647 I SurfaceView: 84757330 Changes: creating=false format=false size=false visible=false alpha=false hint=false left=true top=false z=false attached=true lifecycleStrategy=false
05-10 10:01:21.719 31647 31647 I SurfaceView: 84757330 Cur surface: Surface(name=null mNativeObject=-5476376645610532240)/@0x3234428
05-10 10:01:21.719 31647 31647 D SurfaceComposerClient: setCornerRadius ## 50d4b52 SurfaceView[com.lagradost.cloudcache.prerelease/com.lagradost.cloudstream3.MainActivity]@0#774554 cornerRadius=0.000000
05-10 10:01:21.719 31647 31647 I SV[84757330 MainActivity]: updateSurface: mVisible = true mSurface.isValid() = true
05-10 10:01:21.719 31647 31647 I SV[84757330 MainActivity]: updateSurface: mSurfaceCreated = true surfaceChanged = false visibleChanged = false
05-10 10:01:21.719 31647 31647 V SurfaceView: Layout: x=253 y=141 w=2960 h=350, frame=Rect(0, 0 - 2960, 350)
05-10 10:01:21.719 31647 31647 I VRI[MainActivity]@6091b6b: registerCallbackForPendingTransactions
05-10 10:01:21.721 31647 31692 D SurfaceView: 84757330 updateSurfacePosition RenderWorker, frameNr = 5600, position = [253, 141, 3213, 491] surfaceSize = 2960x350
05-10 10:01:21.721 31647 31692 I SV[84757330 MainActivity]: uSP: rtp = Rect(253, 141 - 3213, 491) rtsw = 2960 rtsh = 350
05-10 10:01:21.721 31647 31692 I SV[84757330 MainActivity]: onSSPAndSRT: pl = 253 pt = 141 sx = 1.0 sy = 1.0
05-10 10:01:21.721 31647 31692 I SV[84757330 MainActivity]: aOrMT: VRI[MainActivity]@6091b6b t = android.view.SurfaceControl$Transaction@37c7ad4 fN = 5600 android.view.SurfaceView.-$$Nest$mapplyOrMergeTransaction:0 android.view.SurfaceView$SurfaceViewPositionUpdateListener.positionChanged:1932 android.graphics.RenderNode$CompositePositionUpdateListener.positionChanged:401 
05-10 10:01:21.721 31647 31692 I VRI[MainActivity]@6091b6b: mWNT: t=0xb4000073d4fb31d0 mBlastBufferQueue=0xb4000074e3ce1130 fn= 5600 HdrRenderState mRenderHdrSdrRatio=1.0 caller= android.view.SurfaceView.applyOrMergeTransaction:1863 android.view.SurfaceView.-$$Nest$mapplyOrMergeTransaction:0 android.view.SurfaceView$SurfaceViewPositionUpdateListener.positionChanged:1932 
05-10 10:01:21.722 31647 31712 I VRI[MainActivity]@6091b6b: mWNT: t=0xb4000073d494bcd0 mBlastBufferQueue=0xb4000074e3ce1130 fn= 5600 HdrRenderState mRenderHdrSdrRatio=1.0 caller= android.view.ViewRootImpl$10.onFrameDraw:6536 android.view.ViewRootImpl$4.onFrameDraw:2489 android.view.ThreadedRenderer$1.onFrameDraw:718 
05-10 10:01:21.727 31647 31647 I SurfaceView: 84757330 Changes: creating=false format=false size=false visible=false alpha=false hint=false left=true top=false z=false attached=true lifecycleStrategy=false
05-10 10:01:21.728 31647 31647 I SurfaceView: 84757330 Cur surface: Surface(name=null mNativeObject=-5476376645610532240)/@0x3234428
05-10 10:01:21.728 31647 31647 D SurfaceComposerClient: setCornerRadius ## 50d4b52 SurfaceView[com.lagradost.cloudcache.prerelease/com.lagradost.cloudstream3.MainActivity]@0#774554 cornerRadius=0.000000
05-10 10:01:21.728 31647 31647 I SV[84757330 MainActivity]: updateSurface: mVisible = true mSurface.isValid() = true
05-10 10:01:21.728 31647 31647 I SV[84757330 MainActivity]: updateSurface: mSurfaceCreated = true surfaceChanged = false visibleChanged = false
05-10 10:01:21.728 31647 31647 V SurfaceView: Layout: x=170 y=141 w=2960 h=350, frame=Rect(0, 0 - 2960, 350)
05-10 10:01:21.728 31647 31647 I VRI[MainActivity]@6091b6b: registerCallbackForPendingTransactions
05-10 10:01:21.729 31647 31692 D SurfaceView: 84757330 updateSurfacePosition RenderWorker, frameNr = 5601, position = [170, 141, 3130, 491] surfaceSize = 2960x350
05-10 10:01:21.729 31647 31692 I SV[84757330 MainActivity]: uSP: rtp = Rect(170, 141 - 3130, 491) rtsw = 2960 rtsh = 350
05-10 10:01:21.729 31647 31692 I SV[84757330 MainActivity]: onSSPAndSRT: pl = 170 pt = 141 sx = 1.0 sy = 1.0
05-10 10:01:21.729 31647 31692 I SV[84757330 MainActivity]: aOrMT: VRI[MainActivity]@6091b6b t = android.view.SurfaceControl$Transaction@37c7ad4 fN = 5601 android.view.SurfaceView.-$$Nest$mapplyOrMergeTransaction:0 android.view.SurfaceView$SurfaceViewPositionUpdateListener.positionChanged:1932 android.graphics.RenderNode$CompositePositionUpdateListener.positionChanged:401 
05-10 10:01:21.729 31647 31692 I VRI[MainActivity]@6091b6b: mWNT: t=0xb4000073d4fb31d0 mBlastBufferQueue=0xb4000074e3ce1130 fn= 5601 HdrRenderState mRenderHdrSdrRatio=1.0 caller= android.view.SurfaceView.applyOrMergeTransaction:1863 android.view.SurfaceView.-$$Nest$mapplyOrMergeTransaction:0 android.view.SurfaceView$SurfaceViewPositionUpdateListener.positionChanged:1932 
05-10 10:01:21.730 31647 31713 I VRI[MainActivity]@6091b6b: mWNT: t=0xb4000073d49d3350 mBlastBufferQueue=0xb4000074e3ce1130 fn= 5601 HdrRenderState mRenderHdrSdrRatio=1.0 caller= android.view.ViewRootImpl$10.onFrameDraw:6536 android.view.ViewRootImpl$4.onFrameDraw:2489 android.view.ThreadedRenderer$1.onFrameDraw:718 
05-10 10:01:21.736 31647 31647 I SurfaceView: 84757330 Changes: creating=false format=false size=false visible=false alpha=false hint=false left=true top=false z=false attached=true lifecycleStrategy=false
05-10 10:01:21.736 31647 31647 I SurfaceView: 84757330 Cur surface: Surface(name=null mNativeObject=-5476376645610532240)/@0x3234428
05-10 10:01:21.736 31647 31647 D SurfaceComposerClient: setCornerRadius ## 50d4b52 SurfaceView[com.lagradost.cloudcache.prerelease/com.lagradost.cloudstream3.MainActivity]@0#774554 cornerRadius=0.000000
05-10 10:01:21.736 31647 31647 I SV[84757330 MainActivity]: updateSurface: mVisible = true mSurface.isValid() = true
05-10 10:01:21.736 31647 31647 I SV[84757330 MainActivity]: updateSurface: mSurfaceCreated = true surfaceChanged = false visibleChanged = false
05-10 10:01:21.736 31647 31647 V SurfaceView: Layout: x=109 y=141 w=2960 h=350, frame=Rect(0, 0 - 2960, 350)
05-10 10:01:21.736 31647 31647 I VRI[MainActivity]@6091b6b: registerCallbackForPendingTransactions
05-10 10:01:21.737 31647 31692 D SurfaceView: 84757330 updateSurfacePosition RenderWorker, frameNr = 5602, position = [109, 141, 3069, 491] surfaceSize = 2960x350
05-10 10:01:21.737 31647 31692 I SV[84757330 MainActivity]: uSP: rtp = Rect(109, 141 - 3069, 491) rtsw = 2960 rtsh = 350
05-10 10:01:21.737 31647 31692 I SV[84757330 MainActivity]: onSSPAndSRT: pl = 109 pt = 141 sx = 1.0 sy = 1.0
05-10 10:01:21.737 31647 31692 I SV[84757330 MainActivity]: aOrMT: VRI[MainActivity]@6091b6b t = android.view.SurfaceControl$Transaction@37c7ad4 fN = 5602 android.view.SurfaceView.-$$Nest$mapplyOrMergeTransaction:0 android.view.SurfaceView$SurfaceViewPositionUpdateListener.positionChanged:1932 android.graphics.RenderNode$CompositePositionUpdateListener.positionChanged:401 
05-10 10:01:21.737 31647 31692 I VRI[MainActivity]@6091b6b: mWNT: t=0xb4000073d4fb31d0 mBlastBufferQueue=0xb4000074e3ce1130 fn= 5602 HdrRenderState mRenderHdrSdrRatio=1.0 caller= android.view.SurfaceView.applyOrMergeTransaction:1863 android.view.SurfaceView.-$$Nest$mapplyOrMergeTransaction:0 android.view.SurfaceView$SurfaceViewPositionUpdateListener.positionChanged:1932 
05-10 10:01:21.738 31647 31712 I VRI[MainActivity]@6091b6b: mWNT: t=0xb4000073d490d750 mBlastBufferQueue=0xb4000074e3ce1130 fn= 5602 HdrRenderState mRenderHdrSdrRatio=1.0 caller= android.view.ViewRootImpl$10.onFrameDraw:6536 android.view.ViewRootImpl$4.onFrameDraw:2489 android.view.ThreadedRenderer$1.onFrameDraw:718 
05-10 10:01:21.744 31647 31647 I SurfaceView: 84757330 Changes: creating=false format=false size=false visible=false alpha=false hint=false left=true top=false z=false attached=true lifecycleStrategy=false
05-10 10:01:21.744 31647 31647 I SurfaceView: 84757330 Cur surface: Surface(name=null mNativeObject=-5476376645610532240)/@0x3234428
05-10 10:01:21.744 31647 31647 D SurfaceComposerClient: setCornerRadius ## 50d4b52 SurfaceView[com.lagradost.cloudcache.prerelease/com.lagradost.cloudstream3.MainActivity]@0#774554 cornerRadius=0.000000
05-10 10:01:21.744 31647 31647 I SV[84757330 MainActivity]: updateSurface: mVisible = true mSurface.isValid() = true
05-10 10:01:21.744 31647 31647 I SV[84757330 MainActivity]: updateSurface: mSurfaceCreated = true surfaceChanged = false visibleChanged = false
05-10 10:01:21.744 31647 31647 V SurfaceView: Layout: x=65 y=141 w=2960 h=350, frame=Rect(0, 0 - 2960, 350)
05-10 10:01:21.744 31647 31647 I VRI[MainActivity]@6091b6b: registerCallbackForPendingTransactions
05-10 10:01:21.746 31647 31692 D SurfaceView: 84757330 updateSurfacePosition RenderWorker, frameNr = 5603, position = [64, 141, 3025, 491] surfaceSize = 2960x350
05-10 10:01:21.746 31647 31692 I SV[84757330 MainActivity]: uSP: rtp = Rect(64, 141 - 3025, 491) rtsw = 2960 rtsh = 350
05-10 10:01:21.746 31647 31692 I SV[84757330 MainActivity]: onSSPAndSRT: pl = 64 pt = 141 sx = 1.0003378 sy = 1.0
05-10 10:01:21.746 31647 31692 I SV[84757330 MainActivity]: aOrMT: VRI[MainActivity]@6091b6b t = android.view.SurfaceControl$Transaction@37c7ad4 fN = 5603 android.view.SurfaceView.-$$Nest$mapplyOrMergeTransaction:0 android.view.SurfaceView$SurfaceViewPositionUpdateListener.positionChanged:1932 android.graphics.RenderNode$CompositePositionUpdateListener.positionChanged:401 
05-10 10:01:21.746 31647 31692 I VRI[MainActivity]@6091b6b: mWNT: t=0xb4000073d4fb31d0 mBlastBufferQueue=0xb4000074e3ce1130 fn= 5603 HdrRenderState mRenderHdrSdrRatio=1.0 caller= android.view.SurfaceView.applyOrMergeTransaction:1863 android.view.SurfaceView.-$$Nest$mapplyOrMergeTransaction:0 android.view.SurfaceView$SurfaceViewPositionUpdateListener.positionChanged:1932 
05-10 10:01:21.747 31647 31713 I VRI[MainActivity]@6091b6b: mWNT: t=0xb4000073d4ac0390 mBlastBufferQueue=0xb4000074e3ce1130 fn= 5603 HdrRenderState mRenderHdrSdrRatio=1.0 caller= android.view.ViewRootImpl$10.onFrameDraw:6536 android.view.ViewRootImpl$4.onFrameDraw:2489 android.view.ThreadedRenderer$1.onFrameDraw:718 
05-10 10:01:21.752 31647 31647 I SurfaceView: 84757330 Changes: creating=false format=false size=false visible=false alpha=false hint=false left=true top=false z=false attached=true lifecycleStrategy=false
05-10 10:01:21.752 31647 31647 I SurfaceView: 84757330 Cur surface: Surface(name=null mNativeObject=-5476376645610532240)/@0x3234428
05-10 10:01:21.752 31647 31647 D SurfaceComposerClient: setCornerRadius ## 50d4b52 SurfaceView[com.lagradost.cloudcache.prerelease/com.lagradost.cloudstream3.MainActivity]@0#774554 cornerRadius=0.000000
05-10 10:01:21.752 31647 31647 I SV[84757330 MainActivity]: updateSurface: mVisible = true mSurface.isValid() = true
05-10 10:01:21.752 31647 31647 I SV[84757330 MainActivity]: updateSurface: mSurfaceCreated = true surfaceChanged = false visibleChanged = false
05-10 10:01:21.752 31647 31647 V SurfaceView: Layout: x=30 y=141 w=2960 h=350, frame=Rect(0, 0 - 2960, 350)
05-10 10:01:21.752 31647 31647 I VRI[MainActivity]@6091b6b: registerCallbackForPendingTransactions
05-10 10:01:21.757 31647 31692 D SurfaceView: 84757330 updateSurfacePosition RenderWorker, frameNr = 5604, position = [30, 141, 2990, 491] surfaceSize = 2960x350
05-10 10:01:21.757 31647 31692 I SV[84757330 MainActivity]: uSP: rtp = Rect(30, 141 - 2990, 491) rtsw = 2960 rtsh = 350
05-10 10:01:21.757 31647 31692 I SV[84757330 MainActivity]: onSSPAndSRT: pl = 30 pt = 141 sx = 1.0 sy = 1.0
05-10 10:01:21.757 31647 31692 I SV[84757330 MainActivity]: aOrMT: VRI[MainActivity]@6091b6b t = android.view.SurfaceControl$Transaction@37c7ad4 fN = 5604 android.view.SurfaceView.-$$Nest$mapplyOrMergeTransaction:0 android.view.SurfaceView$SurfaceViewPositionUpdateListener.positionChanged:1932 android.graphics.RenderNode$CompositePositionUpdateListener.positionChanged:401 
05-10 10:01:21.758 31647 31692 I VRI[MainActivity]@6091b6b: mWNT: t=0xb4000073d4fb31d0 mBlastBufferQueue=0xb4000074e3ce1130 fn= 5604 HdrRenderState mRenderHdrSdrRatio=1.0 caller= android.view.SurfaceView.applyOrMergeTransaction:1863 android.view.SurfaceView.-$$Nest$mapplyOrMergeTransaction:0 android.view.SurfaceView$SurfaceViewPositionUpdateListener.positionChanged:1932 
05-10 10:01:21.758 31647 31712 I VRI[MainActivity]@6091b6b: mWNT: t=0xb4000073d4e90810 mBlastBufferQueue=0xb4000074e3ce1130 fn= 5604 HdrRenderState mRenderHdrSdrRatio=1.0 caller= android.view.ViewRootImpl$10.onFrameDraw:6536 android.view.ViewRootImpl$4.onFrameDraw:2489 android.view.ThreadedRenderer$1.onFrameDraw:718 
05-10 10:01:21.760 31647 31647 I SurfaceView: 84757330 Changes: creating=false format=false size=false visible=false alpha=false hint=false left=true top=false z=false attached=true lifecycleStrategy=false
05-10 10:01:21.760 31647 31647 I SurfaceView: 84757330 Cur surface: Surface(name=null mNativeObject=-5476376645610532240)/@0x3234428
05-10 10:01:21.760 31647 31647 D SurfaceComposerClient: setCornerRadius ## 50d4b52 SurfaceView[com.lagradost.cloudcache.prerelease/com.lagradost.cloudstream3.MainActivity]@0#774554 cornerRadius=0.000000
05-10 10:01:21.760 31647 31647 I SV[84757330 MainActivity]: updateSurface: mVisible = true mSurface.isValid() = true
05-10 10:01:21.760 31647 31647 I SV[84757330 MainActivity]: updateSurface: mSurfaceCreated = true surfaceChanged = false visibleChanged = false
05-10 10:01:21.760 31647 31647 V SurfaceView: Layout: x=12 y=141 w=2960 h=350, frame=Rect(0, 0 - 2960, 350)
05-10 10:01:21.760 31647 31647 I VRI[MainActivity]@6091b6b: registerCallbackForPendingTransactions
05-10 10:01:21.769 31647 31692 D SurfaceView: 84757330 updateSurfacePosition RenderWorker, frameNr = 5605, position = [12, 141, 2972, 491] surfaceSize = 2960x350
05-10 10:01:21.769 31647 31692 I SV[84757330 MainActivity]: uSP: rtp = Rect(12, 141 - 2972, 491) rtsw = 2960 rtsh = 350
05-10 10:01:21.769 31647 31692 I SV[84757330 MainActivity]: onSSPAndSRT: pl = 12 pt = 141 sx = 1.0 sy = 1.0
05-10 10:01:21.770 31647 31692 I SV[84757330 MainActivity]: aOrMT: VRI[MainActivity]@6091b6b t = android.view.SurfaceControl$Transaction@37c7ad4 fN = 5605 android.view.SurfaceView.-$$Nest$mapplyOrMergeTransaction:0 android.view.SurfaceView$SurfaceViewPositionUpdateListener.positionChanged:1932 android.graphics.RenderNode$CompositePositionUpdateListener.positionChanged:401 
05-10 10:01:21.770 31647 31692 I VRI[MainActivity]@6091b6b: mWNT: t=0xb4000073d4fb31d0 mBlastBufferQueue=0xb4000074e3ce1130 fn= 5605 HdrRenderState mRenderHdrSdrRatio=1.0 caller= android.view.SurfaceView.applyOrMergeTransaction:1863 android.view.SurfaceView.-$$Nest$mapplyOrMergeTransaction:0 android.view.SurfaceView$SurfaceViewPositionUpdateListener.positionChanged:1932 
05-10 10:01:21.770 31647 31713 I VRI[MainActivity]@6091b6b: mWNT: t=0xb4000073d4e899d0 mBlastBufferQueue=0xb4000074e3ce1130 fn= 5605 HdrRenderState mRenderHdrSdrRatio=1.0 caller= android.view.ViewRootImpl$10.onFrameDraw:6536 android.view.ViewRootImpl$4.onFrameDraw:2489 android.view.ThreadedRenderer$1.onFrameDraw:718 
05-10 10:01:21.771 31647 31647 I SurfaceView: 84757330 Changes: creating=false format=false size=false visible=false alpha=false hint=false left=true top=false z=false attached=true lifecycleStrategy=false
05-10 10:01:21.771 31647 31647 I SurfaceView: 84757330 Cur surface: Surface(name=null mNativeObject=-5476376645610532240)/@0x3234428
05-10 10:01:21.771 31647 31647 D SurfaceComposerClient: setCornerRadius ## 50d4b52 SurfaceView[com.lagradost.cloudcache.prerelease/com.lagradost.cloudstream3.MainActivity]@0#774554 cornerRadius=0.000000
05-10 10:01:21.771 31647 31647 I SV[84757330 MainActivity]: updateSurface: mVisible = true mSurface.isValid() = true
05-10 10:01:21.771 31647 31647 I SV[84757330 MainActivity]: updateSurface: mSurfaceCreated = true surfaceChanged = false visibleChanged = false
05-10 10:01:21.771 31647 31647 V SurfaceView: Layout: x=2 y=141 w=2960 h=350, frame=Rect(0, 0 - 2960, 350)
05-10 10:01:21.771 31647 31647 I VRI[MainActivity]@6091b6b: registerCallbackForPendingTransactions
05-10 10:01:21.779 31647 31692 D SurfaceView: 84757330 updateSurfacePosition RenderWorker, frameNr = 5606, position = [2, 141, 2962, 491] surfaceSize = 2960x350
05-10 10:01:21.779 31647 31692 I SV[84757330 MainActivity]: uSP: rtp = Rect(2, 141 - 2962, 491) rtsw = 2960 rtsh = 350
05-10 10:01:21.779 31647 31692 I SV[84757330 MainActivity]: onSSPAndSRT: pl = 2 pt = 141 sx = 1.0 sy = 1.0
05-10 10:01:21.779 31647 31692 I SV[84757330 MainActivity]: aOrMT: VRI[MainActivity]@6091b6b t = android.view.SurfaceControl$Transaction@37c7ad4 fN = 5606 android.view.SurfaceView.-$$Nest$mapplyOrMergeTransaction:0 android.view.SurfaceView$SurfaceViewPositionUpdateListener.positionChanged:1932 android.graphics.RenderNode$CompositePositionUpdateListener.positionChanged:401 
05-10 10:01:21.779 31647 31692 I VRI[MainActivity]@6091b6b: mWNT: t=0xb4000073d4fb31d0 mBlastBufferQueue=0xb4000074e3ce1130 fn= 5606 HdrRenderState mRenderHdrSdrRatio=1.0 caller= android.view.SurfaceView.applyOrMergeTransaction:1863 android.view.SurfaceView.-$$Nest$mapplyOrMergeTransaction:0 android.view.SurfaceView$SurfaceViewPositionUpdateListener.positionChanged:1932 
05-10 10:01:21.780 31647 31712 I VRI[MainActivity]@6091b6b: mWNT: t=0xb4000073d4e94fd0 mBlastBufferQueue=0xb4000074e3ce1130 fn= 5606 HdrRenderState mRenderHdrSdrRatio=1.0 caller= android.view.ViewRootImpl$10.onFrameDraw:6536 android.view.ViewRootImpl$4.onFrameDraw:2489 android.view.ThreadedRenderer$1.onFrameDraw:718 
05-10 10:01:21.785 31647 31647 I SurfaceView: 84757330 Changes: creating=false format=false size=false visible=false alpha=false hint=false left=true top=false z=false attached=true lifecycleStrategy=false
05-10 10:01:21.785 31647 31647 I SurfaceView: 84757330 Cur surface: Surface(name=null mNativeObject=-5476376645610532240)/@0x3234428
05-10 10:01:21.785 31647 31647 D SurfaceComposerClient: setCornerRadius ## 50d4b52 SurfaceView[com.lagradost.cloudcache.prerelease/com.lagradost.cloudstream3.MainActivity]@0#774554 cornerRadius=0.000000
05-10 10:01:21.785 31647 31647 I SV[84757330 MainActivity]: updateSurface: mVisible = true mSurface.isValid() = true
05-10 10:01:21.785 31647 31647 I SV[84757330 MainActivity]: updateSurface: mSurfaceCreated = true surfaceChanged = false visibleChanged = false
05-10 10:01:21.785 31647 31647 V SurfaceView: Layout: x=0 y=141 w=2960 h=350, frame=Rect(0, 0 - 2960, 350)
05-10 10:01:21.785 31647 31647 I VRI[MainActivity]@6091b6b: registerCallbackForPendingTransactions
05-10 10:01:21.798 31647 31692 D SurfaceView: 84757330 updateSurfacePosition RenderWorker, frameNr = 5607, position = [0, 141, 2960, 491] surfaceSize = 2960x350
05-10 10:01:21.798 31647 31692 I SV[84757330 MainActivity]: uSP: rtp = Rect(0, 141 - 2960, 491) rtsw = 2960 rtsh = 350
05-10 10:01:21.798 31647 31692 I SV[84757330 MainActivity]: onSSPAndSRT: pl = 0 pt = 141 sx = 1.0 sy = 1.0
05-10 10:01:21.798 31647 31692 I SV[84757330 MainActivity]: aOrMT: VRI[MainActivity]@6091b6b t = android.view.SurfaceControl$Transaction@37c7ad4 fN = 5607 android.view.SurfaceView.-$$Nest$mapplyOrMergeTransaction:0 android.view.SurfaceView$SurfaceViewPositionUpdateListener.positionChanged:1932 android.graphics.RenderNode$CompositePositionUpdateListener.positionChanged:401 
05-10 10:01:21.798 31647 31692 I VRI[MainActivity]@6091b6b: mWNT: t=0xb4000073d4fb31d0 mBlastBufferQueue=0xb4000074e3ce1130 fn= 5607 HdrRenderState mRenderHdrSdrRatio=1.0 caller= android.view.SurfaceView.applyOrMergeTransaction:1863 android.view.SurfaceView.-$$Nest$mapplyOrMergeTransaction:0 android.view.SurfaceView$SurfaceViewPositionUpdateListener.positionChanged:1932 
05-10 10:01:21.799 31647 31713 I VRI[MainActivity]@6091b6b: mWNT: t=0xb4000073d4e63e10 mBlastBufferQueue=0xb4000074e3ce1130 fn= 5607 HdrRenderState mRenderHdrSdrRatio=1.0 caller= android.view.ViewRootImpl$10.onFrameDraw:6536 android.view.ViewRootImpl$4.onFrameDraw:2489 android.view.ThreadedRenderer$1.onFrameDraw:718 
05-10 10:01:26.272 31647 31647 I VRI[MainActivity]@6091b6b: ViewPostIme pointer 0
05-10 10:01:26.274 31647 31647 I VRI[MainActivity]@6091b6b: call setFrameRateCategory for touch hint category=high hint, reason=touch, vri=VRI[MainActivity]@6091b6b
05-10 10:01:26.387 31647 31647 I VRI[MainActivity]@6091b6b: ViewPostIme pointer 1
05-10 10:01:26.390 31647 31647 D popFragment: Destroying Fragment
05-10 10:01:26.391 31647 31647 D popFragment: Destroying Fragment
05-10 10:01:26.391 31647 31647 D [MINI_SYNC_PANEL]: Back pressed - current panel state: 1
05-10 10:01:26.391 31647 31647 D [MINI_SYNC_PANEL]: Back pressed with panel open - running default action
05-10 10:01:26.394 31647 31647 D GENRE_FILTER_REDIRECT: ========== onDestinationChanged called ==========
05-10 10:01:26.394 31647 31647 D GENRE_FILTER_REDIRECT: onDestinationChanged: destination=2131362677, label=홈
05-10 10:01:26.394 31647 31647 D GENRE_FILTER_REDIRECT: onDestinationChanged: nextSearchQuery=null
05-10 10:01:26.394 31647 31647 D GENRE_FILTER_REDIRECT: onDestinationChanged: bundle keys=null
05-10 10:01:26.394 31647 31647 D GENRE_FILTER_REDIRECT: onDestinationChanged: previousBottomNavDestination=2131362677
05-10 10:01:26.398 31647 31647 I ImeTracker: com.lagradost.cloudcache.prerelease:f2155295: onRequestHide at ORIGIN_CLIENT reason HIDE_SOFT_INPUT fromUser false
05-10 10:01:26.399 31647 31647 I InputMethodManager_LC: hsifw() - flag : 0
05-10 10:01:26.399 31647 31647 I InputMethodManager_LC: hsifw() - mService.hideSoftInput
05-10 10:01:26.399 31647 31647 D InsetsController: hide(ime(), fromIme=false)
05-10 10:01:26.400 31647 31647 I ImeTracker: com.lagradost.cloudcache.prerelease:f2155295: onCancelled at PHASE_CLIENT_ALREADY_HIDDEN
05-10 10:01:26.401 31647 31647 D MainActivity: onDestinationChanged: clearing search_query from bundle for home
05-10 10:01:26.401 31647 31647 D MainActivity: onDestinationChanged: attaching back callback for home
05-10 10:01:26.402 31647 31647 D [GESTURE_DEBUG]: onStop - unregistering gesture regions, isCastItemsRegistered: true
05-10 10:01:26.402 31647 31647 D [GESTURE_DEBUG]: onStop - unregistered resultCastItems
05-10 10:01:26.403 31647 31647 I CS3ExoPlayer: onStop
05-10 10:01:26.403 31647 31647 I CS3ExoPlayer: saveData
05-10 10:01:26.403 31647 31647 I CS3ExoPlayer: handleEvent Pause
05-10 10:01:26.444 31647 31647 D Lifecycle: observe called for liveData: MutableLiveData, lifecycleOwner: HomeFragment
05-10 10:01:26.444 31647 31647 D Lifecycle: Removed previous observers, now adding new observer
05-10 10:01:26.444 31647 31647 D Lifecycle: observe called for liveData: MutableLiveData, lifecycleOwner: HomeFragment
05-10 10:01:26.444 31647 31647 D Lifecycle: Removed previous observers, now adding new observer
05-10 10:01:26.445 31647 31647 D Lifecycle: Observer triggered - thread: main, value class: String, value is Map: false
05-10 10:01:26.445 31647 31647 D Lifecycle: Observer triggered with value: StremioAIO
05-10 10:01:26.445 31647 31647 D Lifecycle: Observer triggered - thread: main, value class: Success, value is Map: false
05-10 10:01:26.480 31647 31647 D Lifecycle: Observer triggered with value: Success(value={Kinolights Trending - Movie=ExpandableHomepageList(list=HomePageList(name=Kinolights Trending - Movie, list=[MovieSearchResponse(name=왕과 사는 남자, url={"type":"movie","id":"tt38626703","season":null,"episode":null,"imdbId":null,"year":null,"title":"왕과 사는 남자","tmdbId":1321179,"isAnime":false,"isBollywood":false,"isAsian":false,"isCartoon":false,"firstAired":null,"airedYear":null,"originalTitle":null,"englishTitle":null,"imdbSeason":null,"imdbEpisode":null,"anilistId":null,"malId":null,"kitsuId":null}, apiName=StremioAIO, type=Others, posterUrl=https://xrdb.ibbylabs.dev/poster/tmdb:movie:1321179.jpg?idSource=tmdb&tmdbKey=cc9982c4801545a1481d167137ea7b53&mdblistKey=d2tmbmhnrgdz7ft9re7j2gjr3&posterRatings=myanimelist%2Cimdb%2Cletterboxd%2Cmetacriticuser%2Ctomatoesaudience%2Ctrakt%2Ctmdb%2Cmetacritic%2Ctomatoes%2Crogerebert&lang=ko&ratingValueMode=normalized&posterGenreBadgeStyle=plain&posterGenreBadgePosition=bottomLeft&posterStreamBadges=on&ageRatingBadgePosition=left-top&posterQualityBadges=&posterRatingStyle=plain&posterRatingBadgeScale=115&imageText=original&posterRatingsLayout=right&posterNoBackgroundBadgeOutlineColor=%23ff0000&posterEdgeOffset=3&providerAppearance=eyJ0b21hdG9lcyI6eyJzdGFja2VkQWNjZW50TW9kZSI6ImxvZ28ifX0, year=null, id=null, quality=null, posterHeaders=null, score=null, tags=null), MovieSearchResponse(name=살목지, url={"type":"movie","id":"tt39833109","season":null,"episode":null,"imdbId":null,"year":null,"title":"살목지","tmdbId":1461254,"isAnime":false,"isBollywood":false,"isAsian":false,"isCartoon":false,"firstAired":null,"airedYear":null,"originalTitle":null,"englishTitle":null,"imdbSeason":null,"imdbEpisode":null,"anilistId":null,"malId":null,"kitsuId":null}, apiName=StremioAIO, type=Others, posterUrl=https://xrdb.ibbylabs.dev/poster/tmdb:movie:1461254.jpg?idSource=tmdb&tmdbKey=cc9982c4801545a1481d167137ea7b53&mdblistKey=d2tmbmhnrgdz7ft9re7j2gjr3&posterRatings=myanimelist%2Cimdb%2Cletterboxd%2Cmetacriticuser%2Ctomatoesaudience%2Ctrakt%2Ctmdb%2Cmetacritic%2Ctomatoes%2Crogerebert&lang=ko&ratingValueMode=normalized&posterGenreBadgeStyle=plain&posterGenreBadgePosition=bottomLeft&posterStreamBadges=on&ageRatingBadgePosition=left-top&posterQualityBadges=&posterRatingStyle=plain&posterRatingBadgeScale=115&imageText=original&posterRatingsLayout=right&posterNoBackgroundBadgeOutlineColor=%23ff0000&posterEdgeOffset=3&providerAppearance=eyJ0b21hdG9lcyI6eyJzdGFja2VkQWNjZW50TW9kZSI6ImxvZ28ifX0, year=null, id=null, quality=null, posterHeaders=null, score=null, tags=null), MovieSearchResponse(name=악마는 프라다를 입는다 2, url={"type":"movie","id":"tt33612209","season":null,"episode":null,"imdbId":null,"year":null,"title":"악마는 프라다를 입는다 2","tmdbId":1314481,"isAnime":false,"isBollywood":false,"isAsian":false,"isCartoon":false,"firstAired":null,"airedYear":null,"originalTitle":null,"englishTitle":null,"imdbSeason":null,"imdbEpisode":null,"anilistId":null,"malId":null,"kitsuId":null}, apiName=StremioAIO, type=Others, posterUrl=https://xrdb.ibbylabs.dev/poster/tmdb:movie:1314481.jpg?idSource=tmdb&tmdbKey=cc9982c4801545a1481d167137ea7b53&mdblistKey=d2tmbmhnrgdz7ft9re7j2gjr3&posterRatings=myanimelist%2Cimdb%2Cletterboxd%2Cmetacriticuser%2Ctomatoesaudience%2Ctrakt%2Ctmdb%2Cmetacritic%2Ctomatoes%2Crogerebert&lang=ko&ratingValueMode=normalized&posterGenreBadgeStyle=plain&posterGenreBadgePosition=bottomLeft&posterStreamBadges=on&ageRatingBadgePosition=left-top&posterQualityBadges=&posterRatingStyle=plain&posterRatingBadgeScale=115&imageText=original&posterRatingsLayout=right&posterNoBackgroundBadgeOutlineColor=%23ff0000&posterEdgeOffset=3&providerAppearance=eyJ0b21hdG9lcyI6eyJzdGFja2VkQWNjZW50TW9kZSI6ImxvZ28ifX0, year=null, id=null, quality=null, posterHeaders=null, score=null, tags=null), MovieSearchResponse(name=군체, url={"type":"movie","id":"tt34385135","season":null,"episode":null,"imdbId":null,"year":null,"title":"군체","tmdbId":1375646,"isAnime":false,"isBollywood":false,"is
05-10 10:01:26.612 31647 31655 I ache.prerelease: Background young concurrent mark compact GC freed 36MB AllocSpace bytes, 358(60MB) LOS objects, 12% free, 234MB/267MB, paused 749us,2.694ms total 161.811ms
05-10 10:01:26.741 31647 31647 I SurfaceView: 84757330 Changes: creating=false format=false size=false visible=false alpha=false hint=false left=true top=false z=false attached=true lifecycleStrategy=false
05-10 10:01:26.742 31647 31647 I SurfaceView: 84757330 Cur surface: Surface(name=null mNativeObject=-5476376645610532240)/@0x3234428
05-10 10:01:26.742 31647 31647 D SurfaceComposerClient: setCornerRadius ## 50d4b52 SurfaceView[com.lagradost.cloudcache.prerelease/com.lagradost.cloudstream3.MainActivity]@0#774554 cornerRadius=0.000000
05-10 10:01:26.742 31647 31647 I SV[84757330 MainActivity]: updateSurface: mVisible = true mSurface.isValid() = true
05-10 10:01:26.742 31647 31647 I SV[84757330 MainActivity]: updateSurface: mSurfaceCreated = true surfaceChanged = false visibleChanged = false
05-10 10:01:26.742 31647 31647 V SurfaceView: Layout: x=109 y=141 w=2960 h=350, frame=Rect(0, 0 - 2960, 350)
05-10 10:01:26.743 31647 31647 I VRI[MainActivity]@6091b6b: registerCallbackForPendingTransactions
05-10 10:01:26.751 31647 31692 D SurfaceView: 84757330 updateSurfacePosition RenderWorker, frameNr = 5626, position = [109, 141, 3069, 491] surfaceSize = 2960x350
05-10 10:01:26.751 31647 31692 I SV[84757330 MainActivity]: uSP: rtp = Rect(109, 141 - 3069, 491) rtsw = 2960 rtsh = 350
05-10 10:01:26.751 31647 31692 I SV[84757330 MainActivity]: onSSPAndSRT: pl = 109 pt = 141 sx = 1.0 sy = 1.0
05-10 10:01:26.752 31647 31692 I SV[84757330 MainActivity]: aOrMT: VRI[MainActivity]@6091b6b t = android.view.SurfaceControl$Transaction@37c7ad4 fN = 5626 android.view.SurfaceView.-$$Nest$mapplyOrMergeTransaction:0 android.view.SurfaceView$SurfaceViewPositionUpdateListener.positionChanged:1932 android.graphics.RenderNode$CompositePositionUpdateListener.positionChanged:401 
05-10 10:01:26.752 31647 31692 I VRI[MainActivity]@6091b6b: mWNT: t=0xb4000073d4fb31d0 mBlastBufferQueue=0xb4000074e3ce1130 fn= 5626 HdrRenderState mRenderHdrSdrRatio=1.0 caller= android.view.SurfaceView.applyOrMergeTransaction:1863 android.view.SurfaceView.-$$Nest$mapplyOrMergeTransaction:0 android.view.SurfaceView$SurfaceViewPositionUpdateListener.positionChanged:1932 
05-10 10:01:26.754 31647 31647 I Choreographer: Skipped 31 frames!  The application may be doing too much work on its main thread.
05-10 10:01:26.754 31647 31712 I VRI[MainActivity]@6091b6b: mWNT: t=0xb4000073d520fd90 mBlastBufferQueue=0xb4000074e3ce1130 fn= 5626 HdrRenderState mRenderHdrSdrRatio=1.0 caller= android.view.ViewRootImpl$10.onFrameDraw:6536 android.view.ViewRootImpl$4.onFrameDraw:2489 android.view.ThreadedRenderer$1.onFrameDraw:718 
05-10 10:01:26.767 31647 31692 D SurfaceView: 84757330 updateSurfacePosition RenderWorker, frameNr = 5628, position = [257, 219, 2921, 535] surfaceSize = 2960x350
05-10 10:01:26.767 31647 31692 I SV[84757330 MainActivity]: uSP: rtp = Rect(257, 219 - 2921, 535) rtsw = 2960 rtsh = 350
05-10 10:01:26.767 31647 31692 I SV[84757330 MainActivity]: onSSPAndSRT: pl = 257 pt = 219 sx = 0.9 sy = 0.9028571
05-10 10:01:26.767 31647 31692 I SV[84757330 MainActivity]: aOrMT: VRI[MainActivity]@6091b6b t = android.view.SurfaceControl$Transaction@37c7ad4 fN = 5628 android.view.SurfaceView.-$$Nest$mapplyOrMergeTransaction:0 android.view.SurfaceView$SurfaceViewPositionUpdateListener.positionChanged:1932 android.graphics.RenderNode$CompositePositionUpdateListener.positionChanged:401 
05-10 10:01:26.767 31647 31692 I VRI[MainActivity]@6091b6b: mWNT: t=0xb4000073d4fb31d0 mBlastBufferQueue=0xb4000074e3ce1130 fn= 5628 HdrRenderState mRenderHdrSdrRatio=1.0 caller= android.view.SurfaceView.applyOrMergeTransaction:1863 android.view.SurfaceView.-$$Nest$mapplyOrMergeTransaction:0 android.view.SurfaceView$SurfaceViewPositionUpdateListener.positionChanged:1932 
05-10 10:01:26.770 31647 31647 I SV[84757330 MainActivity]: onWindowVisibilityChanged(8) false android.view.SurfaceView{50d4b52 V.E..V... ........ 0,0-2960,350} of VRI[MainActivity]@6091b6b
05-10 10:01:26.770 31647 31647 I SurfaceView: 84757330 Changes: creating=false format=false size=false visible=true alpha=false hint=false left=false top=false z=false attached=true lifecycleStrategy=false
05-10 10:01:26.770 31647 31647 I SurfaceView: 84757330 Cur surface: Surface(name=null mNativeObject=-5476376645610532240)/@0x3234428
05-10 10:01:26.770 31647 31647 D SurfaceComposerClient: setCornerRadius ## 50d4b52 SurfaceView[com.lagradost.cloudcache.prerelease/com.lagradost.cloudstream3.MainActivity]@0#774554 cornerRadius=0.000000
05-10 10:01:26.770 31647 31647 I SV[84757330 MainActivity]: updateSurface: mVisible = false mSurface.isValid() = true
05-10 10:01:26.770 31647 31647 I SV[84757330 MainActivity]: updateSurface: mSurfaceCreated = true surfaceChanged = false visibleChanged = true
05-10 10:01:26.770 31647 31647 V SurfaceView: Layout: x=109 y=141 w=2960 h=350, frame=Rect(0, 0 - 2960, 350)
05-10 10:01:26.770 31647 31647 I SurfaceView: 84757330 Detaching SV
05-10 10:01:26.770 31647 31647 I SurfaceView: 84757330 Changes: creating=false format=false size=false visible=false alpha=false hint=false left=false top=false z=false attached=false lifecycleStrategy=false
05-10 10:01:26.770 31647 31647 I SurfaceView: 84757330 Cur surface: Surface(name=null mNativeObject=-5476376645610532240)/@0x3234428
05-10 10:01:26.770 31647 31647 D SurfaceComposerClient: setCornerRadius ## 50d4b52 SurfaceView[com.lagradost.cloudcache.prerelease/com.lagradost.cloudstream3.MainActivity]@0#774554 cornerRadius=0.000000
05-10 10:01:26.770 31647 31647 I SurfaceView: 84757330 surfaceDestroyed
05-10 10:01:26.770 31647 31647 I SV[84757330 MainActivity]: surfaceDestroyed callback.size 0 #4 android.view.SurfaceView{50d4b52 V.E..V... ........ 0,0-2960,350}
05-10 10:01:26.770 31647 31647 I SV[84757330 MainActivity]: updateSurface: mVisible = false mSurface.isValid() = true
05-10 10:01:26.770 31647 31647 I SV[84757330 MainActivity]: releaseSurfaces: viewRoot = VRI[MainActivity]@6091b6b
05-10 10:01:26.770 31647 31647 V SurfaceView: Layout: x=109 y=141 w=2960 h=350, frame=Rect(0, 0 - 2960, 350)
05-10 10:01:26.770 31647 31647 I SV[84757330 MainActivity]: onDetachedFromWindow: tryReleaseSurfaces()
05-10 10:01:26.770 31647 31647 I SV[84757330 MainActivity]: releaseSurfaces: viewRoot = VRI[MainActivity]@6091b6b
05-10 10:01:26.781 31647 31647 D [GESTURE_DEBUG]: onDestroyView - unregistering gesture regions
05-10 10:01:26.781 31647 31647 D [GESTURE_DEBUG]: onDestroyView - unregistered resultCastItems
05-10 10:01:26.781 31647 31647 D [GESTURE_DEBUG]: onDestroyView - removed gesture regions listener
05-10 10:01:26.783 31647 31647 I CS3ExoPlayer: releasePlayer
05-10 10:01:26.783 31647 31647 I CS3ExoPlayer: Handle event: PlayerAttachedEvent(player=null, source=Player)
05-10 10:01:26.791 31647 31647 I BLASTBufferQueue_Java: update, w= 2960 h= 1848 mName = VRI[MainActivity]@6091b6b mNativeObject= 0xb4000074e3ce1130 sc.mNativeObject= 0xb400007353bbfb90 format= -3 caller= android.view.ViewRootImpl.updateBlastSurfaceIfNeeded:3574 android.view.ViewRootImpl.relayoutWindow:11685 android.view.ViewRootImpl.performTraversals:4804 android.view.ViewRootImpl.doTraversal:3924 android.view.ViewRootImpl$TraversalRunnable.run:12903 android.view.Choreographer$CallbackRecord.run:1901 
05-10 10:01:26.791 31647 31647 I VRI[MainActivity]@6091b6b: Relayout returned: old=(0,0,2960,1848) new=(0,0,2960,1848) relayoutAsync=false req=(2960,1848)0 dur=2 res=0x0 s={true 0xb4000074b5aa5740} ch=false seqId=0
05-10 10:01:26.791 31647 31647 I VRI[MainActivity]@6091b6b: updateBoundsLayer: t=android.view.SurfaceControl$Transaction@21c2118 sc=Surface(name=Bounds for - com.lagradost.cloudcache.prerelease/com.lagradost.cloudstream3.MainActivity@4)/@0x652ee91 frame=5629
05-10 10:01:26.792 31647 31647 I VRI[MainActivity]@6091b6b: registerCallbackForPendingTransactions
05-10 10:01:26.793 31647 31692 D SurfaceView: 27117713 windowPositionLost, frameNr = 5629
05-10 10:01:26.795 31647 31713 I VRI[MainActivity]@6091b6b: mWNT: t=0xb4000073d4fbe290 mBlastBufferQueue=0xb4000074e3ce1130 fn= 5629 HdrRenderState mRenderHdrSdrRatio=1.0 caller= android.view.ViewRootImpl$10.onFrameDraw:6536 android.view.ViewRootImpl$4.onFrameDraw:2489 android.view.ThreadedRenderer$1.onFrameDraw:718 
05-10 10:01:27.028 31647 31655 I ache.prerelease: Background concurrent mark compact GC freed 2868KB AllocSpace bytes, 28(14MB) LOS objects, 17% free, 223MB/271MB, paused 1.038ms,2.625ms total 415.727ms
05-10 10:01:27.633 31647 31647 I VRI[MainActivity]@6091b6b: ViewPostIme pointer 0
05-10 10:01:27.711 31647 31647 I VRI[MainActivity]@6091b6b: ViewPostIme pointer 1
05-10 10:01:27.726 31647 31647 D GENRE_FILTER_REDIRECT: ========== onNavDestinationSelected called ==========
05-10 10:01:27.726 31647 31647 D GENRE_FILTER_REDIRECT: onNavDestinationSelected: itemId=2131362685, title=설정
05-10 10:01:27.726 31647 31647 D GENRE_FILTER_REDIRECT: onNavDestinationSelected: currentDestination=2131362677
05-10 10:01:27.726 31647 31647 D GENRE_FILTER_REDIRECT: onNavDestinationSelected: nextSearchQuery=null
05-10 10:01:27.726 31647 31647 D GENRE_FILTER_REDIRECT: onNavDestinationSelected: currentTime=1778374887726, lastNavTime=1778374859903
05-10 10:01:27.726 31647 31647 D GENRE_FILTER_REDIRECT: onNavDestinationSelected: debounce check passed
05-10 10:01:27.726 31647 31647 D GENRE_FILTER_REDIRECT: onNavDestinationSelected: currentDestinationId=2131362677
05-10 10:01:27.726 31647 31647 D GENRE_FILTER_REDIRECT: onNavDestinationSelected: currentDestination is bottom nav, setting previousBottomNavDestination=2131362677
05-10 10:01:27.726 31647 31647 D GENRE_FILTER_REDIRECT: onNavDestinationSelected: destinationId=2131362685
05-10 10:01:27.726 31647 31647 D GENRE_FILTER_REDIRECT: onNavDestinationSelected: NOT navigating to home, not clearing nextSearchQuery
05-10 10:01:27.726 31647 31647 D GENRE_FILTER_REDIRECT: onNavDestinationSelected: building NavOptions for destinationId=2131362685
05-10 10:01:27.726 31647 31647 D GENRE_FILTER_REDIRECT: onNavDestinationSelected: setRestoreState=true
05-10 10:01:27.726 31647 31647 D GENRE_FILTER_REDIRECT: onNavDestinationSelected: calling navigate with destinationId=2131362685
05-10 10:01:27.728 31647 31647 D GENRE_FILTER_REDIRECT: ========== onDestinationChanged called ==========
05-10 10:01:27.728 31647 31647 D GENRE_FILTER_REDIRECT: onDestinationChanged: destination=2131362685, label=설정
05-10 10:01:27.728 31647 31647 D GENRE_FILTER_REDIRECT: onDestinationChanged: nextSearchQuery=null
05-10 10:01:27.728 31647 31647 D GENRE_FILTER_REDIRECT: onDestinationChanged: bundle keys=null
05-10 10:01:27.728 31647 31647 D GENRE_FILTER_REDIRECT: onDestinationChanged: previousBottomNavDestination=2131362677
05-10 10:01:27.729 31647 31647 I ImeTracker: com.lagradost.cloudcache.prerelease:8d885ed8: onRequestHide at ORIGIN_CLIENT reason HIDE_SOFT_INPUT fromUser false
05-10 10:01:27.729 31647 31647 I InputMethodManager_LC: hsifw() - flag : 0
05-10 10:01:27.729 31647 31647 I InputMethodManager_LC: hsifw() - mService.hideSoftInput
05-10 10:01:27.729 31647 31647 D InsetsController: hide(ime(), fromIme=false)
05-10 10:01:27.729 31647 31647 I ImeTracker: com.lagradost.cloudcache.prerelease:8d885ed8: onCancelled at PHASE_CLIENT_ALREADY_HIDDEN
05-10 10:01:27.734 31647 31647 D MainActivity: onDestinationChanged: detaching back callbacks
05-10 10:01:27.734 31647 31647 D GENRE_FILTER_REDIRECT: onNavDestinationSelected: navigate completed
05-10 10:01:27.746 31647 31647 D ScrollView: initGoToTop
05-10 10:01:27.762 31647 31647 D ScrollView:  onsize change changed 
05-10 10:01:28.647 31647 31647 I VRI[MainActivity]@6091b6b: ViewPostIme pointer 0
05-10 10:01:28.803 31647 31647 I VRI[MainActivity]@6091b6b: ViewPostIme pointer 1
05-10 10:01:28.804 31647 31647 I NavComponent: Navigating to fragment: 2131361886
05-10 10:01:28.807 31647 31647 D GENRE_FILTER_REDIRECT: ========== onDestinationChanged called ==========
05-10 10:01:28.807 31647 31647 D GENRE_FILTER_REDIRECT: onDestinationChanged: destination=2131362694, label=설정
05-10 10:01:28.807 31647 31647 D GENRE_FILTER_REDIRECT: onDestinationChanged: nextSearchQuery=null
05-10 10:01:28.807 31647 31647 D GENRE_FILTER_REDIRECT: onDestinationChanged: bundle keys=[]
05-10 10:01:28.807 31647 31647 D GENRE_FILTER_REDIRECT: onDestinationChanged: previousBottomNavDestination=2131362677
05-10 10:01:28.808 31647 31647 I ImeTracker: com.lagradost.cloudcache.prerelease:a17beee1: onRequestHide at ORIGIN_CLIENT reason HIDE_SOFT_INPUT fromUser false
05-10 10:01:28.808 31647 31647 I InputMethodManager_LC: hsifw() - flag : 0
05-10 10:01:28.808 31647 31647 I InputMethodManager_LC: hsifw() - mService.hideSoftInput
05-10 10:01:28.808 31647 31647 D InsetsController: hide(ime(), fromIme=false)
05-10 10:01:28.808 31647 31647 I ImeTracker: com.lagradost.cloudcache.prerelease:a17beee1: onCancelled at PHASE_CLIENT_ALREADY_HIDDEN
05-10 10:01:28.809 31647 31647 D MainActivity: onDestinationChanged: detaching back callbacks
05-10 10:01:29.425 31647 31647 I VRI[MainActivity]@6091b6b: ViewPostIme pointer 0
05-10 10:01:29.539 31647 31647 I VRI[MainActivity]@6091b6b: ViewPostIme pointer 1
05-10 10:01:29.557 31647 31647 I Dialog  : mIsDeviceDefault = false, mIsSamsungBasicInteraction = false, isMetaDataInActivity = false
05-10 10:01:29.561 31647 31647 I DecorView: setWindowBackground: isPopOver=false color=ff010102 d=android.graphics.drawable.InsetDrawable@ae39a3e
05-10 10:01:29.571 31647 31647 D ScrollView: initGoToTop
05-10 10:01:29.577 31647 31647 I WindowManager: WindowManagerGlobal#addView, ty=2, view=com.android.internal.policy.DecorView{e6a621c V.E..V... R.....I. 0,0-0,0}[MainActivity], caller=android.view.WindowManagerImpl.addView:158 android.app.Dialog.show:540 com.lagradost.cloudstream3.ui.settings.SettingsUpdates.onCreatePreferences$lambda$5:152 
05-10 10:01:29.577 31647 31647 D ViewRootImpl: desktopMode is false
05-10 10:01:29.577 31647 31647 I ViewRootImpl: dVRR is disabled
05-10 10:01:29.578 31647 31692 D NativeCustomFrequencyManager: [NativeCFMS] BpCustomFrequencyManager::BpCustomFrequencyManager()
05-10 10:01:29.585 31647 31647 D InputTransport: Input channel constructed: 'e54145c', fd=524
05-10 10:01:29.586 31647 31647 I InsetsController: onStateChanged: host=com.lagradost.cloudcache.prerelease/com.lagradost.cloudstream3.MainActivity, from=android.view.ViewRootImpl.onInsetsStateChanged:3026, state=InsetsState: {mDisplayFrame=Rect(0, 0 - 2960, 1848), mDisplayCutout=DisplayCutout{insets=Rect(0, 28 - 0, 0) waterfall=Insets{left=0, top=0, right=0, bottom=0} boundingRect={Bounds=[Rect(0, 0 - 0, 0), Rect(1393, 0 - 1567, 28), Rect(0, 0 - 0, 0), Rect(0, 0 - 0, 0)]} cutoutPathParserInfo={CutoutPathParserInfo{displayWidth=1848 displayHeight=2960 physicalDisplayWidth=1848 physicalDisplayHeight=2960 density={2.0} cutoutSpec={M 0,740 v -43.5 h -14 v 87 z @right @bind_right_cutout @dp} rotation={1} scale={1.0} physicalPixelDisplaySizeRatio={1.0}}} sideOverrides={}}, mRoundedCorners=RoundedCorners{[RoundedCorner{position=TopLeft, radius=23, center=Point(23, 23)}, RoundedCorner{position=TopRight, radius=23, center=Point(2937, 23)}, RoundedCorner{position=BottomRight, radius=23, center=Point(2937, 1825)}, RoundedCorner{position=BottomLeft, radius=23, center=Point(23, 1825)}]}  mRoundedCornerFrame=Rect(0, 0 - 2960, 1848), mPrivacyIndicatorBounds=PrivacyIndicatorBounds {static bounds=Rect(2883, 0 - 2960, 53) rotation=1}, mDisplayShape=DisplayShape{ spec=-311912193 displayWidth=1848 displayHeight=2960 physicalPixelDisplaySizeRatio=1.0 rotation=1 offsetX=0 offsetY=0 scale=1.0}, mSources= { InsetsSource: {27 mType=displayCutout mFrame=[0,0][2960,28] mVisible=true mFlags= mSideHint=TOP mBoundingRects=null}, InsetsSource: {c910000 mType=statusBars mFrame=[0,0][2960,53] mVisible=true mFlags= mSideHint=TOP mBoundingRects=null}, InsetsSource: {c910005 mType=mandatorySystemGestures mFrame=[0,0][2960,53] mVisible=true mFlags= mSideHint=TOP mBoundingRects=null}, InsetsSource: {c910006 mType=tappableElement mFrame=[0,0][2960,53] mVisible=true mFlags= mSideHint=TOP mBoundingRects=null}, InsetsSource: {5d750001 mType=navigationBars mFrame=[0,0][0,0] mVisible=true mFlags=SUPPRESS_SCRIM mSideHint=NONE mBoundingRects=null}, InsetsSource: {5d750004 mType=systemGestures mFrame=[0,0][39,1848] mVisible=true mFlags= mSideHint=LEFT mBoundingRects=null}, InsetsSource: {5d750005 mType=mandatorySystemGestures mFrame=[0,1813][2960,1848] mVisible=true mFlags= mSideHint=BOTTOM mBoundingRects=null}, InsetsSource: {5d750006 mType=tappableElement mFrame=[0,0][0,0] mVisible=true mFlags= mSideHint=NONE mBoundingRects=null}, InsetsSource: {5d750024 mType=systemGestures mFrame=[2921,0][2960,1848] mVisible=true mFlags= mSideHint=RIGHT mBoundingRects=null} }
05-10 10:01:29.586 31647 31647 I VRI[MainActivity]@ad87e25: synced displayState. AttachInfo displayState=2
05-10 10:01:29.586 31647 31647 I VRI[MainActivity]@ad87e25: setView = com.android.internal.policy.DecorView@e6a621c IsHRR=false mFlingFrameRateChange=0 TM=true