05-10 10:01:04.644 31647 31647 D Lifecycle: observe called for liveData: MutableLiveData, lifecycleOwner: ResultTrailerPlayer
05-10 10:01:04.644 31647 31647 D Lifecycle: Removed previous observers, now adding new observer
05-10 10:01:04.644 31647 31647 D Lifecycle: Observer triggered - thread: main, value class: null, value is Map: false
05-10 10:01:04.644 31647 31647 D Lifecycle: Observer triggered with value: null
05-10 10:01:04.644 31647 31647 D Lifecycle: observe called for liveData: MutableLiveData, lifecycleOwner: ResultTrailerPlayer
05-10 10:01:04.644 31647 31647 D Lifecycle: Removed previous observers, now adding new observer
05-10 10:01:04.644 31647 31647 D Lifecycle: Observer triggered - thread: main, value class: null, value is Map: false
05-10 10:01:04.644 31647 31647 D Lifecycle: Observer triggered with value: null
05-10 10:01:04.644 31647 31647 D Lifecycle: observe called for liveData: MutableLiveData, lifecycleOwner: ResultTrailerPlayer
05-10 10:01:04.644 31647 31647 D Lifecycle: Removed previous observers, now adding new observer
05-10 10:01:04.644 31647 31647 D Lifecycle: Observer triggered - thread: main, value class: Boolean, value is Map: false
05-10 10:01:04.644 31647 31647 D Lifecycle: Observer triggered with value: false
05-10 10:01:04.644 31647 31647 D Lifecycle: observe called for liveData: MutableLiveData, lifecycleOwner: ResultTrailerPlayer
05-10 10:01:04.644 31647 31647 D Lifecycle: Removed previous observers, now adding new observer
05-10 10:01:04.644 31647 31647 D Lifecycle: Observer triggered - thread: main, value class: EmptyList, value is Map: false
05-10 10:01:04.644 31647 31647 D Lifecycle: Observer triggered with value: []
05-10 10:01:04.644 31647 31647 D [PANEL_LOCK_DEBUG]: Setting end panel lock state - isEmpty: true, new state: UNLOCKED
05-10 10:01:04.648 31647 31647 D Lifecycle: observe called for liveData: MutableLiveData, lifecycleOwner: ResultTrailerPlayer
05-10 10:01:04.648 31647 31647 D Lifecycle: Removed previous observers, now adding new observer
05-10 10:01:04.648 31647 31647 D Lifecycle: Observer triggered - thread: main, value class: WatchType, value is Map: false
05-10 10:01:04.648 31647 31647 D Lifecycle: Observer triggered with value: NONE
05-10 10:01:04.648 31647 31647 D Lifecycle: observe called for liveData: MutableLiveData, lifecycleOwner: ResultTrailerPlayer
05-10 10:01:04.648 31647 31647 D Lifecycle: Removed previous observers, now adding new observer
05-10 10:01:04.648 31647 31647 D Lifecycle: Observer triggered - thread: main, value class: EmptyList, value is Map: false
05-10 10:01:04.648 31647 31647 D Lifecycle: Observer triggered with value: []
05-10 10:01:04.648 31647 31647 D Lifecycle: observe called for liveData: MutableLiveData, lifecycleOwner: ResultTrailerPlayer
05-10 10:01:04.648 31647 31647 D Lifecycle: Removed previous observers, now adding new observer
05-10 10:01:04.648 31647 31647 D Lifecycle: Observer triggered - thread: main, value class: EmptyList, value is Map: false
05-10 10:01:04.648 31647 31647 D Lifecycle: Observer triggered with value: []
05-10 10:01:04.648 31647 31647 D Lifecycle: observe called for liveData: MutableLiveData, lifecycleOwner: ResultTrailerPlayer
05-10 10:01:04.648 31647 31647 D Lifecycle: Removed previous observers, now adding new observer
05-10 10:01:04.648 31647 31647 D Lifecycle: Observer triggered - thread: main, value class: EmptyList, value is Map: false
05-10 10:01:04.648 31647 31647 D Lifecycle: Observer triggered with value: []
05-10 10:01:04.648 31647 31647 D Lifecycle: observe called for liveData: MutableLiveData, lifecycleOwner: ResultTrailerPlayer
05-10 10:01:04.648 31647 31647 D Lifecycle: Removed previous observers, now adding new observer
05-10 10:01:04.648 31647 31647 D Lifecycle: Observer triggered - thread: main, value class: null, value is Map: false
05-10 10:01:04.648 31647 31647 D Lifecycle: Observer triggered with value: null
05-10 10:01:04.648 31647 31647 D Lifecycle: observe called for liveData: MutableLiveData, lifecycleOwner: ResultTrailerPlayer
05-10 10:01:04.648 31647 31647 D Lifecycle: Removed previous observers, now adding new observer
05-10 10:01:04.648 31647 31647 D Lifecycle: Observer triggered - thread: main, value class: EmptySet, value is Map: false
05-10 10:01:04.648 31647 31647 D Lifecycle: Observer triggered with value: []
05-10 10:01:04.648 31647 31647 D [SYNC_PROVIDER_DEBUG]: Providers with valid status observer fired: [], selectedProvider: null
05-10 10:01:04.648 31647 31647 D [SYNC_PROVIDER_DEBUG]: Filtered synced providers: []
05-10 10:01:04.648 31647 31647 D [SYNC_PROVIDER_DEBUG]: Hiding status text - no synced providers
05-10 10:01:04.649 31647 31647 I CS3ExoPlayer: reloadPlayer
05-10 10:01:04.649 31647 31647 I CS3ExoPlayer: releasePlayer
05-10 10:01:04.650 31647 31647 I CS3ExoPlayer: Handle event: PlayerAttachedEvent(player=null, source=Player)
05-10 10:01:04.650 31647 31647 D [GESTURE_DEBUG]: onResume - adding gesture regions listener
05-10 10:01:04.650 31647 31647 D DownloadStatusRefresh: === RESULTFRAGMENTPHONE ONRESUME ===
05-10 10:01:04.650 31647 31647 D DownloadStatusRefresh: Forcing episode adapter refresh to update download status icons
05-10 10:01:04.650 31647 31647 D DownloadStatusRefresh: Current downloadStatus map size: 0
05-10 10:01:04.650 31647 31647 D DownloadStatusRefresh: === RESULTFRAGMENTPHONE ONRESUME COMPLETE ===
05-10 10:01:04.654 31647 31647 I BLASTBufferQueue_Java: update, w= 2960 h= 1848 mName = VRI[MainActivity]@6091b6b mNativeObject= 0xb4000074e3ce1130 sc.mNativeObject= 0xb400007353bc8ad0 format= -3 caller= android.view.ViewRootImpl.updateBlastSurfaceIfNeeded:3574 android.view.ViewRootImpl.relayoutWindow:11685 android.view.ViewRootImpl.performTraversals:4804 android.view.ViewRootImpl.doTraversal:3924 android.view.ViewRootImpl$TraversalRunnable.run:12903 android.view.Choreographer$CallbackRecord.run:1901 
05-10 10:01:04.654 31647 31647 I VRI[MainActivity]@6091b6b: Relayout returned: old=(0,0,2960,1848) new=(0,0,2960,1848) relayoutAsync=false req=(2960,1848)0 dur=1 res=0x0 s={true 0xb4000074b5aa5740} ch=false seqId=0
05-10 10:01:04.654 31647 31647 I VRI[MainActivity]@6091b6b: updateBoundsLayer: t=android.view.SurfaceControl$Transaction@21c2118 sc=Surface(name=Bounds for - com.lagradost.cloudcache.prerelease/com.lagradost.cloudstream3.MainActivity@4)/@0x652ee91 frame=4385
05-10 10:01:04.654 31647 31647 W View    : requestLayout() improperly called by android.widget.FrameLayout{25ad531 I.E..V... ......I. 0,0-0,0 #7f0a0583 app:id/start_panel} during layout: running second layout pass
05-10 10:01:04.655 31647 31647 W View    : requestLayout() improperly called by android.widget.FrameLayout{287e416 I.E..V... ......ID 2960,0-2960,1707 #7f0a0199 app:id/end_panel} during layout: running second layout pass
05-10 10:01:04.658 31647 23746 D LocalLibraryTest: Checking cache first for url: {"type":"series","id":"tt36732944","season":null,"episode":null,"imdbId":null,"year":null,"title":"모두가 자신의 무가치함과 싸우고 있다","tmdbId":289424,"isAnime":false,"isBollywood":false,"isAsian":false,"isCartoon":false,"firstAired":null,"airedYear":null,"originalTitle":null,"englishTitle":null,"imdbSeason":null,"imdbEpisode":null,"anilistId":null,"malId":null,"kitsuId":null}, found 93 cached headers
05-10 10:01:04.658 31647 23746 D LocalLibraryTest: Matched cached header: 모두가 자신의 무가치함과 싸우고 있다 (url: {"type":"series","id":"tt36732944","season":null,"episode":null,"imdbId":null,"year":null,"title":"모두가 자신의 무가치함과 싸우고 있다","tmdbId":289424,"isAnime":false,"isBollywood":false,"isAsian":false,"isCartoon":false,"firstAired":null,"airedYear":null,"originalTitle":null,"englishTitle":null,"imdbSeason":null,"imdbEpisode":null,"anilistId":null,"malId":null,"kitsuId":null}, id: -1054789868)
05-10 10:01:04.658 31647 23746 D CacheFlow: MAIN LOAD - Using DOWNLOAD_HEADER_CACHE for: 모두가 자신의 무가치함과 싸우고 있다 (url: {"type":"series","id":"tt36732944","season":null,"episode":null,"imdbId":null,"year":null,"title":"모두가 자신의 무가치함과 싸우고 있다","tmdbId":289424,"isAnime":false,"isBollywood":false,"isAsian":false,"isCartoon":false,"firstAired":null,"airedYear":null,"originalTitle":null,"englishTitle":null,"imdbSeason":null,"imdbEpisode":null,"anilistId":null,"malId":null,"kitsuId":null})
05-10 10:01:04.658 31647 23746 D CacheFlow: Cached header fields - plot: null, backgroundPosterUrl: null, tags: null, actors: null
05-10 10:01:04.658 31647 23746 D [CACHE_ANIMATION]: Showing loading state for cached data
05-10 10:01:04.659 31647 23746 D CacheFlow: createOfflineLoadResponse - Input cached header fields - plot: null, backgroundPosterUrl: null, tags: null, actors: null
05-10 10:01:04.659 31647 23746 D CacheFlow: createOfflineLoadResponse - Using name: 모두가 자신의 무가치함과 싸우고 있다 (cached: '모두가 자신의 무가치함과 싸우고 있다')
05-10 10:01:04.659 31647 23746 D CacheFlow: parseActorsFromCache - Starting actor parsing, input actors count: null
05-10 10:01:04.659 31647 23746 D CacheFlow: parseActorsFromCache - Parsed actors count: null
05-10 10:01:04.659 31647 23746 D [CACHE_SYNC_DEBUG]: createOfflineLoadResponse - syncData restored: {}, cachedHeader.syncData: null
05-10 10:01:04.659 31647 23746 D CacheFlow: createOfflineLoadResponse - Output LoadResponse type: LoadResponseFromSearch (no episodes field)
05-10 10:01:04.659 31647 23746 D CacheFlow: createOfflineLoadResponse - Output LoadResponse fields - plot: null, backgroundPosterUrl: null, tags: null, actors: null
05-10 10:01:04.659 31647 23746 D CacheFlow: Created offline response - plot: null, backgroundPosterUrl: null, tags: null
05-10 10:01:04.659 31647 23746 D [CACHE_ANIMATION]: Holding cached data for 300ms before release
05-10 10:01:04.662 31647 31647 D AbsListView:  in onLayout changed 
05-10 10:01:04.662 31647 31647 D ScrollView:  onsize change changed 
05-10 10:01:04.663 31647 31647 D SurfaceView: 84757330 updateSurface: has no frame
05-10 10:01:04.663 31647 31647 D SurfaceView: 84757330 updateSurface: has no frame
05-10 10:01:04.663 31647 31647 I VRI[MainActivity]@6091b6b: registerCallbackForPendingTransactions
05-10 10:01:04.664 31647 31712 I VRI[MainActivity]@6091b6b: mWNT: t=0xb4000073d5076210 mBlastBufferQueue=0xb4000074e3ce1130 fn= 4385 HdrRenderState mRenderHdrSdrRatio=1.0 caller= android.view.ViewRootImpl$10.onFrameDraw:6536 android.view.ViewRootImpl$4.onFrameDraw:2489 android.view.ThreadedRenderer$1.onFrameDraw:718 
05-10 10:01:04.665 31647 31647 D Lifecycle: Observer triggered - thread: main, value class: null, value is Map: false
05-10 10:01:04.665 31647 31647 D Lifecycle: Observer triggered with value: null
05-10 10:01:04.665 31647 31647 D Lifecycle: Observer triggered - thread: main, value class: ArrayList, value is Map: false
05-10 10:01:04.665 31647 31647 D Lifecycle: Observer triggered with value: [CurrentSynced(name=MAL, idPrefix=mal, isSynced=false, hasAccount=false, icon=2131231510), CurrentSynced(name=Kitsu, idPrefix=kitsu, isSynced=false, hasAccount=false, icon=2131231471), CurrentSynced(name=AniList, idPrefix=anilist, isSynced=false, hasAccount=true, icon=2131231150), CurrentSynced(name=Simkl, idPrefix=simkl, isSynced=false, hasAccount=true, icon=2131231835), CurrentSynced(name=Local, idPrefix=local, isSynced=false, hasAccount=false, icon=2131231222)]
05-10 10:01:04.665 31647 31647 D [SYNC_OBSERVER_LIFECYCLE]: syncModel.synced observer fired - list size: 5, binding: true, resultMiniSync: true
05-10 10:01:04.665 31647 31647 D Lifecycle: Observer triggered - thread: main, value class: null, value is Map: false
05-10 10:01:04.665 31647 31647 D Lifecycle: Observer triggered with value: null
05-10 10:01:04.665 31647 31647 D Lifecycle: Observer triggered - thread: main, value class: Loading, value is Map: false
05-10 10:01:04.665 31647 31647 D Lifecycle: Observer triggered with value: Loading(url=null)
05-10 10:01:04.665 31647 31647 D MetadataSwap: Observer triggered with data: Loading
05-10 10:01:04.665 31647 31647 D MetadataSwap: Observer received data: null
05-10 10:01:04.665 31647 31647 D [UPDATEUI_DEBUG]: updateUI observer fired - resultCastItems: true, viewId: 2131362925
05-10 10:01:04.665 31647 31647 D [UPDATEUI_DEBUG]: Unregistered resultCastItems in updateUI
05-10 10:01:04.665 31647 31647 D [GESTURE_DEBUG]: Registered resultCastItems in updateUI
05-10 10:01:04.670 31647 31647 D SurfaceView: 84757330 updateSurface: has no frame
05-10 10:01:04.672 31647 31647 D [SYNC_PROVIDER_DEBUG]: Spinner onItemSelected - position: 0
05-10 10:01:04.672 31647 31647 D [SYNC_PROVIDER_DEBUG]: All Providers selected - calling updateUserData
05-10 10:01:04.673 31647 31647 I SYNCVM  : updateUserData - syncs size: 0, syncs: {}
05-10 10:01:04.673 31647 31647 I SYNCVM  : updateUserData - providers with valid status: []
05-10 10:01:04.673 31647 31647 I SYNCVM  : updateUserData - tried 0 APIs, anySuccess: false, status is null: true
05-10 10:01:04.673 31647 31647 I SYNCVM  : updateUserData - request completed, flag released
05-10 10:01:04.673 31647 31647 D Lifecycle: Observer triggered - thread: main, value class: null, value is Map: false
05-10 10:01:04.673 31647 31647 D Lifecycle: Observer triggered with value: null
05-10 10:01:04.673 31647 31647 D Lifecycle: Observer triggered - thread: main, value class: Failure, value is Map: false
05-10 10:01:04.673 31647 31647 D Lifecycle: Observer triggered with value: Failure(isNetworkError=false, errorString=No data)
05-10 10:01:04.673 31647 31647 D [SYNC_USERDATA_DEBUG]: UserData observer fired: Failure
05-10 10:01:04.673 31647 31647 D Lifecycle: Observer triggered - thread: main, value class: LinkedHashSet, value is Map: false
05-10 10:01:04.673 31647 31647 D Lifecycle: Observer triggered with value: []
05-10 10:01:04.673 31647 31647 D [SYNC_PROVIDER_DEBUG]: Providers with valid status observer fired: [], selectedProvider: null
05-10 10:01:04.673 31647 31647 D [SYNC_PROVIDER_DEBUG]: Filtered synced providers: []
05-10 10:01:04.673 31647 31647 D [SYNC_PROVIDER_DEBUG]: Hiding status text - no synced providers
05-10 10:01:04.674 31647 31647 D SurfaceView: 84757330 updateSurface: has no frame
05-10 10:01:04.682 31647 31647 D SurfaceView: 84757330 updateSurface: has no frame
05-10 10:01:04.693 31647 31647 D SurfaceView: 84757330 updateSurface: has no frame
05-10 10:01:04.701 31647 31647 D SurfaceView: 84757330 updateSurface: has no frame
05-10 10:01:04.708 31647 31647 D SurfaceView: 84757330 updateSurface: has no frame
05-10 10:01:04.715 31647 31647 D SurfaceView: 84757330 updateSurface: has no frame
05-10 10:01:04.724 31647 31647 D SurfaceView: 84757330 updateSurface: has no frame
05-10 10:01:04.738 31647 31647 D SurfaceView: 84757330 updateSurface: has no frame
05-10 10:01:04.741 31647 31647 D SurfaceView: 84757330 updateSurface: has no frame
05-10 10:01:04.749 31647 31647 D SurfaceView: 84757330 updateSurface: has no frame
05-10 10:01:04.758 31647 31647 D SurfaceView: 84757330 updateSurface: has no frame
05-10 10:01:04.766 31647 31647 D SurfaceView: 84757330 updateSurface: has no frame
05-10 10:01:04.774 31647 31647 D SurfaceView: 84757330 updateSurface: has no frame
05-10 10:01:04.782 31647 31647 D SurfaceView: 84757330 updateSurface: has no frame
05-10 10:01:04.790 31647 31647 D SurfaceView: 84757330 updateSurface: has no frame
05-10 10:01:04.798 31647 31647 D SurfaceView: 84757330 updateSurface: has no frame
05-10 10:01:04.807 31647 31647 D SurfaceView: 84757330 updateSurface: has no frame
05-10 10:01:04.828 31647 31647 D SurfaceView: 84757330 updateSurface: has no frame
05-10 10:01:04.831 31647 31647 D SurfaceView: 84757330 updateSurface: has no frame
05-10 10:01:04.839 31647 31647 D SurfaceView: 84757330 updateSurface: has no frame
05-10 10:01:04.847 31647 31647 D SurfaceView: 84757330 updateSurface: has no frame
05-10 10:01:04.856 31647 31647 D SurfaceView: 84757330 updateSurface: has no frame
05-10 10:01:04.864 31647 31647 D SurfaceView: 84757330 updateSurface: has no frame
05-10 10:01:04.873 31647 31647 D SurfaceView: 84757330 updateSurface: has no frame
05-10 10:01:04.881 31647 31647 D SurfaceView: 84757330 updateSurface: has no frame
05-10 10:01:04.889 31647 31647 D SurfaceView: 84757330 updateSurface: has no frame
05-10 10:01:04.898 31647 31647 D SurfaceView: 84757330 updateSurface: has no frame
05-10 10:01:04.906 31647 31647 D SurfaceView: 84757330 updateSurface: has no frame
05-10 10:01:04.914 31647 31647 D SurfaceView: 84757330 updateSurface: has no frame
05-10 10:01:04.922 31647 31647 D SurfaceView: 84757330 updateSurface: has no frame
05-10 10:01:04.935 31647 31647 D SurfaceView: 84757330 updateSurface: has no frame
05-10 10:01:04.939 31647 31647 D SurfaceView: 84757330 updateSurface: has no frame
05-10 10:01:04.947 31647 31647 D SurfaceView: 84757330 updateSurface: has no frame
05-10 10:01:04.955 31647 31647 D SurfaceView: 84757330 updateSurface: has no frame
05-10 10:01:04.959 31647 23746 D [CACHE_ANIMATION]: Releasing cached data
05-10 10:01:04.959 31647 23746 D CacheFlow: postSuccessful - mainId: -1054789868, updateEpisodes: false, updateFillers: false
05-10 10:01:04.959 31647 23746 D MetadataSwap: postPage called with: 모두가 자신의 무가치함과 싸우고 있다, actors: null, plot: null
05-10 10:01:04.960 31647 23746 D [SUBSCRIBE_DEBUG]: postSubscription ENTRY - loadResponse type: LoadResponseFromSearch, id: -1054789868, isEpisodeBased: false
05-10 10:01:04.960 31647 23746 D [SUBSCRIBE_DEBUG]: postSubscription ENTRY - current _subscribeStatus.value: null
05-10 10:01:04.960 31647 23746 D [SUBSCRIBE_DEBUG]: DataStoreHelper - getSubscribedData - id: -1054789868, data found: false
05-10 10:01:04.960 31647 23746 D [SUBSCRIBE_DEBUG]: postSubscription - existing subscription data found: false
05-10 10:01:04.960 31647 23746 D [SUBSCRIBE_DEBUG]: postSubscription - non-episode-based without existing data - currentStatus before decision: null
05-10 10:01:04.960 31647 23746 D [SUBSCRIBE_DEBUG]: postSubscription - non-episode-based without existing data - companion justUnsubscribedId: null, current id: -1054789868, isRecentUnsubscribe: false
05-10 10:01:04.960 31647 23746 D [SUBSCRIBE_DEBUG]: postSubscription - non-episode-based without existing data - posting status: null (currentStatus was: null, isRecentUnsubscribe: false)
05-10 10:01:04.960 31647 23746 D [SUBSCRIBE_DEBUG]: postSubscription - CALL STACK:     at dalvik.system.VMStack.getThreadStackTrace(VMStack.java:-2)
05-10 10:01:04.960 31647 23746 D [SUBSCRIBE_DEBUG]:     at java.lang.Thread.getStackTrace(Thread.java:2843)
05-10 10:01:04.960 31647 23746 D [SUBSCRIBE_DEBUG]:     at com.lagradost.cloudstream3.ui.result.ResultViewModel2.postSubscription(ResultViewModel2.kt:3376)
05-10 10:01:04.960 31647 23746 D [SUBSCRIBE_DEBUG]:     at com.lagradost.cloudstream3.ui.result.ResultViewModel2.postSuccessful(ResultViewModel2.kt:3659)
05-10 10:01:04.960 31647 23746 D [SUBSCRIBE_DEBUG]:     at com.lagradost.cloudstream3.ui.result.ResultViewModel2.access$postSuccessful(ResultViewModel2.kt:479)
05-10 10:01:04.960 31647 23746 D [SUBSCRIBE_DEBUG]:     at com.lagradost.cloudstream3.ui.result.ResultViewModel2$load$1.invokeSuspend(ResultViewModel2.kt:5218)
05-10 10:01:04.960 31647 23746 D [SUBSCRIBE_DEBUG]:     at kotlin.coroutines.jvm.internal.BaseContinuationImpl.resumeWith(ContinuationImpl.kt:34)
05-10 10:01:04.960 31647 23746 D [SUBSCRIBE_DEBUG]:     at kotlinx.coroutines.DispatchedTask.run(DispatchedTask.kt:100)
05-10 10:01:04.960 31647 23746 D [SUBSCRIBE_DEBUG]:     at kotlinx.coroutines.internal.LimitedDispatcher$Worker.run(LimitedDispatcher.kt:124)
05-10 10:01:04.960 31647 23746 D [SUBSCRIBE_DEBUG]:     at kotlinx.coroutines.scheduling.TaskImpl.run(Tasks.kt:89)
05-10 10:01:04.960 31647 23746 D [SUBSCRIBE_DEBUG]: postSubscription EXIT - final _subscribeStatus.value: null
05-10 10:01:04.960 31647 23746 D CacheFlow: loadOfflineEpisodes - Using DOWNLOAD_HEADER_CACHE for: 모두가 자신의 무가치함과 싸우고 있다
05-10 10:01:04.960 31647 23746 D CacheFlow: Cached header fields - plot: null, backgroundPosterUrl: null, tags: null, actors: null
05-10 10:01:04.960 31647 23746 D cacheDataDebug: [METADATA_ONLY] loadOfflineEpisodes - metadataOnlyMode: false
05-10 10:01:04.960 31647 23746 D CacheFlow: getEpisodesByParentId - parentId: -1054789868, indexKey: episode_parent_index_-1054789868, episodeIds: null
05-10 10:01:04.960 31647 23746 W CacheFlow: loadOfflineEpisodes - Parent index missing, falling back to full scan
05-10 10:01:04.961 31647 31647 D Lifecycle: Observer triggered - thread: main, value class: EmptyList, value is Map: false
05-10 10:01:04.961 31647 31647 D Lifecycle: Observer triggered with value: []
05-10 10:01:04.961 31647 31647 D [PANEL_LOCK_DEBUG]: Setting end panel lock state - isEmpty: true, new state: UNLOCKED
05-10 10:01:04.961 31647 31647 D Lifecycle: Observer triggered - thread: main, value class: Success, value is Map: false
05-10 10:01:04.961 31647 31647 D Lifecycle: Observer triggered with value: Success(value=ResultData(url={"type":"series","id":"tt36732944","season":null,"episode":null,"imdbId":null,"year":null,"title":"모두가 자신의 무가치함과 싸우고 있다","tmdbId":289424,"isAnime":false,"isBollywood":false,"isAsian":false,"isCartoon":false,"firstAired":null,"airedYear":null,"originalTitle":null,"englishTitle":null,"imdbSeason":null,"imdbEpisode":null,"anilistId":null,"malId":null,"kitsuId":null}, tags=[], actors=null, actorsText=null, comingSoon=false, backgroundPosterUrl=null, title=모두가 자신의 무가치함과 싸우고 있다, syncData={}, posterImage=https://xrdb.ibbylabs.dev/poster/tmdb:series:289424.jpg?idSource=tmdb&tmdbKey=cc9982c4801545a1481d167137ea7b53&mdblistKey=d2tmbmhnrgdz7ft9re7j2gjr3&posterRatings=myanimelist%2Cimdb%2Cletterboxd%2Cmetacriticuser%2Ctomatoesaudience%2Ctrakt%2Ctmdb%2Cmetacritic%2Ctomatoes%2Crogerebert&lang=ko&ratingValueMode=normalized&posterGenreBadgeStyle=plain&posterGenreBadgePosition=bottomLeft&posterStreamBadges=on&ageRatingBadgePosition=left-top&posterQualityBadges=&posterRatingStyle=plain&posterRatingBadgeScale=115&imageText=original&posterRatingsLayout=right&posterNoBackgroundBadgeOutlineColor=%23ff0000&posterEdgeOffset=3&providerAppearance=eyJ0b21hdG9lcyI6eyJzdGFja2VkQWNjZW50TW9kZSI6ImxvZ28ifX0, posterBackgroundImage=https://xrdb.ibbylabs.dev/poster/tmdb:series:289424.jpg?idSource=tmdb&tmdbKey=cc9982c4801545a1481d167137ea7b53&mdblistKey=d2tmbmhnrgdz7ft9re7j2gjr3&posterRatings=myanimelist%2Cimdb%2Cletterboxd%2Cmetacriticuser%2Ctomatoesaudience%2Ctrakt%2Ctmdb%2Cmetacritic%2Ctomatoes%2Crogerebert&lang=ko&ratingValueMode=normalized&posterGenreBadgeStyle=plain&posterGenreBadgePosition=bottomLeft&posterStreamBadges=on&ageRatingBadgePosition=left-top&posterQualityBadges=&posterRatingStyle=plain&posterRatingBadgeScale=115&imageText=original&posterRatingsLayout=right&posterNoBackgroundBadgeOutlineColor=%23ff0000&posterEdgeOffset=3&providerAppearance=eyJ0b21hdG9lcyI6eyJzdGFja2VkQWNjZW50TW9kZSI6ImxvZ28ifX0, logoUrl=null, plotText=resId = 2132018051
05-10 10:01:04.961 31647 31647 D Lifecycle: args = [], apiName=StremioAIO, ratingText=null, contentRatingText=null, vpnText=null, metaText=null, durationText=null, onGoingText=null, noEpisodesFoundText=null, titleText=모두가 자신의 무가치함과 싸우고 있다, typeText=resId = 2132018493
05-10 10:01:04.961 31647 31647 D Lifecycle: args = [], yearText=null, nextAiringDate=null, nextAiringEpisode=null, plotHeaderText=resId = 2132018243
05-10 10:01:04.961 31647 31647 D Lifecycle: args = [], posterHeaders=null))
05-10 10:01:04.961 31647 31647 D MetadataSwap: Observer triggered with data: Success
05-10 10:01:04.961 31647 31647 D MetadataSwap: Observer received data: 모두가 자신의 무가치함과 싸우고 있다
05-10 10:01:04.961 31647 31647 D [UPDATEUI_DEBUG]: updateUI observer fired - resultCastItems: true, viewId: 2131362925
05-10 10:01:04.961 31647 31647 D [UPDATEUI_DEBUG]: Unregistered resultCastItems in updateUI
05-10 10:01:04.961 31647 31647 D [GESTURE_DEBUG]: Registered resultCastItems in updateUI
05-10 10:01:04.962 31647 23746 D CacheFlow: Full scan loaded 0 episodes
05-10 10:01:04.962 31647 31647 D LOGO_DEBUG: bindLogo called - url: null, isNullOrBlank: true
05-10 10:01:04.962 31647 23746 D CacheFlow: === EPISODE LOAD COMPLETE: 0 episodes loaded in 2ms ===
05-10 10:01:04.962 31647 23746 D CacheFlow: === EPISODE DISTRIBUTION DEBUG ===
05-10 10:01:04.962 31647 23746 D CacheFlow: === END EPISODE DISTRIBUTION DEBUG ===
05-10 10:01:04.962 31647 31647 D LOGO_DEBUG: bindLogo - url is null/blank, hiding logo
05-10 10:01:04.962 31647 23746 D CacheFlow: No cached episodes found for parentId: -1054789868, falling back to API
05-10 10:01:04.962 31647 23746 D BannerCache: API LOAD - Loading from API for: {"type":"series","id":"tt36732944","season":null,"episode":null,"imdbId":null,"year":null,"title":"모두가 자신의 무가치함과 싸우고 있다","tmdbId":289424,"isAnime":false,"isBollywood":false,"isAsian":false,"isCartoon":false,"firstAired":null,"airedYear":null,"originalTitle":null,"englishTitle":null,"imdbSeason":null,"imdbEpisode":null,"anilistId":null,"malId":null,"kitsuId":null}
05-10 10:01:04.962 31647 31647 I SYNCVM  : addSyncsBlocking called with: {}
05-10 10:01:04.962 31647 31647 I SYNCVM  : addSyncsBlocking current syncs map: {}
05-10 10:01:04.962 31647 31647 I SYNCVM  : addSyncsBlocking final result: false, syncs now: {}
05-10 10:01:04.963 31647 23747 I SYNCVM  : addFromUrl = {"type":"series","id":"tt36732944","season":null,"episode":null,"imdbId":null,"year":null,"title":"모두가 자신의 무가치함과 싸우고 있다","tmdbId":289424,"isAnime":false,"isBollywood":false,"isAsian":false,"isCartoon":false,"firstAired":null,"airedYear":null,"originalTitle":null,"englishTitle":null,"imdbSeason":null,"imdbEpisode":null,"anilistId":null,"malId":null,"kitsuId":null}
05-10 10:01:04.963 31647 23747 I SYNCVM  : hasAddedFromUrl contains url: false
05-10 10:01:04.963 31647 23747 I SYNCVM  : hasAddedFromUrl size: 0
05-10 10:01:04.963 31647 23747 I SYNCVM  : url starts with http: false
05-10 10:01:04.963 31647 23747 I SYNCVM  : addFromUrl - url doesn't start with http, returning
05-10 10:01:04.965 31647 31647 D [SUBSCRIBE_DEBUG]: ResultFragmentPhone - subscribeStatus observer - isSubscribed: null
05-10 10:01:04.965 31647 31647 D [SUBSCRIBE_DEBUG]: ResultFragmentPhone - subscribeStatus observer - button visibility set to: true, displaySubscribed: false
05-10 10:01:04.965 31647 31647 D [SUBSCRIBE_DEBUG]: ResultFragmentPhone - subscribeStatus observer - setting drawable: notifications_none
05-10 10:01:04.965 31647 31647 D Lifecycle: Observer triggered - thread: main, value class: WatchType, value is Map: false
05-10 10:01:04.965 31647 31647 D Lifecycle: Observer triggered with value: NONE
05-10 10:01:04.967 31647 31647 D SurfaceView: 84757330 updateSurface: has no frame
05-10 10:01:04.968 31647 31647 I SurfaceView: 84757330 Changes: creating=true format=true size=true visible=true alpha=false hint=false left=true top=true z=false attached=true lifecycleStrategy=true
05-10 10:01:04.969 31647 31647 W libc    : Access denied finding property "vendor.display.enable_optimal_refresh_rate"
05-10 10:01:04.969 31647 31647 I BufferQueueProducer: [](id:7b9f00000055,api:0,p:0,c:31647) setDequeueTimeout:2077252342
05-10 10:01:04.969 31647 31647 I BLASTBufferQueue_Java: new BLASTBufferQueue, mName= 50d4b52 SurfaceView[com.lagradost.cloudcache.prerelease/com.lagradost.cloudstream3.MainActivity]@0 mNativeObject= 0xb4000074e8005f50 caller= android.view.SurfaceView.createBlastSurfaceControls:1781 android.view.SurfaceView.updateSurface:1450 android.view.SurfaceView.lambda$new$0:280 android.view.SurfaceView.$r8$lambda$NfZyM_TG8F8lqzaOVZ7noREFjzU:0 android.view.SurfaceView$$ExternalSyntheticLambda1.onPreDraw:0 android.view.ViewTreeObserver.dispatchOnPreDraw:1229 android.view.ViewRootImpl.performTraversals:5448 android.view.ViewRootImpl.doTraversal:3924 android.view.ViewRootImpl$TraversalRunnable.run:12903 android.view.Choreographer$CallbackRecord.run:1901 
05-10 10:01:04.969 31647 31647 I BLASTBufferQueue_Java: update, w= 2960 h= 350 mName = 50d4b52 SurfaceView[com.lagradost.cloudcache.prerelease/com.lagradost.cloudstream3.MainActivity]@0 mNativeObject= 0xb4000074e8005f50 sc.mNativeObject= 0xb400007353bcaa50 format= 4 caller= android.view.SurfaceView.createBlastSurfaceControls:1782 android.view.SurfaceView.updateSurface:1450 android.view.SurfaceView.lambda$new$0:280 android.view.SurfaceView.$r8$lambda$NfZyM_TG8F8lqzaOVZ7noREFjzU:0 android.view.SurfaceView$$ExternalSyntheticLambda1.onPreDraw:0 android.view.ViewTreeObserver.dispatchOnPreDraw:1229 
05-10 10:01:04.970 31647 31647 I SurfaceView: 84757330 Cur surface: Surface(name=null mNativeObject=0)/@0x3234428
05-10 10:01:04.970 31647 31647 D SurfaceComposerClient: setCornerRadius ## 50d4b52 SurfaceView[com.lagradost.cloudcache.prerelease/com.lagradost.cloudstream3.MainActivity]@0#774554 cornerRadius=0.000000
05-10 10:01:04.970 31647 31647 I SV[84757330 MainActivity]: pST: sr = Rect(0, 141 - 2960, 491) sw = 2960 sh = 350
05-10 10:01:04.970 31647 31647 D SurfaceView: 84757330 performSurfaceTransaction RenderWorker position = [0, 141, 2960, 491] surfaceSize = 2960x350
05-10 10:01:04.970 31647 31647 W libc    : Access denied finding property "vendor.display.enable_optimal_refresh_rate"
05-10 10:01:04.970 31647 31647 I SV[84757330 MainActivity]: updateSurface: mVisible = true mSurface.isValid() = true
05-10 10:01:04.970 31647 31647 I SV[84757330 MainActivity]: updateSurface: mSurfaceCreated = false surfaceChanged = true visibleChanged = true
05-10 10:01:04.970 31647 31647 I SurfaceView: 84757330 visibleChanged -- surfaceCreated
05-10 10:01:04.970 31647 31647 I SV[84757330 MainActivity]: surfaceCreated 0 #8 android.view.SurfaceView{50d4b52 V.E..V... ......ID 0,0-2960,350}
05-10 10:01:04.970 31647 31647 I SurfaceView: 84757330 surfaceChanged -- format=4 w=2960 h=350
05-10 10:01:04.970 31647 31647 I SV[84757330 MainActivity]: surfaceChanged (2960,350) 0 #8 android.view.SurfaceView{50d4b52 V.E..V... ......ID 0,0-2960,350}
05-10 10:01:04.970 31647 31647 I SurfaceView: 84757330 surfaceRedrawNeeded
05-10 10:01:04.970 31647 31647 I SurfaceView: 84757330 finishedDrawing
05-10 10:01:04.970 31647 31647 V SurfaceView: Layout: x=0 y=141 w=2960 h=350, frame=Rect(0, 0 - 2960, 350)
05-10 10:01:04.971 31647 31647 I VRI[MainActivity]@6091b6b: registerCallbackForPendingTransactions
05-10 10:01:04.972 31647 31692 D SurfaceView: 84757330 updateSurfacePosition RenderWorker, frameNr = 4421, position = [0, 141, 2960, 491] surfaceSize = 2960x350
05-10 10:01:04.972 31647 31692 I SV[84757330 MainActivity]: uSP: rtp = Rect(0, 141 - 2960, 491) rtsw = 2960 rtsh = 350
05-10 10:01:04.972 31647 31692 I SV[84757330 MainActivity]: onSSPAndSRT: pl = 0 pt = 141 sx = 1.0 sy = 1.0
05-10 10:01:04.972 31647 31692 I SV[84757330 MainActivity]: aOrMT: VRI[MainActivity]@6091b6b t = android.view.SurfaceControl$Transaction@37c7ad4 fN = 4421 android.view.SurfaceView.-$$Nest$mapplyOrMergeTransaction:0 android.view.SurfaceView$SurfaceViewPositionUpdateListener.positionChanged:1932 android.graphics.RenderNode$CompositePositionUpdateListener.positionChanged:401 
05-10 10:01:04.972 31647 31692 I VRI[MainActivity]@6091b6b: mWNT: t=0xb4000073d4fb31d0 mBlastBufferQueue=0xb4000074e3ce1130 fn= 4421 HdrRenderState mRenderHdrSdrRatio=1.0 caller= android.view.SurfaceView.applyOrMergeTransaction:1863 android.view.SurfaceView.-$$Nest$mapplyOrMergeTransaction:0 android.view.SurfaceView$SurfaceViewPositionUpdateListener.positionChanged:1932 
05-10 10:01:04.973 31647 31713 I VRI[MainActivity]@6091b6b: mWNT: t=0xb4000073d4f6e510 mBlastBufferQueue=0xb4000074e3ce1130 fn= 4421 HdrRenderState mRenderHdrSdrRatio=1.0 caller= android.view.ViewRootImpl$10.onFrameDraw:6536 android.view.ViewRootImpl$4.onFrameDraw:2489 android.view.ThreadedRenderer$1.onFrameDraw:718 
05-10 10:01:07.523 31647 31647 I VRI[MainActivity]@6091b6b: call setFrameRateCategory for touch hint category=no preference, reason=boost timeout, vri=VRI[MainActivity]@6091b6b
05-10 10:01:08.673 31647 24095 D BannerCache: API LOAD SUCCESS - Got response from API, backgroundPosterUrl: https://image.tmdb.org/t/p/original/4ZXZi107TbfBJF
05-10 10:01:08.673 31647 24095 D CacheFlow: API fallback returned - plot: ⭐ 8.1  🟢 8.0  Ⓣ 7.7  🎬 9.2 |, backgroundPosterUrl: https://image.tmdb.org/t/p/ori, tags: 1
05-10 10:01:08.673 31647 24095 D CacheFlow: postSuccessful - mainId: -1054789868, updateEpisodes: true, updateFillers: false
05-10 10:01:08.673 31647 24095 D MetadataSwap: postPage called with: 모두가 자신의 무가치함과 싸우고 있다, actors: 15, plot: ⭐ 8.1  🟢 8.0  Ⓣ 7.7  🎬 9.2 |
05-10 10:01:08.673 31647 31647 D Lifecycle: Observer triggered - thread: main, value class: ArrayList, value is Map: false
05-10 10:01:08.674 31647 24095 D [SUBSCRIBE_DEBUG]: postSubscription ENTRY - loadResponse type: TvSeriesLoadResponse, id: -1054789868, isEpisodeBased: true
05-10 10:01:08.674 31647 24095 D [SUBSCRIBE_DEBUG]: postSubscription ENTRY - current _subscribeStatus.value: null
05-10 10:01:08.674 31647 24095 D [SUBSCRIBE_DEBUG]: DataStoreHelper - getSubscribedData - id: -1054789868, data found: false
05-10 10:01:08.674 31647 24095 D [SUBSCRIBE_DEBUG]: postSubscription - existing subscription data found: false
05-10 10:01:08.674 31647 24095 D [SUBSCRIBE_DEBUG]: postSubscription - episode-based path - updating subscribed data
05-10 10:01:08.674 31647 24095 D [SUBSCRIBE_DEBUG]: postSubscription - posting status: false (based on existing data)
05-10 10:01:08.674 31647 24095 D [SUBSCRIBE_DEBUG]: postSubscription - CALL STACK:     at dalvik.system.VMStack.getThreadStackTrace(VMStack.java:-2)
05-10 10:01:08.674 31647 24095 D [SUBSCRIBE_DEBUG]:     at java.lang.Thread.getStackTrace(Thread.java:2843)
05-10 10:01:08.674 31647 24095 D [SUBSCRIBE_DEBUG]:     at com.lagradost.cloudstream3.ui.result.ResultViewModel2.postSubscription(ResultViewModel2.kt:3348)
05-10 10:01:08.674 31647 24095 D [SUBSCRIBE_DEBUG]:     at com.lagradost.cloudstream3.ui.result.ResultViewModel2.postSuccessful(ResultViewModel2.kt:3659)
05-10 10:01:08.674 31647 24095 D [SUBSCRIBE_DEBUG]:     at com.lagradost.cloudstream3.ui.result.ResultViewModel2.access$postSuccessful(ResultViewModel2.kt:479)
05-10 10:01:08.674 31647 24095 D [SUBSCRIBE_DEBUG]:     at com.lagradost.cloudstream3.ui.result.ResultViewModel2$loadOfflineEpisodes$1.invokeSuspend(ResultViewModel2.kt:4700)
05-10 10:01:08.674 31647 24095 D [SUBSCRIBE_DEBUG]:     at kotlin.coroutines.jvm.internal.BaseContinuationImpl.resumeWith(ContinuationImpl.kt:34)
05-10 10:01:08.674 31647 24095 D [SUBSCRIBE_DEBUG]:     at kotlinx.coroutines.UndispatchedCoroutine.afterResume(CoroutineContext.kt:266)
05-10 10:01:08.674 31647 24095 D [SUBSCRIBE_DEBUG]:     at kotlinx.coroutines.AbstractCoroutine.resumeWith(AbstractCoroutine.kt:101)
05-10 10:01:08.674 31647 24095 D [SUBSCRIBE_DEBUG]:     at kotlin.coroutines.jvm.internal.BaseContinuationImpl.resumeWith(ContinuationImpl.kt:47)
05-10 10:01:08.674 31647 24095 D [SUBSCRIBE_DEBUG]: postSubscription EXIT - final _subscribeStatus.value: null
05-10 10:01:08.675 31647 31647 D Lifecycle: Observer triggered with value: [MovieSearchResponse(name=선의의 경쟁, url={"type":"series","id":"tmdb:259288","season":null,"episode":null,"imdbId":null,"year":null,"title":null,"tmdbId":null,"isAnime":false,"isBollywood":false,"isAsian":false,"isCartoon":false,"firstAired":null,"airedYear":null,"originalTitle":null,"englishTitle":null,"imdbSeason":null,"imdbEpisode":null,"anilistId":null,"malId":null,"kitsuId":null}, apiName=StremioAIO, type=TvSeries, posterUrl=https://xrdb.ibbylabs.dev/poster/tmdb:tv:259288.jpg?idSource=tmdb&tmdbKey=cc9982c4801545a1481d167137ea7b53&mdblistKey=d2tmbmhnrgdz7ft9re7j2gjr3&posterRatings=myanimelist%2Cimdb%2Cletterboxd%2Cmetacriticuser%2Ctomatoesaudience%2Ctrakt%2Ctmdb%2Cmetacritic%2Ctomatoes%2Crogerebert&lang=ko&ratingValueMode=normalized&posterGenreBadgeStyle=plain&posterGenreBadgePosition=bottomLeft&posterStreamBadges=on&ageRatingBadgePosition=left-top&posterQualityBadges=&posterRatingStyle=plain&posterRatingBadgeScale=115&imageText=original&posterRatingsLayout=right&posterNoBackgroundBadgeOutlineColor=%23ff0000&posterEdgeOffset=3&providerAppearance=eyJ0b21hdG9lcyI6eyJzdGFja2VkQWNjZW50TW9kZSI6ImxvZ28ifX0, year=null, id=null, quality=null, posterHeaders=null, score=null, tags=null), MovieSearchResponse(name=나빌레라, url={"type":"series","id":"tmdb:119464","season":null,"episode":null,"imdbId":null,"year":null,"title":null,"tmdbId":null,"isAnime":false,"isBollywood":false,"isAsian":false,"isCartoon":false,"firstAired":null,"airedYear":null,"originalTitle":null,"englishTitle":null,"imdbSeason":null,"imdbEpisode":null,"anilistId":null,"malId":null,"kitsuId":null}, apiName=StremioAIO, type=TvSeries, posterUrl=https://xrdb.ibbylabs.dev/poster/tmdb:tv:119464.jpg?idSource=tmdb&tmdbKey=cc9982c4801545a1481d167137ea7b53&mdblistKey=d2tmbmhnrgdz7ft9re7j2gjr3&posterRatings=myanimelist%2Cimdb%2Cletterboxd%2Cmetacriticuser%2Ctomatoesaudience%2Ctrakt%2Ctmdb%2Cmetacritic%2Ctomatoes%2Crogerebert&lang=ko&ratingValueMode=normalized&posterGenreBadgeStyle=plain&posterGenreBadgePosition=bottomLeft&posterStreamBadges=on&ageRatingBadgePosition=left-top&posterQualityBadges=&posterRatingStyle=plain&posterRatingBadgeScale=115&imageText=original&posterRatingsLayout=right&posterNoBackgroundBadgeOutlineColor=%23ff0000&posterEdgeOffset=3&providerAppearance=eyJ0b21hdG9lcyI6eyJzdGFja2VkQWNjZW50TW9kZSI6ImxvZ28ifX0, year=null, id=null, quality=null, posterHeaders=null, score=null, tags=null), MovieSearchResponse(name=따라 바람, url={"type":"series","id":"tmdb:231030","season":null,"episode":null,"imdbId":null,"year":null,"title":null,"tmdbId":null,"isAnime":false,"isBollywood":false,"isAsian":false,"isCartoon":false,"firstAired":null,"airedYear":null,"originalTitle":null,"englishTitle":null,"imdbSeason":null,"imdbEpisode":null,"anilistId":null,"malId":null,"kitsuId":null}, apiName=StremioAIO, type=TvSeries, posterUrl=https://xrdb.ibbylabs.dev/poster/tmdb:tv:231030.jpg?idSource=tmdb&tmdbKey=cc9982c4801545a1481d167137ea7b53&mdblistKey=d2tmbmhnrgdz7ft9re7j2gjr3&posterRatings=myanimelist%2Cimdb%2Cletterboxd%2Cmetacriticuser%2Ctomatoesaudience%2Ctrakt%2Ctmdb%2Cmetacritic%2Ctomatoes%2Crogerebert&lang=ko&ratingValueMode=normalized&posterGenreBadgeStyle=plain&posterGenreBadgePosition=bottomLeft&posterStreamBadges=on&ageRatingBadgePosition=left-top&posterQualityBadges=&posterRatingStyle=plain&posterRatingBadgeScale=115&imageText=original&posterRatingsLayout=right&posterNoBackgroundBadgeOutlineColor=%23ff0000&posterEdgeOffset=3&providerAppearance=eyJ0b21hdG9lcyI6eyJzdGFja2VkQWNjZW50TW9kZSI6ImxvZ28ifX0, year=null, id=null, quality=null, posterHeaders=null, score=null, tags=null), MovieSearchResponse(name=너를 싫어하는 방법, url={"type":"series","id":"tmdb:88400","season":null,"episode":null,"imdbId":null,"year":null,"title":null,"tmdbId":null,"isAnime":false,"isBollywood":false,"isAsian":false,"isCartoon":false,"firstAired":null,"airedYear":null,"originalTitle":null,"englishTitle":null,"imdbSeason":null,"imdbEpisode":null,"anilistId":null,"malId":null,"kitsuId":null}, apiNam
05-10 10:01:08.675 31647 31647 D [PANEL_LOCK_DEBUG]: Setting end panel lock state - isEmpty: false, new state: UNLOCKED
05-10 10:01:08.675 31647 31647 D Lifecycle: Observer triggered - thread: main, value class: Success, value is Map: false
05-10 10:01:08.675 31647 24095 D ApiLoadOnDemand: postEpisodeRange - Checking if episodes available for indexer: EpisodeIndexer(dubStatus=None, season=1), range: EpisodeRange(startIndex=0, length=12, startEpisode=1, endEpisode=12)
05-10 10:01:08.676 31647 31647 D Lifecycle: Observer triggered with value: Success(value=ResultData(url=https://aiostreams.elfhosted.com/stremio/e4f99f7d-6a22-403c-9e0f-b6b9be87d350/eyJpIjoiaFd0c1lNVmROdDBTdk9TdkMyWGY1UT09IiwiZSI6IkltaXVSdkJsYmRWLzZaQmk1WS9LRDJuL2VPNXh5TFB3N2tOaXRGWnJ2aHc9IiwidCI6ImEifQ/meta/series/tt36732944.json, tags=[드라마], actors=[ActorData(actor=Actor(name=차영훈, image=https://image.tmdb.org/t/p/w300/jg0EkyAS9RGPAa272TudECUpwIN.jpg), role=null, roleString=Director, voiceActor=null), ActorData(actor=Actor(name=박해영, image=https://image.tmdb.org/t/p/w300/w87x3MLSkee1ldto7MDFZpcSRTd.jpg), role=null, roleString=Writer, voiceActor=null), ActorData(actor=Actor(name=구교환, image=https://image.tmdb.org/t/p/w300/aFwCpSKPGFqoiTStY6ljXnD5CwH.jpg), role=null, roleString=Hwang Dong-man, voiceActor=null), ActorData(actor=Actor(name=고윤정, image=https://image.tmdb.org/t/p/w300/wQbPu0QF0IeyXpqJmdmRbfNk6CM.jpg), role=null, roleString=Byeon Eun-a, voiceActor=null), ActorData(actor=Actor(name=박해준, image=https://image.tmdb.org/t/p/w300/heNKjLHWCQXXfkDB1Hb2nhuhDCf.jpg), role=null, roleString=Hwang Jin-man, voiceActor=null), ActorData(actor=Actor(name=오정세, image=https://image.tmdb.org/t/p/w300/oIqRAdI5e777odhOJl6e4Jc9ADj.jpg), role=null, roleString=Park Kyeong-se, voiceActor=null), ActorData(actor=Actor(name=심희섭, image=https://image.tmdb.org/t/p/w300/pCvD4ulElBRX4cakKQt02Mmov2b.jpg), role=null, roleString=, voiceActor=null), ActorData(actor=Actor(name=강말금, image=https://image.tmdb.org/t/p/w300/aQcgxtVnbHnWwjR3yUtnbvwARSR.jpg), role=null, roleString=Ko Hye-jin, voiceActor=null), ActorData(actor=Actor(name=한선화, image=https://image.tmdb.org/t/p/w300/daP8g9eByOuJnnKUROrKwAGU1Yp.jpg), role=null, roleString=Jang Mi-ran, voiceActor=null), ActorData(actor=Actor(name=박예니, image=https://image.tmdb.org/t/p/w300/zQplIBdjf5elAloeXQGXJXyrg74.jpg), role=null, roleString=Hyo-jin, voiceActor=null), ActorData(actor=Actor(name=배종옥, image=https://image.tmdb.org/t/p/w300/sIn8u0JmFNd9MYqW6wgC0Rv52xY.jpg), role=null, roleString=Oh Jeong-hee, voiceActor=null), ActorData(actor=Actor(name=최원영, image=https://image.tmdb.org/t/p/w300/fd6mthn1EonRrsk2WTtfQhzHCgn.jpg), role=null, roleString=Choi Dong-hyeon, voiceActor=null), ActorData(actor=Actor(name=전배수, image=https://image.tmdb.org/t/p/w300/7EhOO3xFN5FvEJwl0b0Eudab5bI.jpg), role=null, roleString=, voiceActor=null), ActorData(actor=Actor(name=배명진, image=https://image.tmdb.org/t/p/w300/68AkkQoCWjh4zkekhn3SvQcVhy0.jpg), role=null, roleString=, voiceActor=null), ActorData(actor=Actor(name=조민국, image=https://image.tmdb.org/t/p/w300/kIAHrIy9ftHoxMuRcNn1NBdgp8b.jpg), role=null, roleString=, voiceActor=null)], actorsText=null, comingSoon=false, backgroundPosterUrl=https://image.tmdb.org/t/p/original/4ZXZi107TbfBJFGT4cnqbavQIoc.jpg, title=모두가 자신의 무가치함과 싸우고 있다, syncData={simkl={"Tmdb":"289424","Imdb":"tt36732944"}}, posterImage=https://xrdb.ibbylabs.dev/poster/tmdb:series:289424.jpg?idSource=tmdb&tmdbKey=cc9982c4801545a1481d167137ea7b53&mdblistKey=d2tmbmhnrgdz7ft9re7j2gjr3&posterRatings=myanimelist%2Cimdb%2Cletterboxd%2Cmetacriticuser%2Ctomatoesaudience%2Ctrakt%2Ctmdb%2Cmetacritic%2Ctomatoes%2Crogerebert&lang=ko&ratingValueMode=normalized&posterGenreBadgeStyle=plain&posterGenreBadgePosition=bottomLeft&posterStreamBadges=on&ageRatingBadgePosition=left-top&posterQualityBadges=&posterRatingStyle=plain&posterRatingBadgeScale=115&imageText=original&posterRatingsLayout=right&posterNoBackgroundBadgeOutlineColor=%23ff0000&posterEdgeOffset=3&providerAppearance=eyJ0b21hdG9lcyI6eyJzdGFja2VkQWNjZW50TW9kZSI6ImxvZ28ifX0, posterBackgroundImage=https://image.tmdb.org/t/p/original/4ZXZi107TbfBJFGT4cnqbavQIoc.jpg, logoUrl=https://image.tmdb.org/t/p/w500/zttzaqWqL6vHVtmfQzLZUhKIGDK.png, plotText=⭐ 8.1  🟢 8.0  Ⓣ 7.7  🎬 9.2 | 잘난 친구들 사이에서 혼자만 안 풀려 시기와 질투로 괴로워 미쳐버린 인간의 평화 찾기를 따라가는 이야기, apiN
05-10 10:01:08.676 31647 31647 D Lifecycle: args = [(class kotlin.String = 8.1)], contentRatingText=19, vpnText=null, metaText=null, durationText=null, onGoingText=resId = 2132018393
05-10 10:01:08.676 31647 31647 D Lifecycle: args = [], noEpisodesFoundText=null, titleText=모두가 자신의 무가치함과 싸우고 있다, typeText=resId = 2132018493
05-10 10:01:08.676 31647 31647 D Lifecycle: args = [], yearText=2026, nextAiringDate=null, nextAiringEpisode=null, plotHeaderText=resId = 2132018243
05-10 10:01:08.676 31647 31647 D Lifecycle: args = [], posterHeaders=null))
05-10 10:01:08.676 31647 31647 D MetadataSwap: Observer triggered with data: Success
05-10 10:01:08.676 31647 31647 D MetadataSwap: Observer received data: 모두가 자신의 무가치함과 싸우고 있다
05-10 10:01:08.676 31647 31647 D [UPDATEUI_DEBUG]: updateUI observer fired - resultCastItems: true, viewId: 2131362925
05-10 10:01:08.676 31647 31647 D [UPDATEUI_DEBUG]: Unregistered resultCastItems in updateUI
05-10 10:01:08.676 31647 31647 D [GESTURE_DEBUG]: Registered resultCastItems in updateUI
05-10 10:01:08.677 31647 31647 D LOGO_DEBUG: bindLogo called - url: https://image.tmdb.org/t/p/w500/zttzaqWqL6vHVtmfQz, isNullOrBlank: false
05-10 10:01:08.677 31647 31647 D LOGO_DEBUG: bindLogo - loading logo
05-10 10:01:08.678 31647 24095 D CacheFlow: getEpisodes - indexer: EpisodeIndexer(dubStatus=None, season=1), range: EpisodeRange(startIndex=0, length=12, startEpisode=1, endEpisode=12)
05-10 10:01:08.678 31647 24095 D CacheFlow: getEpisodes - currentEpisodes keys: [EpisodeIndexer(dubStatus=None, season=1)]
05-10 10:01:08.678 31647 24095 D CacheFlow: getEpisodes - currentEpisodes[indexer] exists: true, size: 12
05-10 10:01:08.678 31647 24095 D CacheFlow: postEpisodeRange - Posting 12 episodes to _episodes LiveData
05-10 10:01:08.678 31647 24095 D CacheFlow: postEpisodeRange - Finished posting to _episodes LiveData
05-10 10:01:08.679 31647 24095 D cacheDataDebug: [POST_EPISODES] Caching all 12 episodes
05-10 10:01:08.679 31647 24095 D CacheFlow: cacheEpisodesProgressively - loadResponse type: TvSeriesLoadResponse, episodesToCache size: 12
05-10 10:01:08.679 31647 24095 D cacheDataDebug: [METADATA_ONLY] Starting progressive episode caching - total episodes: 12, parentId: -1054789868
05-10 10:01:08.679 31647 24095 D CacheFlow: [CACHE_LOOP] Processing episode 1 season 1 id -1054689866 dubStatus None
05-10 10:01:08.679 31647 24095 D CacheFlow: [CACHE_LOOP] Episode not cached, will cache now
05-10 10:01:08.679 31647 24095 D CacheFlow: [METADATA_ONLY] Caching episode 1 season 1 with dubStatus: None
05-10 10:01:08.680 31647 24095 D CacheFlow: [CACHE_LOOP] Episode cached successfully, calling updateParentIndex
05-10 10:01:08.681 31647 24095 D CacheFlow: updateParentIndex - parentId: -1054789868, episodeId: -1054689866, indexKey: episode_parent_index_-1054789868, currentIds: 0, updatedIds: 1
05-10 10:01:08.681 31647 24095 D CacheFlow: [CACHE_LOOP] Processing episode 2 season 1 id -1054689865 dubStatus None
05-10 10:01:08.681 31647 24095 D CacheFlow: [CACHE_LOOP] Episode not cached, will cache now
05-10 10:01:08.681 31647 24095 D CacheFlow: [METADATA_ONLY] Caching episode 2 season 1 with dubStatus: None
05-10 10:01:08.682 31647 24095 D CacheFlow: [CACHE_LOOP] Episode cached successfully, calling updateParentIndex
05-10 10:01:08.683 31647 24095 D CacheFlow: updateParentIndex - parentId: -1054789868, episodeId: -1054689865, indexKey: episode_parent_index_-1054789868, currentIds: 1, updatedIds: 2
05-10 10:01:08.683 31647 24095 D CacheFlow: [CACHE_LOOP] Processing episode 3 season 1 id -1054689864 dubStatus None
05-10 10:01:08.683 31647 24095 D CacheFlow: [CACHE_LOOP] Episode not cached, will cache now
05-10 10:01:08.683 31647 24095 D CacheFlow: [METADATA_ONLY] Caching episode 3 season 1 with dubStatus: None
05-10 10:01:08.684 31647 24095 D CacheFlow: [CACHE_LOOP] Episode cached successfully, calling updateParentIndex
05-10 10:01:08.685 31647 24095 D CacheFlow: updateParentIndex - parentId: -1054789868, episodeId: -1054689864, indexKey: episode_parent_index_-1054789868, currentIds: 2, updatedIds: 3
05-10 10:01:08.685 31647 24095 D CacheFlow: [CACHE_LOOP] Processing episode 4 season 1 id -1054689863 dubStatus None
05-10 10:01:08.685 31647 24095 D CacheFlow: [CACHE_LOOP] Episode not cached, will cache now
05-10 10:01:08.685 31647 24095 D CacheFlow: [METADATA_ONLY] Caching episode 4 season 1 with dubStatus: None
05-10 10:01:08.686 31647 24095 D CacheFlow: [CACHE_LOOP] Episode cached successfully, calling updateParentIndex
05-10 10:01:08.686 31647 31647 I SYNCVM  : addSyncsBlocking called with: {simkl={"Tmdb":"289424","Imdb":"tt36732944"}}
05-10 10:01:08.686 31647 31647 I SYNCVM  : addSyncsBlocking current syncs map: {}
05-10 10:01:08.686 31647 31647 I SYNCVM  : addSyncBlocking simkl = {"Tmdb":"289424","Imdb":"tt36732944"}
05-10 10:01:08.686 31647 31647 I SYNCVM  : addSyncsBlocking - addSync(simkl, {"Tmdb":"289424","Imdb":"tt36732944"}) returned: true
05-10 10:01:08.686 31647 31647 I SYNCVM  : addSyncsBlocking final result: true, syncs now: {simkl={"Tmdb":"289424","Imdb":"tt36732944"}}
05-10 10:01:08.686 31647 31647 D [MINI_SYNC_FIX]: Processing API sync data - new: true, total: {simkl={"Tmdb":"289424","Imdb":"tt36732944"}}
05-10 10:01:08.686 31647 31647 D [MINI_SYNC_FIX]: Updated 1 cache entries with sync data for: https://aiostreams.elfhosted.com/stremio/e4f99f7d-6a22-403c-9e0f-b6b9be87d350/eyJpIjoiaFd0c1lNVmROdDBTdk9TdkMyWGY1UT09IiwiZSI6IkltaXVSdkJsYmRWLzZaQmk1WS9LRDJuL2VPNXh5TFB3N2tOaXRGWnJ2aHc9IiwidCI6ImEifQ/meta/series/tt36732944.json, syncs: {simkl={"Tmdb":"289424","Imdb":"tt36732944"}}
05-10 10:01:08.686 31647 31647 D [MINI_SYNC_FIX]: OFFLINE_CACHE_DEBUG: url=https://aiostreams.elfhosted.com/stremio/e4f99f7d-6a22-403c-9e0f-b6b9be87d350/eyJpIjoiaFd0c1lNVmROdDBTdk9TdkMyWGY1UT09IiwiZSI6IkltaXVSdkJsYmRWLzZaQmk1WS9LRDJuL2VPNXh5TFB3N2tOaXRGWnJ2aHc9IiwidCI6ImEifQ/meta/series/tt36732944.json, syncData={simkl={"Tmdb":"289424","Imdb":"tt36732944"}}
05-10 10:01:08.687 31647 24095 D CacheFlow: updateParentIndex - parentId: -1054789868, episodeId: -1054689863, indexKey: episode_parent_index_-1054789868, currentIds: 3, updatedIds: 4
05-10 10:01:08.687 31647 24095 D CacheFlow: [CACHE_LOOP] Processing episode 5 season 1 id -1054689862 dubStatus None
05-10 10:01:08.687 31647 24095 D CacheFlow: [CACHE_LOOP] Episode not cached, will cache now
05-10 10:01:08.687 31647 24095 D CacheFlow: [METADATA_ONLY] Caching episode 5 season 1 with dubStatus: None
05-10 10:01:08.688 31647 31647 D [MINI_SYNC_FIX]: OFFLINE_CACHE_DEBUG: total cache keys=93
05-10 10:01:08.688 31647 24095 D CacheFlow: [CACHE_LOOP] Episode cached successfully, calling updateParentIndex
05-10 10:01:08.689 31647 24095 D CacheFlow: updateParentIndex - parentId: -1054789868, episodeId: -1054689862, indexKey: episode_parent_index_-1054789868, currentIds: 4, updatedIds: 5
