05-15 22:29:49.790 24824 24863 I SYNCUTIL: getIdsFromUrl https://aiostreams.elfhosted.com/stremio/e4f99f7d-6a22-403c-9e0f-b6b9be87d350/eyJpIjoiMkVmTmJCemRGWnFIa0pkOVQzMEhVQT09IiwiZSI6IklVVngwSG00ZFNIR29YWDBmM3FiYzc1blFiZGthS1NGRjhLVHFvM01SaUE9IiwidCI6ImEifQ/meta/series/tt31938062.json
05-15 22:29:49.794 24824 24824 D SurfaceView: 70825512 updateSurface: has no frame
05-15 22:29:49.797 24824 24824 D SurfaceView: 70825512 updateSurface: has no frame
05-15 22:29:49.801 24824 24824 D [SYNC_PROVIDER_DEBUG]: Spinner onItemSelected - position: 0
05-15 22:29:49.802 24824 24824 D [SYNC_PROVIDER_DEBUG]: All Providers selected - calling updateUserData
05-15 22:29:49.802 24824 24824 I SYNCVM  : updateUserData - syncs size: 0, syncs: {}
05-15 22:29:49.802 24824 24824 I SYNCVM  : updateUserData - providers with valid status: []
05-15 22:29:49.802 24824 24824 I SYNCVM  : updateUserData - tried 0 APIs, anySuccess: false, status is null: true
05-15 22:29:49.802 24824 24824 I SYNCVM  : updateUserData - request completed, flag released
05-15 22:29:49.806 24824 24824 D SurfaceView: 70825512 updateSurface: has no frame
05-15 22:29:49.809 24824 24877 D LocalLibraryTest: Checking cache first for url: https://aiostreams.elfhosted.com/stremio/e4f99f7d-6a22-403c-9e0f-b6b9be87d350/eyJpIjoiMkVmTmJCemRGWnFIa0pkOVQzMEhVQT09IiwiZSI6IklVVngwSG00ZFNIR29YWDBmM3FiYzc1blFiZGthS1NGRjhLVHFvM01SaUE9IiwidCI6ImEifQ/meta/series/tt31938062.json, found 226 cached headers
05-15 22:29:49.809 24824 24877 D LocalLibraryTest: Matched cached header: 더 피트 (url: https://aiostreams.elfhosted.com/stremio/e4f99f7d-6a22-403c-9e0f-b6b9be87d350/eyJpIjoiMkVmTmJCemRGWnFIa0pkOVQzMEhVQT09IiwiZSI6IklVVngwSG00ZFNIR29YWDBmM3FiYzc1blFiZGthS1NGRjhLVHFvM01SaUE9IiwidCI6ImEifQ/meta/series/tt31938062.json, id: -41605842)
05-15 22:29:49.809 24824 24877 D CacheFlow: MAIN LOAD - Using DOWNLOAD_HEADER_CACHE for: 더 피트 (url: https://aiostreams.elfhosted.com/stremio/e4f99f7d-6a22-403c-9e0f-b6b9be87d350/eyJpIjoiMkVmTmJCemRGWnFIa0pkOVQzMEhVQT09IiwiZSI6IklVVngwSG00ZFNIR29YWDBmM3FiYzc1blFiZGthS1NGRjhLVHFvM01SaUE9IiwidCI6ImEifQ/meta/series/tt31938062.json)
05-15 22:29:49.809 24824 24877 D CacheFlow: Cached header fields - plot: null, backgroundPosterUrl: null, tags: null, actors: null
05-15 22:29:49.809 24824 24877 D [CACHE_ANIMATION]: Showing loading state for cached data
05-15 22:29:49.809 24824 24877 D CacheFlow: createOfflineLoadResponse - Input cached header fields - plot: null, backgroundPosterUrl: null, tags: null, actors: null
05-15 22:29:49.809 24824 24877 D CacheFlow: createOfflineLoadResponse - Using name: 더 피트 (cached: '더 피트')
05-15 22:29:49.809 24824 24877 D CacheFlow: parseActorsFromCache - Starting actor parsing, input actors count: null
05-15 22:29:49.809 24824 24877 D CacheFlow: parseActorsFromCache - Parsed actors count: null
05-15 22:29:49.810 24824 24877 D [CACHE_SYNC_DEBUG]: createOfflineLoadResponse - syncData restored: {}, cachedHeader.syncData: null
05-15 22:29:49.810 24824 24877 D CacheFlow: createOfflineLoadResponse - Output LoadResponse type: LoadResponseFromSearch (no episodes field)
05-15 22:29:49.810 24824 24877 D CacheFlow: createOfflineLoadResponse - Output LoadResponse fields - plot: null, backgroundPosterUrl: null, tags: null, actors: null
05-15 22:29:49.810 24824 24877 D CacheFlow: Created offline response - plot: null, backgroundPosterUrl: null, tags: null
05-15 22:29:49.810 24824 24877 D [CACHE_ANIMATION]: Holding cached data for 300ms before release
05-15 22:29:49.824 24824 24824 D Lifecycle: Observer triggered - thread: main, value class: null, value is Map: false
05-15 22:29:49.824 24824 24824 D Lifecycle: Observer triggered with value: null
05-15 22:29:49.824 24824 24824 D Lifecycle: Observer triggered - thread: main, value class: Failure, value is Map: false
05-15 22:29:49.824 24824 24824 D Lifecycle: Observer triggered with value: Failure(isNetworkError=false, errorString=No data)
05-15 22:29:49.824 24824 24824 D [SYNC_USERDATA_DEBUG]: UserData observer fired: Failure
05-15 22:29:49.824 24824 24824 D Lifecycle: Observer triggered - thread: main, value class: LinkedHashSet, value is Map: false
05-15 22:29:49.824 24824 24824 D Lifecycle: Observer triggered with value: []
05-15 22:29:49.824 24824 24824 D [SYNC_PROVIDER_DEBUG]: Providers with valid status observer fired: [], selectedProvider: null
05-15 22:29:49.824 24824 24824 D [SYNC_PROVIDER_DEBUG]: Filtered synced providers: []
05-15 22:29:49.824 24824 24824 D [SYNC_PROVIDER_DEBUG]: Hiding status text - no synced providers
05-15 22:29:49.825 24824 24824 D SurfaceView: 70825512 updateSurface: has no frame
05-15 22:29:49.836 24824 24824 D Lifecycle: Observer triggered - thread: main, value class: Loading, value is Map: false
05-15 22:29:49.836 24824 24824 D Lifecycle: Observer triggered with value: Loading(url=null)
05-15 22:29:49.836 24824 24824 D MetadataSwap: Observer triggered with data: Loading
05-15 22:29:49.836 24824 24824 D MetadataSwap: Observer received data: null
05-15 22:29:49.837 24824 24824 D [UPDATEUI_DEBUG]: updateUI observer fired - resultCastItems: true, viewId: 2131362925
05-15 22:29:49.837 24824 24824 D [UPDATEUI_DEBUG]: Unregistered resultCastItems in updateUI
05-15 22:29:49.837 24824 24824 D [GESTURE_DEBUG]: Registered resultCastItems in updateUI
05-15 22:29:49.837 24824 24824 D SurfaceView: 70825512 updateSurface: has no frame
05-15 22:29:49.848 24824 24824 D SurfaceView: 70825512 updateSurface: has no frame
05-15 22:29:49.859 24824 24824 D SurfaceView: 70825512 updateSurface: has no frame
05-15 22:29:49.871 24824 24824 D SurfaceView: 70825512 updateSurface: has no frame
05-15 22:29:49.881 24824 24824 D SurfaceView: 70825512 updateSurface: has no frame
05-15 22:29:49.893 24824 24824 D SurfaceView: 70825512 updateSurface: has no frame
05-15 22:29:49.902 24824 24824 D SurfaceView: 70825512 updateSurface: has no frame
05-15 22:29:49.911 24824 24824 D SurfaceView: 70825512 updateSurface: has no frame
05-15 22:29:49.918 24824 24824 D SurfaceView: 70825512 updateSurface: has no frame
05-15 22:29:49.925 24824 24824 D SurfaceView: 70825512 updateSurface: has no frame
05-15 22:29:49.941 24824 24824 D SurfaceView: 70825512 updateSurface: has no frame
05-15 22:29:49.948 24824 24824 D SurfaceView: 70825512 updateSurface: has no frame
05-15 22:29:49.956 24824 24824 D SurfaceView: 70825512 updateSurface: has no frame
05-15 22:29:49.966 24824 24824 D SurfaceView: 70825512 updateSurface: has no frame
05-15 22:29:49.973 24824 24824 D SurfaceView: 70825512 updateSurface: has no frame
05-15 22:29:49.982 24824 24824 D SurfaceView: 70825512 updateSurface: has no frame
05-15 22:29:49.990 24824 24824 D SurfaceView: 70825512 updateSurface: has no frame
05-15 22:29:49.998 24824 24824 D SurfaceView: 70825512 updateSurface: has no frame
05-15 22:29:50.006 24824 24824 D SurfaceView: 70825512 updateSurface: has no frame
05-15 22:29:50.014 24824 24824 D SurfaceView: 70825512 updateSurface: has no frame
05-15 22:29:50.023 24824 24824 D SurfaceView: 70825512 updateSurface: has no frame
05-15 22:29:50.031 24824 24824 D SurfaceView: 70825512 updateSurface: has no frame
05-15 22:29:50.039 24824 24824 D SurfaceView: 70825512 updateSurface: has no frame
05-15 22:29:50.048 24824 24824 D SurfaceView: 70825512 updateSurface: has no frame
05-15 22:29:50.056 24824 24824 D SurfaceView: 70825512 updateSurface: has no frame
05-15 22:29:50.064 24824 24824 D SurfaceView: 70825512 updateSurface: has no frame
05-15 22:29:50.072 24824 24824 D SurfaceView: 70825512 updateSurface: has no frame
05-15 22:29:50.083 24824 24824 D SurfaceView: 70825512 updateSurface: has no frame
05-15 22:29:50.091 24824 24824 D SurfaceView: 70825512 updateSurface: has no frame
05-15 22:29:50.097 24824 24824 D SurfaceView: 70825512 updateSurface: has no frame
05-15 22:29:50.105 24824 24824 D SurfaceView: 70825512 updateSurface: has no frame
05-15 22:29:50.110 24824 24877 D [CACHE_ANIMATION]: Releasing cached data
05-15 22:29:50.110 24824 24877 D CacheFlow: postSuccessful - mainId: -41605842, updateEpisodes: false, updateFillers: false
05-15 22:29:50.110 24824 24877 D MetadataSwap: postPage called with: 더 피트, actors: null, plot: null
05-15 22:29:50.111 24824 24824 D Lifecycle: Observer triggered - thread: main, value class: EmptyList, value is Map: false
05-15 22:29:50.111 24824 24824 D Lifecycle: Observer triggered with value: []
05-15 22:29:50.111 24824 24824 D [PANEL_LOCK_DEBUG]: Setting end panel lock state - isEmpty: true, new state: UNLOCKED
05-15 22:29:50.111 24824 24877 D [SUBSCRIBE_DEBUG]: postSubscription ENTRY - loadResponse type: LoadResponseFromSearch, id: -41605842, isEpisodeBased: false
05-15 22:29:50.111 24824 24877 D [SUBSCRIBE_DEBUG]: postSubscription ENTRY - current _subscribeStatus.value: null
05-15 22:29:50.111 24824 24824 D Lifecycle: Observer triggered - thread: main, value class: Success, value is Map: false
05-15 22:29:50.111 24824 24877 D [SUBSCRIBE_DEBUG]: DataStoreHelper - getSubscribedData - id: -41605842, data found: false
05-15 22:29:50.111 24824 24877 D [SUBSCRIBE_DEBUG]: postSubscription - existing subscription data found: false
05-15 22:29:50.111 24824 24877 D [SUBSCRIBE_DEBUG]: postSubscription - non-episode-based without existing data - currentStatus before decision: null
05-15 22:29:50.111 24824 24877 D [SUBSCRIBE_DEBUG]: postSubscription - non-episode-based without existing data - companion justUnsubscribedId: null, current id: -41605842, isRecentUnsubscribe: false
05-15 22:29:50.112 24824 24877 D [SUBSCRIBE_DEBUG]: postSubscription - non-episode-based without existing data - posting status: null (currentStatus was: null, isRecentUnsubscribe: false)
05-15 22:29:50.112 24824 24824 D Lifecycle: Observer triggered with value: Success(value=ResultData(url=https://aiostreams.elfhosted.com/stremio/e4f99f7d-6a22-403c-9e0f-b6b9be87d350/eyJpIjoiMkVmTmJCemRGWnFIa0pkOVQzMEhVQT09IiwiZSI6IklVVngwSG00ZFNIR29YWDBmM3FiYzc1blFiZGthS1NGRjhLVHFvM01SaUE9IiwidCI6ImEifQ/meta/series/tt31938062.json, tags=[], actors=null, actorsText=null, comingSoon=false, backgroundPosterUrl=null, title=더 피트, syncData={}, posterImage=https://xrdb.ibbylabs.dev/poster/tmdb:series:250307.jpg?idSource=tmdb&tmdbKey=cc9982c4801545a1481d167137ea7b53&mdblistKey=d2tmbmhnrgdz7ft9re7j2gjr3&posterRatings=myanimelist%2Cimdb%2Cletterboxd%2Cmetacriticuser%2Ctomatoesaudience%2Ctrakt%2Ctmdb%2Cmetacritic%2Ctomatoes%2Crogerebert&lang=ko&ratingValueMode=normalized&posterGenreBadgeStyle=plain&posterGenreBadgePosition=bottomLeft&posterStreamBadges=on&ageRatingBadgePosition=left-top&posterQualityBadges=&posterRatingStyle=plain&posterRatingBadgeScale=115&imageText=original&posterRatingsLayout=right&posterNoBackgroundBadgeOutlineColor=%23ff0000&posterEdgeOffset=3&providerAppearance=eyJ0b21hdG9lcyI6eyJzdGFja2VkQWNjZW50TW9kZSI6ImxvZ28ifX0, posterBackgroundImage=https://xrdb.ibbylabs.dev/poster/tmdb:series:250307.jpg?idSource=tmdb&tmdbKey=cc9982c4801545a1481d167137ea7b53&mdblistKey=d2tmbmhnrgdz7ft9re7j2gjr3&posterRatings=myanimelist%2Cimdb%2Cletterboxd%2Cmetacriticuser%2Ctomatoesaudience%2Ctrakt%2Ctmdb%2Cmetacritic%2Ctomatoes%2Crogerebert&lang=ko&ratingValueMode=normalized&posterGenreBadgeStyle=plain&posterGenreBadgePosition=bottomLeft&posterStreamBadges=on&ageRatingBadgePosition=left-top&posterQualityBadges=&posterRatingStyle=plain&posterRatingBadgeScale=115&imageText=original&posterRatingsLayout=right&posterNoBackgroundBadgeOutlineColor=%23ff0000&posterEdgeOffset=3&providerAppearance=eyJ0b21hdG9lcyI6eyJzdGFja2VkQWNjZW50TW9kZSI6ImxvZ28ifX0, logoUrl=null, plotText=resId = 2132018051
05-15 22:29:50.112 24824 24824 D Lifecycle: args = [], apiName=StremioAIO, ratingText=null, contentRatingText=null, vpnText=null, metaText=null, durationText=null, onGoingText=null, noEpisodesFoundText=null, titleText=더 피트, typeText=resId = 2132018505
05-15 22:29:50.112 24824 24824 D Lifecycle: args = [], yearText=null, nextAiringDate=null, nextAiringEpisode=null, plotHeaderText=resId = 2132018243
05-15 22:29:50.112 24824 24824 D Lifecycle: args = [], posterHeaders=null))
05-15 22:29:50.112 24824 24824 D MetadataSwap: Observer triggered with data: Success
05-15 22:29:50.112 24824 24824 D MetadataSwap: Observer received data: 더 피트
05-15 22:29:50.112 24824 24824 D [UPDATEUI_DEBUG]: updateUI observer fired - resultCastItems: true, viewId: 2131362925
05-15 22:29:50.112 24824 24824 D [UPDATEUI_DEBUG]: Unregistered resultCastItems in updateUI
05-15 22:29:50.113 24824 24877 D [SUBSCRIBE_DEBUG]: postSubscription - CALL STACK:     at dalvik.system.VMStack.getThreadStackTrace(VMStack.java:-2)
05-15 22:29:50.113 24824 24877 D [SUBSCRIBE_DEBUG]:     at java.lang.Thread.getStackTrace(Thread.java:2843)
05-15 22:29:50.113 24824 24877 D [SUBSCRIBE_DEBUG]:     at com.lagradost.cloudstream3.ui.result.ResultViewModel2.postSubscription(ResultViewModel2.kt:3252)
05-15 22:29:50.113 24824 24877 D [SUBSCRIBE_DEBUG]:     at com.lagradost.cloudstream3.ui.result.ResultViewModel2.postSuccessful(ResultViewModel2.kt:3535)
05-15 22:29:50.113 24824 24877 D [SUBSCRIBE_DEBUG]:     at com.lagradost.cloudstream3.ui.result.ResultViewModel2.access$postSuccessful(ResultViewModel2.kt:479)
05-15 22:29:50.113 24824 24877 D [SUBSCRIBE_DEBUG]:     at com.lagradost.cloudstream3.ui.result.ResultViewModel2$load$1.invokeSuspend(ResultViewModel2.kt:5094)
05-15 22:29:50.113 24824 24877 D [SUBSCRIBE_DEBUG]:     at kotlin.coroutines.jvm.internal.BaseContinuationImpl.resumeWith(ContinuationImpl.kt:34)
05-15 22:29:50.113 24824 24877 D [SUBSCRIBE_DEBUG]:     at kotlinx.coroutines.DispatchedTask.run(DispatchedTask.kt:100)
05-15 22:29:50.113 24824 24877 D [SUBSCRIBE_DEBUG]:     at kotlinx.coroutines.internal.LimitedDispatcher$Worker.run(LimitedDispatcher.kt:124)
05-15 22:29:50.113 24824 24877 D [SUBSCRIBE_DEBUG]:     at kotlinx.coroutines.scheduling.TaskImpl.run(Tasks.kt:89)
05-15 22:29:50.113 24824 24824 D [GESTURE_DEBUG]: Registered resultCastItems in updateUI
05-15 22:29:50.113 24824 24877 D [SUBSCRIBE_DEBUG]: postSubscription EXIT - final _subscribeStatus.value: null
05-15 22:29:50.113 24824 24877 D CacheFlow: loadOfflineEpisodes - Using DOWNLOAD_HEADER_CACHE for: 더 피트
05-15 22:29:50.113 24824 24877 D CacheFlow: Cached header fields - plot: null, backgroundPosterUrl: null, tags: null, actors: null
05-15 22:29:50.113 24824 24877 D cacheDataDebug: [METADATA_ONLY] loadOfflineEpisodes - metadataOnlyMode: false
05-15 22:29:50.113 24824 24877 D CacheFlow: getEpisodesByParentId - parentId: -41605842, indexKey: episode_parent_index_-41605842, episodeIds: 30
05-15 22:29:50.113 24824 24877 D CacheFlow: loadOfflineEpisodes - Using parent index for O(1) lookup, found 30 episode IDs
05-15 22:29:50.113 24824 24877 D CacheFlow: === LOADING ALL EPISODES (NO LIMITS) ===
05-15 22:29:50.113 24824 24877 D CacheFlow: Total episodes available: 30
05-15 22:29:50.114 24824 24877 D CacheFlow: Loaded 0 episodes from cache
05-15 22:29:50.114 24824 24877 D SeasonMetadata: [SELECTOR METADATA] Starting extraction - processing 30 episodes
05-15 22:29:50.114 24824 24877 D SeasonMetadata: [SELECTOR METADATA] Extraction completed - duration: 0ms, extracted: 0 episodes
05-15 22:29:50.114 24824 24877 D CacheFlow: Extracted lightweight metadata from 0 episodes for UI selectors in 0ms
05-15 22:29:50.114 24824 24824 D LOGO_DEBUG: bindLogo called - url: null, isNullOrBlank: true
05-15 22:29:50.114 24824 24877 D CacheFlow: === EPISODE LOAD COMPLETE: 0 episodes loaded in 1ms ===
05-15 22:29:50.114 24824 24824 D LOGO_DEBUG: bindLogo - url is null/blank, hiding logo
05-15 22:29:50.114 24824 24877 D CacheFlow: === EPISODE DISTRIBUTION DEBUG ===
05-15 22:29:50.114 24824 24877 D CacheFlow: === END EPISODE DISTRIBUTION DEBUG ===
05-15 22:29:50.114 24824 24877 D CacheFlow: No cached episodes found for parentId: -41605842, falling back to API
05-15 22:29:50.114 24824 24877 D BannerCache: API LOAD - Loading from API for: https://aiostreams.elfhosted.com/stremio/e4f99f7d-6a22-403c-9e0f-b6b9be87d350/eyJpIjoiMkVmTmJCemRGWnFIa0pkOVQzMEhVQT09IiwiZSI6IklVVngwSG00ZFNIR29YWDBmM3FiYzc1blFiZGthS1NGRjhLVHFvM01SaUE9IiwidCI6ImEifQ/meta/series/tt31938062.json
05-15 22:29:50.114 24824 24824 I SYNCVM  : addSyncsBlocking called with: {}
05-15 22:29:50.114 24824 24824 I SYNCVM  : addSyncsBlocking current syncs map: {}
05-15 22:29:50.114 24824 24824 I SYNCVM  : addSyncsBlocking final result: false, syncs now: {}
05-15 22:29:50.114 24824 24857 I SYNCVM  : addFromUrl = https://aiostreams.elfhosted.com/stremio/e4f99f7d-6a22-403c-9e0f-b6b9be87d350/eyJpIjoiMkVmTmJCemRGWnFIa0pkOVQzMEhVQT09IiwiZSI6IklVVngwSG00ZFNIR29YWDBmM3FiYzc1blFiZGthS1NGRjhLVHFvM01SaUE9IiwidCI6ImEifQ/meta/series/tt31938062.json
05-15 22:29:50.115 24824 24857 I SYNCVM  : hasAddedFromUrl contains url: true
05-15 22:29:50.115 24824 24857 I SYNCVM  : hasAddedFromUrl size: 1
05-15 22:29:50.115 24824 24857 I SYNCVM  : url starts with http: true
05-15 22:29:50.115 24824 24857 I SYNCVM  : addFromUrl - url already added, returning
05-15 22:29:50.117 24824 24824 D [SUBSCRIBE_DEBUG]: ResultFragmentPhone - subscribeStatus observer - isSubscribed: null
05-15 22:29:50.117 24824 24824 D [SUBSCRIBE_DEBUG]: ResultFragmentPhone - subscribeStatus observer - button visibility set to: true, displaySubscribed: false
05-15 22:29:50.117 24824 24824 D [SUBSCRIBE_DEBUG]: ResultFragmentPhone - subscribeStatus observer - setting drawable: notifications_none
05-15 22:29:50.117 24824 24824 D Lifecycle: Observer triggered - thread: main, value class: WatchType, value is Map: false
05-15 22:29:50.117 24824 24824 D Lifecycle: Observer triggered with value: NONE
05-15 22:29:50.120 24824 24824 D SurfaceView: 70825512 updateSurface: has no frame
05-15 22:29:50.121 24824 24824 I SurfaceView: 70825512 Changes: creating=true format=true size=true visible=true alpha=false hint=false left=true top=true z=false attached=true lifecycleStrategy=true
05-15 22:29:50.122 24824 24824 W libc    : Access denied finding property "vendor.display.enable_optimal_refresh_rate"
05-15 22:29:50.122 24824 24824 I BufferQueueProducer: [](id:60f800000003,api:0,p:0,c:24824) setDequeueTimeout:2077252342
05-15 22:29:50.140 24824 24824 I BLASTBufferQueue_Java: new BLASTBufferQueue, mName= 438b628 SurfaceView[com.lagradost.cloudcache.prerelease/com.lagradost.cloudstream3.MainActivity]@0 mNativeObject= 0xb400007d3553fdf0 caller= android.view.SurfaceView.createBlastSurfaceControls:1781 android.view.SurfaceView.updateSurface:1450 android.view.SurfaceView.lambda$new$0:280 android.view.SurfaceView.$r8$lambda$NfZyM_TG8F8lqzaOVZ7noREFjzU:0 android.view.SurfaceView$$ExternalSyntheticLambda1.onPreDraw:0 android.view.ViewTreeObserver.dispatchOnPreDraw:1229 android.view.ViewRootImpl.performTraversals:5448 android.view.ViewRootImpl.doTraversal:3924 android.view.ViewRootImpl$TraversalRunnable.run:12903 android.view.Choreographer$CallbackRecord.run:1901 
05-15 22:29:50.140 24824 24824 I BLASTBufferQueue_Java: update, w= 2960 h= 350 mName = 438b628 SurfaceView[com.lagradost.cloudcache.prerelease/com.lagradost.cloudstream3.MainActivity]@0 mNativeObject= 0xb400007d3553fdf0 sc.mNativeObject= 0xb400007c8547be90 format= 4 caller= android.view.SurfaceView.createBlastSurfaceControls:1782 android.view.SurfaceView.updateSurface:1450 android.view.SurfaceView.lambda$new$0:280 android.view.SurfaceView.$r8$lambda$NfZyM_TG8F8lqzaOVZ7noREFjzU:0 android.view.SurfaceView$$ExternalSyntheticLambda1.onPreDraw:0 android.view.ViewTreeObserver.dispatchOnPreDraw:1229 
05-15 22:29:50.141 24824 24824 I SurfaceView: 70825512 Cur surface: Surface(name=null mNativeObject=0)/@0xdbc3b26
05-15 22:29:50.141 24824 24824 D SurfaceComposerClient: setCornerRadius ## 438b628 SurfaceView[com.lagradost.cloudcache.prerelease/com.lagradost.cloudstream3.MainActivity]@0#12357 cornerRadius=0.000000
05-15 22:29:50.141 24824 24824 I SV[70825512 MainActivity]: pST: sr = Rect(0, 141 - 2960, 491) sw = 2960 sh = 350
05-15 22:29:50.141 24824 24824 D SurfaceView: 70825512 performSurfaceTransaction RenderWorker position = [0, 141, 2960, 491] surfaceSize = 2960x350
05-15 22:29:50.142 24824 24824 W libc    : Access denied finding property "vendor.display.enable_optimal_refresh_rate"
05-15 22:29:50.142 24824 24824 I SV[70825512 MainActivity]: updateSurface: mVisible = true mSurface.isValid() = true
05-15 22:29:50.142 24824 24824 I SV[70825512 MainActivity]: updateSurface: mSurfaceCreated = false surfaceChanged = true visibleChanged = true
05-15 22:29:50.142 24824 24824 I SurfaceView: 70825512 visibleChanged -- surfaceCreated
05-15 22:29:50.142 24824 24824 I SV[70825512 MainActivity]: surfaceCreated 0 #8 android.view.SurfaceView{438b628 V.E..V... ......ID 0,0-2960,350}
05-15 22:29:50.142 24824 24824 I SurfaceView: 70825512 surfaceChanged -- format=4 w=2960 h=350
05-15 22:29:50.142 24824 24824 I SV[70825512 MainActivity]: surfaceChanged (2960,350) 0 #8 android.view.SurfaceView{438b628 V.E..V... ......ID 0,0-2960,350}
05-15 22:29:50.142 24824 24824 I SurfaceView: 70825512 surfaceRedrawNeeded
05-15 22:29:50.143 24824 24824 I SurfaceView: 70825512 finishedDrawing
05-15 22:29:50.143 24824 24824 V SurfaceView: Layout: x=0 y=141 w=2960 h=350, frame=Rect(0, 0 - 2960, 350)
05-15 22:29:50.144 24824 24824 I VRI[MainActivity]@d07b781: registerCallbackForPendingTransactions
05-15 22:29:50.148 24824 24849 D SurfaceView: 70825512 updateSurfacePosition RenderWorker, frameNr = 2730, position = [0, 141, 2960, 491] surfaceSize = 2960x350
05-15 22:29:50.148 24824 24849 I SV[70825512 MainActivity]: uSP: rtp = Rect(0, 141 - 2960, 491) rtsw = 2960 rtsh = 350
05-15 22:29:50.148 24824 24849 I SV[70825512 MainActivity]: onSSPAndSRT: pl = 0 pt = 141 sx = 1.0 sy = 1.0
05-15 22:29:50.148 24824 24849 I SV[70825512 MainActivity]: aOrMT: VRI[MainActivity]@d07b781 t = android.view.SurfaceControl$Transaction@820e3b2 fN = 2730 android.view.SurfaceView.-$$Nest$mapplyOrMergeTransaction:0 android.view.SurfaceView$SurfaceViewPositionUpdateListener.positionChanged:1932 android.graphics.RenderNode$CompositePositionUpdateListener.positionChanged:401 
05-15 22:29:50.149 24824 24849 I VRI[MainActivity]@d07b781: mWNT: t=0xb400007bc57a1210 mBlastBufferQueue=0xb400007d354c2620 fn= 2730 HdrRenderState mRenderHdrSdrRatio=1.0 caller= android.view.SurfaceView.applyOrMergeTransaction:1863 android.view.SurfaceView.-$$Nest$mapplyOrMergeTransaction:0 android.view.SurfaceView$SurfaceViewPositionUpdateListener.positionChanged:1932 
05-15 22:29:50.149 24824 24886 I VRI[MainActivity]@d07b781: mWNT: t=0xb400007bc5629c10 mBlastBufferQueue=0xb400007d354c2620 fn= 2730 HdrRenderState mRenderHdrSdrRatio=1.0 caller= android.view.ViewRootImpl$10.onFrameDraw:6536 android.view.ViewRootImpl$4.onFrameDraw:2489 android.view.ThreadedRenderer$1.onFrameDraw:718 
05-15 22:29:50.955 24824 24833 I ache.prerelease: Background concurrent mark compact GC freed 56MB AllocSpace bytes, 15(11MB) LOS objects, 38% free, 75MB/123MB, paused 887us,1.715ms total 187.885ms
05-15 22:29:51.950 24824 24874 D BannerCache: API LOAD SUCCESS - Got response from API, backgroundPosterUrl: https://image.tmdb.org/t/p/original/z3BkMbCy5ajZPM
05-15 22:29:51.950 24824 24874 D CacheFlow: API fallback returned - plot: ⭐ 8.9  👥 7.9  🍿 8.7  Ⓣ 8.8  , backgroundPosterUrl: https://image.tmdb.org/t/p/ori, tags: 1
05-15 22:29:51.950 24824 24874 D CacheFlow: postSuccessful - mainId: -41605842, updateEpisodes: true, updateFillers: false
05-15 22:29:51.950 24824 24874 D MetadataSwap: postPage called with: 더 피트, actors: 10, plot: ⭐ 8.9  👥 7.9  🍿 8.7  Ⓣ 8.8  
05-15 22:29:51.950 24824 24874 D [SUBSCRIBE_DEBUG]: postSubscription ENTRY - loadResponse type: TvSeriesLoadResponse, id: -41605842, isEpisodeBased: true
05-15 22:29:51.950 24824 24874 D [SUBSCRIBE_DEBUG]: postSubscription ENTRY - current _subscribeStatus.value: null
05-15 22:29:51.950 24824 24874 D [SUBSCRIBE_DEBUG]: DataStoreHelper - getSubscribedData - id: -41605842, data found: false
05-15 22:29:51.950 24824 24874 D [SUBSCRIBE_DEBUG]: postSubscription - existing subscription data found: false
05-15 22:29:51.950 24824 24874 D [SUBSCRIBE_DEBUG]: postSubscription - episode-based path - updating subscribed data
05-15 22:29:51.951 24824 24874 D [SUBSCRIBE_DEBUG]: postSubscription - posting status: false (based on existing data)
05-15 22:29:51.951 24824 24824 D Lifecycle: Observer triggered - thread: main, value class: ArrayList, value is Map: false
05-15 22:29:51.951 24824 24874 D [SUBSCRIBE_DEBUG]: postSubscription - CALL STACK:     at dalvik.system.VMStack.getThreadStackTrace(VMStack.java:-2)
05-15 22:29:51.951 24824 24874 D [SUBSCRIBE_DEBUG]:     at java.lang.Thread.getStackTrace(Thread.java:2843)
05-15 22:29:51.951 24824 24874 D [SUBSCRIBE_DEBUG]:     at com.lagradost.cloudstream3.ui.result.ResultViewModel2.postSubscription(ResultViewModel2.kt:3224)
05-15 22:29:51.951 24824 24874 D [SUBSCRIBE_DEBUG]:     at com.lagradost.cloudstream3.ui.result.ResultViewModel2.postSuccessful(ResultViewModel2.kt:3535)
05-15 22:29:51.951 24824 24874 D [SUBSCRIBE_DEBUG]:     at com.lagradost.cloudstream3.ui.result.ResultViewModel2.access$postSuccessful(ResultViewModel2.kt:479)
05-15 22:29:51.951 24824 24874 D [SUBSCRIBE_DEBUG]:     at com.lagradost.cloudstream3.ui.result.ResultViewModel2$loadOfflineEpisodes$1.invokeSuspend(ResultViewModel2.kt:4576)
05-15 22:29:51.951 24824 24874 D [SUBSCRIBE_DEBUG]:     at kotlin.coroutines.jvm.internal.BaseContinuationImpl.resumeWith(ContinuationImpl.kt:34)
05-15 22:29:51.951 24824 24874 D [SUBSCRIBE_DEBUG]:     at kotlinx.coroutines.UndispatchedCoroutine.afterResume(CoroutineContext.kt:266)
05-15 22:29:51.951 24824 24874 D [SUBSCRIBE_DEBUG]:     at kotlinx.coroutines.AbstractCoroutine.resumeWith(AbstractCoroutine.kt:101)
05-15 22:29:51.951 24824 24874 D [SUBSCRIBE_DEBUG]:     at kotlin.coroutines.jvm.internal.BaseContinuationImpl.resumeWith(ContinuationImpl.kt:47)
05-15 22:29:51.951 24824 24874 D [SUBSCRIBE_DEBUG]: postSubscription EXIT - final _subscribeStatus.value: null
05-15 22:29:51.952 24824 24824 D Lifecycle: Observer triggered with value: [MovieSearchResponse(name=ER, url={"type":"series","id":"tmdb:4588","season":null,"episode":null,"imdbId":null,"year":null,"title":null,"tmdbId":null,"isAnime":false,"isBollywood":false,"isAsian":false,"isCartoon":false,"firstAired":null,"airedYear":null,"originalTitle":null,"englishTitle":null,"imdbSeason":null,"imdbEpisode":null,"anilistId":null,"malId":null,"kitsuId":null}, apiName=StremioAIO, type=TvSeries, posterUrl=https://xrdb.ibbylabs.dev/poster/tmdb:tv:4588.jpg?idSource=tmdb&tmdbKey=cc9982c4801545a1481d167137ea7b53&mdblistKey=d2tmbmhnrgdz7ft9re7j2gjr3&posterRatings=myanimelist%2Cimdb%2Cletterboxd%2Cmetacriticuser%2Ctomatoesaudience%2Ctrakt%2Ctmdb%2Cmetacritic%2Ctomatoes%2Crogerebert&lang=ko&ratingValueMode=normalized&posterGenreBadgeStyle=plain&posterGenreBadgePosition=bottomLeft&posterStreamBadges=on&ageRatingBadgePosition=left-top&posterQualityBadges=&posterRatingStyle=plain&posterRatingBadgeScale=115&imageText=original&posterRatingsLayout=right&posterNoBackgroundBadgeOutlineColor=%23ff0000&posterEdgeOffset=3&providerAppearance=eyJ0b21hdG9lcyI6eyJzdGFja2VkQWNjZW50TW9kZSI6ImxvZ28ifX0, year=null, id=null, quality=null, posterHeaders=null, score=null, tags=null), MovieSearchResponse(name=그레이 아나토미, url={"type":"series","id":"tmdb:1416","season":null,"episode":null,"imdbId":null,"year":null,"title":null,"tmdbId":null,"isAnime":false,"isBollywood":false,"isAsian":false,"isCartoon":false,"firstAired":null,"airedYear":null,"originalTitle":null,"englishTitle":null,"imdbSeason":null,"imdbEpisode":null,"anilistId":null,"malId":null,"kitsuId":null}, apiName=StremioAIO, type=TvSeries, posterUrl=https://xrdb.ibbylabs.dev/poster/tmdb:tv:1416.jpg?idSource=tmdb&tmdbKey=cc9982c4801545a1481d167137ea7b53&mdblistKey=d2tmbmhnrgdz7ft9re7j2gjr3&posterRatings=myanimelist%2Cimdb%2Cletterboxd%2Cmetacriticuser%2Ctomatoesaudience%2Ctrakt%2Ctmdb%2Cmetacritic%2Ctomatoes%2Crogerebert&lang=ko&ratingValueMode=normalized&posterGenreBadgeStyle=plain&posterGenreBadgePosition=bottomLeft&posterStreamBadges=on&ageRatingBadgePosition=left-top&posterQualityBadges=&posterRatingStyle=plain&posterRatingBadgeScale=115&imageText=original&posterRatingsLayout=right&posterNoBackgroundBadgeOutlineColor=%23ff0000&posterEdgeOffset=3&providerAppearance=eyJ0b21hdG9lcyI6eyJzdGFja2VkQWNjZW50TW9kZSI6ImxvZ28ifX0, year=null, id=null, quality=null, posterHeaders=null, score=null, tags=null), MovieSearchResponse(name=시카고 메드, url={"type":"series","id":"tmdb:62650","season":null,"episode":null,"imdbId":null,"year":null,"title":null,"tmdbId":null,"isAnime":false,"isBollywood":false,"isAsian":false,"isCartoon":false,"firstAired":null,"airedYear":null,"originalTitle":null,"englishTitle":null,"imdbSeason":null,"imdbEpisode":null,"anilistId":null,"malId":null,"kitsuId":null}, apiName=StremioAIO, type=TvSeries, posterUrl=https://xrdb.ibbylabs.dev/poster/tmdb:tv:62650.jpg?idSource=tmdb&tmdbKey=cc9982c4801545a1481d167137ea7b53&mdblistKey=d2tmbmhnrgdz7ft9re7j2gjr3&posterRatings=myanimelist%2Cimdb%2Cletterboxd%2Cmetacriticuser%2Ctomatoesaudience%2Ctrakt%2Ctmdb%2Cmetacritic%2Ctomatoes%2Crogerebert&lang=ko&ratingValueMode=normalized&posterGenreBadgeStyle=plain&posterGenreBadgePosition=bottomLeft&posterStreamBadges=on&ageRatingBadgePosition=left-top&posterQualityBadges=&posterRatingStyle=plain&posterRatingBadgeScale=115&imageText=original&posterRatingsLayout=right&posterNoBackgroundBadgeOutlineColor=%23ff0000&posterEdgeOffset=3&providerAppearance=eyJ0b21hdG9lcyI6eyJzdGFja2VkQWNjZW50TW9kZSI6ImxvZ28ifX0, year=null, id=null, quality=null, posterHeaders=null, score=null, tags=null), MovieSearchResponse(name=코드 블랙, url={"type":"series","id":"tmdb:63418","season":null,"episode":null,"imdbId":null,"year":null,"title":null,"tmdbId":null,"isAnime":false,"isBollywood":false,"isAsian":false,"isCartoon":false,"firstAired":null,"airedYear":null,"originalTitle":null,"englishTitle":null,"imdbSeason":null,"imdbEpisode":null,"anilistId":null,"malId":null,"kitsuId":null}, apiName=StremioAIO, type=TvSer
05-15 22:29:51.952 24824 24824 D [PANEL_LOCK_DEBUG]: Setting end panel lock state - isEmpty: false, new state: UNLOCKED
05-15 22:29:51.952 24824 24824 D Lifecycle: Observer triggered - thread: main, value class: Success, value is Map: false
05-15 22:29:51.952 24824 24824 D Lifecycle: Observer triggered with value: Success(value=ResultData(url=https://aiostreams.elfhosted.com/stremio/e4f99f7d-6a22-403c-9e0f-b6b9be87d350/eyJpIjoiMkVmTmJCemRGWnFIa0pkOVQzMEhVQT09IiwiZSI6IklVVngwSG00ZFNIR29YWDBmM3FiYzc1blFiZGthS1NGRjhLVHFvM01SaUE9IiwidCI6ImEifQ/meta/series/tt31938062.json, tags=[드라마], actors=[ActorData(actor=Actor(name=노아 와일, image=https://image.tmdb.org/t/p/w300/nwyLCQepwg8FX7OXJ4AT4ej8c7i.jpg), role=null, roleString=Dr. Michael 'Robby' Robinavitch, voiceActor=null), ActorData(actor=Actor(name=Patrick Ball, image=https://image.tmdb.org/t/p/w300/av5aBJtHb2l2A49Sln8cM7P81PX.jpg), role=null, roleString=Dr. Frank Langdon, voiceActor=null), ActorData(actor=Actor(name=캐서린 라나사, image=https://image.tmdb.org/t/p/w300/7X3f4MG24XLG2fNPJt5H38d8YCV.jpg), role=null, roleString=Charge Nurse Dana Evans, voiceActor=null), ActorData(actor=Actor(name=Supriya Ganesh, image=https://image.tmdb.org/t/p/w300/psUdosBoBVMfnSpCpe4UTAsegTP.jpg), role=null, roleString=Dr. Samira Mohan, voiceActor=null), ActorData(actor=Actor(name=Fiona Dourif, image=https://image.tmdb.org/t/p/w300/gKn9lBZLuNHACQhZJUkSIZzUQN5.jpg), role=null, roleString=Dr. Cassie McKay, voiceActor=null), ActorData(actor=Actor(name=Taylor Dearden, image=https://image.tmdb.org/t/p/w300/4oIL97ha0B4Gmp5tf4VUsqsWQUa.jpg), role=null, roleString=Dr. Melissa King, voiceActor=null), ActorData(actor=Actor(name=Isa Briones, image=https://image.tmdb.org/t/p/w300/5x93Cg0Ac29PPLwiDzCxkaUonrR.jpg), role=null, roleString=Dr. Trinity Santos, voiceActor=null), ActorData(actor=Actor(name=Gerran Howell, image=https://image.tmdb.org/t/p/w300/ssyzz4yiGtbHOghoSYZIqQBEh4d.jpg), role=null, roleString=Student Doctor Dennis Whitaker, voiceActor=null), ActorData(actor=Actor(name=Shabana Azeez, image=https://image.tmdb.org/t/p/w300/gim8HJRyFq1C340d8TQJbrbGT4q.jpg), role=null, roleString=Student Doctor Victoria Javadi, voiceActor=null), ActorData(actor=Actor(name=Sepideh Moafi, image=https://image.tmdb.org/t/p/w300/7Z9BvGgwdLqlRJJft38cepGY1TZ.jpg), role=null, roleString=Dr. Baran Al-Hashimi, voiceActor=null)], actorsText=null, comingSoon=false, backgroundPosterUrl=https://image.tmdb.org/t/p/original/z3BkMbCy5ajZPMyKEUwsPHuz2cV.jpg, title=더 피트, syncData={simkl={"Imdb":"tt31938062"}}, posterImage=https://xrdb.ibbylabs.dev/poster/tmdb:series:250307.jpg?idSource=tmdb&tmdbKey=cc9982c4801545a1481d167137ea7b53&mdblistKey=d2tmbmhnrgdz7ft9re7j2gjr3&posterRatings=myanimelist%2Cimdb%2Cletterboxd%2Cmetacriticuser%2Ctomatoesaudience%2Ctrakt%2Ctmdb%2Cmetacritic%2Ctomatoes%2Crogerebert&lang=ko&ratingValueMode=normalized&posterGenreBadgeStyle=plain&posterGenreBadgePosition=bottomLeft&posterStreamBadges=on&ageRatingBadgePosition=left-top&posterQualityBadges=&posterRatingStyle=plain&posterRatingBadgeScale=115&imageText=original&posterRatingsLayout=right&posterNoBackgroundBadgeOutlineColor=%23ff0000&posterEdgeOffset=3&providerAppearance=eyJ0b21hdG9lcyI6eyJzdGFja2VkQWNjZW50TW9kZSI6ImxvZ28ifX0, posterBackgroundImage=https://image.tmdb.org/t/p/original/z3BkMbCy5ajZPMyKEUwsPHuz2cV.jpg, logoUrl=null, plotText=⭐ 8.9  👥 7.9  🍿 8.7  Ⓣ 8.8  🎬 8.7  🎯 8.5  🍅 9.6 | 피츠버그 외상 센터의 의사 로비는 새 인턴과 의대생을 맞이한다. 인턴들은 레지던트와 간호사들 틈에서 응급실의 현실에 눈을 뜬다. 한편, 로비는 비용 삭감에 눈먼 경영진과 대립하는데..., apiName=StremioAIO, ratingText=resId = 2132018214
05-15 22:29:51.952 24824 24824 D Lifecycle: args = [(class kotlin.String = 8.9)], contentRatingText=19, vpnText=null, metaText=null, durationText=null, onGoingText=resId = 2132018405
05-15 22:29:51.952 24824 24824 D Lifecycle: args = [], noEpisodesFoundText=null, titleText=더 피트, typeText=resId = 2132018505
05-15 22:29:51.952 24824 24824 D Lifecycle: args = [], yearText=2025, nextAiringDate=null, nextAiringEpisode=null, plotHeaderText=resId = 2132018243
05-15 22:29:51.952 24824 24824 D Lifecycle: args = [], posterHeaders=null))
05-15 22:29:51.952 24824 24824 D MetadataSwap: Observer triggered with data: Success
05-15 22:29:51.952 24824 24824 D MetadataSwap: Observer received data: 더 피트
05-15 22:29:51.952 24824 24824 D [UPDATEUI_DEBUG]: updateUI observer fired - resultCastItems: true, viewId: 2131362925
05-15 22:29:51.952 24824 24824 D [UPDATEUI_DEBUG]: Unregistered resultCastItems in updateUI
05-15 22:29:51.952 24824 24824 D [GESTURE_DEBUG]: Registered resultCastItems in updateUI
05-15 22:29:51.953 24824 24824 D LOGO_DEBUG: bindLogo called - url: null, isNullOrBlank: true
05-15 22:29:51.953 24824 24824 D LOGO_DEBUG: bindLogo - url is null/blank, hiding logo
05-15 22:29:51.956 24824 24874 D ApiLoadOnDemand: postEpisodeRange - Checking if episodes available for indexer: EpisodeIndexer(dubStatus=None, season=1), range: EpisodeRange(startIndex=0, length=15, startEpisode=1, endEpisode=15)
05-15 22:29:51.959 24824 24874 D CacheFlow: getEpisodes - indexer: EpisodeIndexer(dubStatus=None, season=1), range: EpisodeRange(startIndex=0, length=15, startEpisode=1, endEpisode=15)
05-15 22:29:51.959 24824 24874 D CacheFlow: getEpisodes - currentEpisodes keys: [EpisodeIndexer(dubStatus=None, season=1), EpisodeIndexer(dubStatus=None, season=2)]
05-15 22:29:51.959 24824 24874 D CacheFlow: getEpisodes - currentEpisodes[indexer] exists: true, size: 15
05-15 22:29:51.959 24824 24874 D CacheFlow: postEpisodeRange - Posting 15 episodes to _episodes LiveData
05-15 22:29:51.959 24824 24874 D CacheFlow: postEpisodeRange - Finished posting to _episodes LiveData
05-15 22:29:51.959 24824 24874 D cacheDataDebug: [POST_EPISODES] Caching all 30 episodes
05-15 22:29:51.959 24824 24874 D CacheFlow: cacheEpisodesProgressively - loadResponse type: TvSeriesLoadResponse, episodesToCache size: 30
05-15 22:29:51.960 24824 24874 D cacheDataDebug: [METADATA_ONLY] Starting progressive episode caching - total episodes: 30, parentId: -41605842
05-15 22:29:51.960 24824 24874 D CacheFlow: [CACHE_LOOP] Processing episode 1 season 1 id -41505840 dubStatus None
05-15 22:29:51.960 24824 24874 D CacheFlow: [CACHE_LOOP] Episode not cached, will cache now
05-15 22:29:51.960 24824 24874 D CacheFlow: [METADATA_ONLY] Caching episode 1 season 1 with dubStatus: None
05-15 22:29:51.963 24824 24874 D CacheFlow: [CACHE_LOOP] Episode cached successfully, calling updateParentIndex
05-15 22:29:51.964 24824 24874 D CacheFlow: updateParentIndex - parentId: -41605842, episodeId: -41505840, indexKey: episode_parent_index_-41605842, currentIds: 30, updatedIds: 30
05-15 22:29:51.964 24824 24874 D CacheFlow: [CACHE_LOOP] Processing episode 2 season 1 id -41505839 dubStatus None
05-15 22:29:51.965 24824 24874 D CacheFlow: [CACHE_LOOP] Episode not cached, will cache now
05-15 22:29:51.965 24824 24874 D CacheFlow: [METADATA_ONLY] Caching episode 2 season 1 with dubStatus: None
05-15 22:29:51.966 24824 24874 D CacheFlow: [CACHE_LOOP] Episode cached successfully, calling updateParentIndex
05-15 22:29:51.966 24824 24874 D CacheFlow: updateParentIndex - parentId: -41605842, episodeId: -41505839, indexKey: episode_parent_index_-41605842, currentIds: 30, updatedIds: 30
05-15 22:29:51.966 24824 24874 D CacheFlow: [CACHE_LOOP] Processing episode 3 season 1 id -41505838 dubStatus None
05-15 22:29:51.966 24824 24874 D CacheFlow: [CACHE_LOOP] Episode not cached, will cache now
05-15 22:29:51.966 24824 24874 D CacheFlow: [METADATA_ONLY] Caching episode 3 season 1 with dubStatus: None
05-15 22:29:51.967 24824 24874 D CacheFlow: [CACHE_LOOP] Episode cached successfully, calling updateParentIndex
05-15 22:29:51.968 24824 24874 D CacheFlow: updateParentIndex - parentId: -41605842, episodeId: -41505838, indexKey: episode_parent_index_-41605842, currentIds: 30, updatedIds: 30
05-15 22:29:51.968 24824 24874 D CacheFlow: [CACHE_LOOP] Processing episode 4 season 1 id -41505837 dubStatus None
05-15 22:29:51.968 24824 24874 D CacheFlow: [CACHE_LOOP] Episode not cached, will cache now
05-15 22:29:51.968 24824 24874 D CacheFlow: [METADATA_ONLY] Caching episode 4 season 1 with dubStatus: None
05-15 22:29:51.968 24824 24874 D CacheFlow: [CACHE_LOOP] Episode cached successfully, calling updateParentIndex
05-15 22:29:51.969 24824 24874 D CacheFlow: updateParentIndex - parentId: -41605842, episodeId: -41505837, indexKey: episode_parent_index_-41605842, currentIds: 30, updatedIds: 30
05-15 22:29:51.969 24824 24874 D CacheFlow: [CACHE_LOOP] Processing episode 5 season 1 id -41505836 dubStatus None
05-15 22:29:51.969 24824 24874 D CacheFlow: [CACHE_LOOP] Episode not cached, will cache now
05-15 22:29:51.969 24824 24874 D CacheFlow: [METADATA_ONLY] Caching episode 5 season 1 with dubStatus: None
05-15 22:29:51.970 24824 24874 D CacheFlow: [CACHE_LOOP] Episode cached successfully, calling updateParentIndex
05-15 22:29:51.971 24824 24874 D CacheFlow: updateParentIndex - parentId: -41605842, episodeId: -41505836, indexKey: episode_parent_index_-41605842, currentIds: 30, updatedIds: 30
05-15 22:29:51.971 24824 24874 D CacheFlow: [CACHE_LOOP] Processing episode 6 season 1 id -41505835 dubStatus None
05-15 22:29:51.971 24824 24874 D CacheFlow: [CACHE_LOOP] Episode not cached, will cache now
05-15 22:29:51.971 24824 24874 D CacheFlow: [METADATA_ONLY] Caching episode 6 season 1 with dubStatus: None
05-15 22:29:51.971 24824 24874 D CacheFlow: [CACHE_LOOP] Episode cached successfully, calling updateParentIndex
05-15 22:29:51.972 24824 24874 D CacheFlow: updateParentIndex - parentId: -41605842, episodeId: -41505835, indexKey: episode_parent_index_-41605842, currentIds: 30, updatedIds: 30
05-15 22:29:51.972 24824 24874 D CacheFlow: [CACHE_LOOP] Processing episode 7 season 1 id -41505834 dubStatus None
05-15 22:29:51.972 24824 24874 D CacheFlow: [CACHE_LOOP] Episode not cached, will cache now
05-15 22:29:51.972 24824 24874 D CacheFlow: [METADATA_ONLY] Caching episode 7 season 1 with dubStatus: None
05-15 22:29:51.973 24824 24874 D CacheFlow: [CACHE_LOOP] Episode cached successfully, calling updateParentIndex
05-15 22:29:51.973 24824 24874 D CacheFlow: updateParentIndex - parentId: -41605842, episodeId: -41505834, indexKey: episode_parent_index_-41605842, currentIds: 30, updatedIds: 30
05-15 22:29:51.973 24824 24874 D CacheFlow: [CACHE_LOOP] Processing episode 8 season 1 id -41505833 dubStatus None
05-15 22:29:51.973 24824 24874 D CacheFlow: [CACHE_LOOP] Episode not cached, will cache now
05-15 22:29:51.973 24824 24874 D CacheFlow: [METADATA_ONLY] Caching episode 8 season 1 with dubStatus: None
05-15 22:29:51.974 24824 24874 D CacheFlow: [CACHE_LOOP] Episode cached successfully, calling updateParentIndex
05-15 22:29:51.975 24824 24874 D CacheFlow: updateParentIndex - parentId: -41605842, episodeId: -41505833, indexKey: episode_parent_index_-41605842, currentIds: 30, updatedIds: 30
05-15 22:29:51.975 24824 24874 D CacheFlow: [CACHE_LOOP] Processing episode 9 season 1 id -41505832 dubStatus None
05-15 22:29:51.975 24824 24874 D CacheFlow: [CACHE_LOOP] Episode not cached, will cache now
05-15 22:29:51.975 24824 24874 D CacheFlow: [METADATA_ONLY] Caching episode 9 season 1 with dubStatus: None
05-15 22:29:51.976 24824 24874 D CacheFlow: [CACHE_LOOP] Episode cached successfully, calling updateParentIndex
05-15 22:29:51.976 24824 24874 D CacheFlow: updateParentIndex - parentId: -41605842, episodeId: -41505832, indexKey: episode_parent_index_-41605842, currentIds: 30, updatedIds: 30
05-15 22:29:51.976 24824 24874 D CacheFlow: [CACHE_LOOP] Processing episode 10 season 1 id -41505831 dubStatus None
05-15 22:29:51.976 24824 24874 D CacheFlow: [CACHE_LOOP] Episode not cached, will cache now
05-15 22:29:51.976 24824 24874 D CacheFlow: [METADATA_ONLY] Caching episode 10 season 1 with dubStatus: None
05-15 22:29:51.977 24824 24874 D CacheFlow: [CACHE_LOOP] Episode cached successfully, calling updateParentIndex
05-15 22:29:51.978 24824 24874 D CacheFlow: updateParentIndex - parentId: -41605842, episodeId: -41505831, indexKey: episode_parent_index_-41605842, currentIds: 30, updatedIds: 30
05-15 22:29:51.978 24824 24824 I SYNCVM  : addSyncsBlocking called with: {simkl={"Imdb":"tt31938062"}}
05-15 22:29:51.979 24824 24824 I SYNCVM  : addSyncsBlocking current syncs map: {}
05-15 22:29:51.979 24824 24824 I SYNCVM  : addSyncBlocking simkl = {"Imdb":"tt31938062"}
05-15 22:29:51.979 24824 24824 I SYNCVM  : addSyncsBlocking - addSync(simkl, {"Imdb":"tt31938062"}) returned: true
05-15 22:29:51.979 24824 24824 I SYNCVM  : addSyncsBlocking final result: true, syncs now: {simkl={"Imdb":"tt31938062"}}
05-15 22:29:51.979 24824 24824 D [MINI_SYNC_FIX]: Processing API sync data - new: true, total: {simkl={"Imdb":"tt31938062"}}
05-15 22:29:51.979 24824 24824 D [MINI_SYNC_FIX]: Updated 1 cache entries with sync data for: https://aiostreams.elfhosted.com/stremio/e4f99f7d-6a22-403c-9e0f-b6b9be87d350/eyJpIjoiMkVmTmJCemRGWnFIa0pkOVQzMEhVQT09IiwiZSI6IklVVngwSG00ZFNIR29YWDBmM3FiYzc1blFiZGthS1NGRjhLVHFvM01SaUE9IiwidCI6ImEifQ/meta/series/tt31938062.json, syncs: {simkl={"Imdb":"tt31938062"}}
05-15 22:29:51.979 24824 24824 D [MINI_SYNC_FIX]: OFFLINE_CACHE_DEBUG: url=https://aiostreams.elfhosted.com/stremio/e4f99f7d-6a22-403c-9e0f-b6b9be87d350/eyJpIjoiMkVmTmJCemRGWnFIa0pkOVQzMEhVQT09IiwiZSI6IklVVngwSG00ZFNIR29YWDBmM3FiYzc1blFiZGthS1NGRjhLVHFvM01SaUE9IiwidCI6ImEifQ/meta/series/tt31938062.json, syncData={simkl={"Imdb":"tt31938062"}}
05-15 22:29:51.980 24824 24824 D [MINI_SYNC_FIX]: OFFLINE_CACHE_DEBUG: total cache keys=226
05-15 22:29:51.981 24824 24824 D [MINI_SYNC_FIX]: OFFLINE_CACHE_DEBUG: No matching cache entry found for url: https://aiostreams.elfhosted.com/stremio/e4f99f7d-6a22-403c-9e0f-b6b9be87d350/eyJpIjoiMkVmTmJCemRGWnFIa0pkOVQzMEhVQT09IiwiZSI6IklVVngwSG00ZFNIR29YWDBmM3FiYzc1blFiZGthS1NGRjhLVHFvM01SaUE9IiwidCI6ImEifQ/meta/series/tt31938062.json
05-15 22:29:51.981 24824 24824 I SYNCVM  : updateMetaAndUser
05-15 22:29:51.981 24824 24824 I SYNCVM  : updateUserData - syncs size: 1, syncs: {simkl={"Imdb":"tt31938062"}}
05-15 22:29:51.981 24824 24874 I SYNCVM  : updateMetadata
05-15 22:29:51.981 24824 24824 I SYNCVM  : updateUserData - trying simkl with id {"Imdb":"tt31938062"}
05-15 22:29:51.981 24824 24874 I SYNCVM  : updateMetadata loading simkl
05-15 22:29:51.981 24824 24824 I SYNCVM  : updateUserData - repo for simkl: true
05-15 22:29:51.981 24824 24874 I SYNCVM  : setEpisodesDelta = 0
05-15 22:29:51.982 24824 24824 D [SIMKL_ID_RESOLVE]: Resolving ID: {"Imdb":"tt31938062"}
05-15 22:29:51.982 24824 24824 D [SIMKL_ID_RESOLVE]: Cross-ref IDs detected: {Imdb=tt31938062}
05-15 22:29:51.982 24824 24824 W [SIMKL_ID_RESOLVE]: All resolution methods failed
05-15 22:29:51.982 24824 24824 D [SIMKL_ID_REFACTOR]: Status called with id: {"Imdb":"tt31938062"}, resolved to: {"Imdb":"tt31938062"}
05-15 22:29:51.982 24824 24824 D [SIMKL_ID_FIX]: Using cross-ref IDs: {Imdb=tt31938062}
05-15 22:29:51.996 24824 24824 I SYNCVM  : updateSynced - current syncs: [simkl]
05-15 22:29:51.996 24824 24824 I SYNCVM  : updateSynced - getMissing result: [MAL(isSynced=false), Kitsu(isSynced=false), AniList(isSynced=false), Simkl(isSynced=true), Local(isSynced=false)]
05-15 22:29:51.996 24824 24824 D Lifecycle: Observer triggered - thread: main, value class: ArrayList, value is Map: false
05-15 22:29:51.996 24824 24824 D Lifecycle: Observer triggered with value: [CurrentSynced(name=MAL, idPrefix=mal, isSynced=false, hasAccount=true, icon=2131231510), CurrentSynced(name=Kitsu, idPrefix=kitsu, isSynced=false, hasAccount=false, icon=2131231471), CurrentSynced(name=AniList, idPrefix=anilist, isSynced=false, hasAccount=true, icon=2131231150), CurrentSynced(name=Simkl, idPrefix=simkl, isSynced=true, hasAccount=true, icon=2131231835), CurrentSynced(name=Local, idPrefix=local, isSynced=false, hasAccount=false, icon=2131231222)]
05-15 22:29:51.996 24824 24824 D [SYNC_OBSERVER_LIFECYCLE]: syncModel.synced observer fired - list size: 5, binding: true, resultMiniSync: true
05-15 22:29:51.996 24824 24824 I SYNCVM  : updateSynced - _currentSynced.value set (main thread) to 5 items
05-15 22:29:51.996 24824 24824 D [SUBSCRIBE_DEBUG]: ResultFragmentPhone - subscribeStatus observer - isSubscribed: false
05-15 22:29:51.996 24824 24824 D [SUBSCRIBE_DEBUG]: ResultFragmentPhone - subscribeStatus observer - button visibility set to: true, displaySubscribed: false
05-15 22:29:51.996 24824 24824 D [SUBSCRIBE_DEBUG]: ResultFragmentPhone - subscribeStatus observer - setting drawable: notifications_none
05-15 22:29:51.997 24824 24824 D Lifecycle: Observer triggered - thread: main, value class: WatchType, value is Map: false
05-15 22:29:51.997 24824 24824 D Lifecycle: Observer triggered with value: NONE
05-15 22:29:51.997 24824 24824 D Lifecycle: Observer triggered - thread: main, value class: ArrayList, value is Map: false
05-15 22:29:51.997 24824 24824 D Lifecycle: Observer triggered with value: [(null, None)]
05-15 22:29:51.997 24824 24824 D Lifecycle: Observer triggered - thread: main, value class: ArrayList, value is Map: false
05-15 22:29:51.997 24824 24824 D Lifecycle: Observer triggered with value: [(resId = 2132018277
05-15 22:29:51.997 24824 24824 D Lifecycle: args = [(class com.lagradost.cloudstream3.utils.UiText$StringResource = resId = 2132018276
05-15 22:29:51.997 24824 24824 D Lifecycle: args = []), (class kotlin.Int = 1), (class kotlin.String = )], 1), (resId = 2132018277
05-15 22:29:51.997 24824 24824 D Lifecycle: args = [(class com.lagradost.cloudstream3.utils.UiText$StringResource = resId = 2132018276
05-15 22:29:51.997 24824 24824 D Lifecycle: args = []), (class kotlin.Int = 2), (class kotlin.String = )], 2)]
05-15 22:29:51.997 24824 24824 D Lifecycle: Observer triggered - thread: main, value class: ArrayList, value is Map: false
05-15 22:29:51.997 24824 24824 D Lifecycle: Observer triggered with value: [(resId = 2132017586
05-15 22:29:51.997 24824 24824 D Lifecycle: args = [(class kotlin.Int = 1), (class kotlin.Int = 15)], EpisodeRange(startIndex=0, length=15, startEpisode=1, endEpisode=15))]
05-15 22:29:52.029 24824 24874 D CacheFlow: [CACHE_LOOP] Processing episode 11 season 1 id -41505830 dubStatus None
05-15 22:29:52.029 24824 24874 D CacheFlow: [CACHE_LOOP] Episode not cached, will cache now
05-15 22:29:52.029 24824 24874 D CacheFlow: [METADATA_ONLY] Caching episode 11 season 1 with dubStatus: None
05-15 22:29:52.030 24824 24874 D CacheFlow: [CACHE_LOOP] Episode cached successfully, calling updateParentIndex
05-15 22:29:52.031 24824 24874 D CacheFlow: updateParentIndex - parentId: -41605842, episodeId: -41505830, indexKey: episode_parent_index_-41605842, currentIds: 30, updatedIds: 30
05-15 22:29:52.031 24824 24874 D CacheFlow: [CACHE_LOOP] Processing episode 12 season 1 id -41505829 dubStatus None
05-15 22:29:52.031 24824 24874 D CacheFlow: [CACHE_LOOP] Episode not cached, will cache now
05-15 22:29:52.031 24824 24874 D CacheFlow: [METADATA_ONLY] Caching episode 12 season 1 with dubStatus: None
05-15 22:29:52.032 24824 24874 D CacheFlow: [CACHE_LOOP] Episode cached successfully, calling updateParentIndex
05-15 22:29:52.033 24824 24874 D CacheFlow: updateParentIndex - parentId: -41605842, episodeId: -41505829, indexKey: episode_parent_index_-41605842, currentIds: 30, updatedIds: 30
05-15 22:29:52.033 24824 24874 D CacheFlow: [CACHE_LOOP] Processing episode 13 season 1 id -41505828 dubStatus None
05-15 22:29:52.033 24824 24874 D CacheFlow: [CACHE_LOOP] Episode not cached, will cache now
05-15 22:29:52.033 24824 24874 D CacheFlow: [METADATA_ONLY] Caching episode 13 season 1 with dubStatus: None
05-15 22:29:52.035 24824 24874 D CacheFlow: [CACHE_LOOP] Episode cached successfully, calling updateParentIndex
05-15 22:29:52.036 24824 24874 D CacheFlow: updateParentIndex - parentId: -41605842, episodeId: -41505828, indexKey: episode_parent_index_-41605842, currentIds: 30, updatedIds: 30
05-15 22:29:52.036 24824 24874 D CacheFlow: [CACHE_LOOP] Processing episode 14 season 1 id -41505827 dubStatus None
05-15 22:29:52.036 24824 24874 D CacheFlow: [CACHE_LOOP] Episode not cached, will cache now
