05-15 22:30:00.443 24824 24824 I SV[69760859 MainActivity]: onWindowVisibilityChanged(0) true android.view.SurfaceView{428775b V.E..V... ......I. 0,0-0,0} of VRI[MainActivity]@d07b781
05-15 22:30:00.443 24824 24824 D SurfaceView: 69760859 updateSurface: has no frame
05-15 22:30:00.444 24824 24824 I CS3ExoPlayer: SET STYLE = SaveCaptionStyle(foregroundColor=-1, backgroundColor=0, windowColor=0, edgeType=2, edgeColor=-16777216, typeface=null, typefaceFilePath=/storage/emulated/0/Android/data/com.lagradost.cloudstream3.prerelease/files/Fonts/Pretendard-Regular.ttf, elevation=0, fixedTextSize=45.0, edgeSize=null, removeCaptions=true, removeBloat=true, upperCase=false, bold=false, italic=false, backgroundRadius=null, alignment=null)
05-15 22:30:00.447 24824 24824 D ObserverBatch: All observers set up in single batch
05-15 22:30:00.447 24824 24824 D MetadataSwap: resultSwapMetadataFab reference: com.google.android.material.floatingactionbutton.ExtendedFloatingActionButton{ae9dfb GFED.VC.. ......I. 0,0-0,0 #7f0a04c5 app:id/result_swap_metadata_fab}
05-15 22:30:00.447 24824 24824 D [MINI_SYNC_FIX]: Reset wasNameMatchFound to false for new entry: 더 피트
05-15 22:30:00.447 24824 24824 D [SIMKL_DEFINITIVE_FIX]: Cleared sync model state for new entry
05-15 22:30:00.447 24824 24824 D MetadataSwap: ===== COMPREHENSIVE DEBUG START =====
05-15 22:30:00.447 24824 24824 D MetadataSwap: storedData.name: 더 피트
05-15 22:30:00.447 24824 24824 D MetadataSwap: storedData.url: https://aiostreams.elfhosted.com/stremio/e4f99f7d-6a22-403c-9e0f-b6b9be87d350/eyJpIjoiMkVmTmJCemRGWnFIa0pkOVQzMEhVQT09IiwiZSI6IklVVngwSG00ZFNIR29YWDBmM3FiYzc1blFiZGthS1NGRjhLVHFvM01SaUE9IiwidCI6ImEifQ/meta/series/tt31938062.json
05-15 22:30:00.447 24824 24824 D MetadataSwap: storedData.apiName: StremioAIO
05-15 22:30:00.447 24824 24824 D MetadataSwap: onViewCreated - isMetadataSwap from bundle: false, from static: false, hasSharedOriginalResponse: false, hasOriginalResponseInBundle: false
05-15 22:30:00.447 24824 24824 D MetadataSwap: onViewCreated - sharedOriginalResponse: null
05-15 22:30:00.447 24824 24824 D MetadataSwap: onViewCreated - sharedOriginalResponse.url: null
05-15 22:30:00.447 24824 24824 D MetadataSwap: onViewCreated - bundle original_response_name: null
05-15 22:30:00.447 24824 24824 D MetadataSwap: onViewCreated - bundle original_response_url: null
05-15 22:30:00.447 24824 24824 D MetadataSwap: onViewCreated - sharedSwappedResponse: null
05-15 22:30:00.447 24824 24824 D MetadataSwap: onViewCreated - sharedSwappedResponse.url: null
05-15 22:30:00.447 24824 24824 D swapfix : onViewCreated - sharedSwappedResponse: null
05-15 22:30:00.447 24824 24824 D swapfix : onViewCreated - sharedSwappedResponse.url: null
05-15 22:30:00.447 24824 24824 D swapfix : onViewCreated - viewModel.originalResponse: null
05-15 22:30:00.447 24824 24824 D swapfix : onViewCreated - viewModel.originalResponse.url: null
05-15 22:30:00.447 24824 24824 I ImeTracker: com.lagradost.cloudcache.prerelease:96bc7397: onRequestHide at ORIGIN_CLIENT reason HIDE_SOFT_INPUT fromUser false
05-15 22:30:00.448 24824 24824 I InputMethodManager_LC: hsifw() - flag : 0
05-15 22:30:00.448 24824 24824 I InputMethodManager_LC: hsifw() - mService.hideSoftInput
05-15 22:30:00.448 24824 24824 D InsetsController: hide(ime(), fromIme=false)
05-15 22:30:00.448 24824 24824 I ImeTracker: com.lagradost.cloudcache.prerelease:96bc7397: onCancelled at PHASE_CLIENT_ALREADY_HIDDEN
05-15 22:30:00.448 24824 24824 D MetadataSwap: load check - restart: false, hasLoaded: false, skipNormalLoad: false, willLoad: true
05-15 22:30:00.448 24824 24824 D [MINI_SYNC_PANEL]: Registering panel state listener - not yet registered on this view
05-15 22:30:00.448 24824 24824 D Lifecycle: observe called for liveData: MutableLiveData, lifecycleOwner: ResultTrailerPlayer
05-15 22:30:00.448 24824 24824 D Lifecycle: Removed previous observers, now adding new observer
05-15 22:30:00.448 24824 24824 D [PANEL_LOCK_DEBUG]: Panel lock state check - isLockStateInitialized: false
05-15 22:30:00.448 24824 24824 D [MINI_SYNC_PANEL]: Initializing panel lock states - setting both panels to CLOSE
05-15 22:30:00.448 24824 24824 D [MINI_SYNC_PANEL]: Panel lock states initialized
05-15 22:30:00.448 24824 24824 D Lifecycle: observe called for liveData: MutableLiveData, lifecycleOwner: ResultTrailerPlayer
05-15 22:30:00.448 24824 24824 D Lifecycle: Removed previous observers, now adding new observer
05-15 22:30:00.448 24824 24824 D Lifecycle: observe called for liveData: MutableLiveData, lifecycleOwner: ResultTrailerPlayer
05-15 22:30:00.448 24824 24824 D Lifecycle: Removed previous observers, now adding new observer
05-15 22:30:00.448 24824 24824 I SV[69760859 MainActivity]: onWindowVisibilityChanged(8) false android.view.SurfaceView{428775b V.E..V... ......I. 0,0-0,0} of VRI[MainActivity]@d07b781
05-15 22:30:00.448 24824 24824 D SurfaceView: 69760859 updateSurface: has no frame
05-15 22:30:00.448 24824 24824 I SurfaceView: 69760859 Detaching SV
05-15 22:30:00.448 24824 24824 D SurfaceView: 69760859 updateSurface: has no frame
05-15 22:30:00.448 24824 24824 I SV[69760859 MainActivity]: onDetachedFromWindow: tryReleaseSurfaces()
05-15 22:30:00.448 24824 24824 I SV[69760859 MainActivity]: releaseSurfaces: viewRoot = VRI[MainActivity]@d07b781
05-15 22:30:00.449 24824 24824 I SV[69760859 MainActivity]: onWindowVisibilityChanged(0) true android.view.SurfaceView{428775b V.E..V... ......I. 0,0-0,0} of VRI[MainActivity]@d07b781
05-15 22:30:00.449 24824 24824 D SurfaceView: 69760859 updateSurface: has no frame
05-15 22:30:00.450 24824 24824 D Lifecycle: Observer triggered - thread: main, value class: EmptyList, value is Map: false
05-15 22:30:00.450 24824 24824 D Lifecycle: Observer triggered with value: []
05-15 22:30:00.450 24824 24824 D [SUBSCRIBE_DEBUG]: ResultFragmentPhone - subscribeStatus observer - isSubscribed: null
05-15 22:30:00.451 24824 24824 D [SUBSCRIBE_DEBUG]: ResultFragmentPhone - subscribeStatus observer - button visibility set to: true, displaySubscribed: false
05-15 22:30:00.451 24824 24824 D [SUBSCRIBE_DEBUG]: ResultFragmentPhone - subscribeStatus observer - setting drawable: notifications_none
05-15 22:30:00.451 24824 24824 D Lifecycle: Observer triggered - thread: main, value class: null, value is Map: false
05-15 22:30:00.451 24824 24824 D Lifecycle: Observer triggered with value: null
05-15 22:30:00.451 24824 24824 D Lifecycle: Observer triggered - thread: main, value class: ArrayList, value is Map: false
05-15 22:30:00.451 24824 24824 D Lifecycle: Observer triggered with value: []
05-15 22:30:00.451 24824 24824 D Lifecycle: observe called for liveData: MutableLiveData, lifecycleOwner: ResultTrailerPlayer
05-15 22:30:00.451 24824 24824 D Lifecycle: Removed previous observers, now adding new observer
05-15 22:30:00.451 24824 24824 D Lifecycle: Observer triggered - thread: main, value class: ArrayList, value is Map: false
05-15 22:30:00.451 24824 24824 D Lifecycle: Observer triggered with value: [CurrentSynced(name=MAL, idPrefix=mal, isSynced=false, hasAccount=true, icon=2131231510), CurrentSynced(name=Kitsu, idPrefix=kitsu, isSynced=false, hasAccount=false, icon=2131231471), CurrentSynced(name=AniList, idPrefix=anilist, isSynced=false, hasAccount=true, icon=2131231150), CurrentSynced(name=Simkl, idPrefix=simkl, isSynced=false, hasAccount=true, icon=2131231835), CurrentSynced(name=Local, idPrefix=local, isSynced=false, hasAccount=false, icon=2131231222)]
05-15 22:30:00.451 24824 24824 D [SYNC_OBSERVER_LIFECYCLE]: syncModel.synced observer fired - list size: 5, binding: true, resultMiniSync: true
05-15 22:30:00.451 24824 24824 D Lifecycle: observe called for liveData: MutableLiveData, lifecycleOwner: ResultTrailerPlayer
05-15 22:30:00.451 24824 24824 D Lifecycle: Removed previous observers, now adding new observer
05-15 22:30:00.451 24824 24824 D Lifecycle: Observer triggered - thread: main, value class: null, value is Map: false
05-15 22:30:00.451 24824 24824 D Lifecycle: Observer triggered with value: null
05-15 22:30:00.451 24824 24824 D Lifecycle: observe called for liveData: MutableLiveData, lifecycleOwner: ResultTrailerPlayer
05-15 22:30:00.451 24824 24824 D Lifecycle: Removed previous observers, now adding new observer
05-15 22:30:00.451 24824 24824 D Lifecycle: Observer triggered - thread: main, value class: null, value is Map: false
05-15 22:30:00.451 24824 24824 D Lifecycle: Observer triggered with value: null
05-15 22:30:00.451 24824 24824 D Lifecycle: observe called for liveData: MutableLiveData, lifecycleOwner: ResultTrailerPlayer
05-15 22:30:00.451 24824 24824 D Lifecycle: Removed previous observers, now adding new observer
05-15 22:30:00.451 24824 24824 D Lifecycle: Observer triggered - thread: main, value class: null, value is Map: false
05-15 22:30:00.451 24824 24824 D Lifecycle: Observer triggered with value: null
05-15 22:30:00.451 24824 24824 D Lifecycle: observe called for liveData: MutableLiveData, lifecycleOwner: ResultTrailerPlayer
05-15 22:30:00.451 24824 24824 D Lifecycle: Removed previous observers, now adding new observer
05-15 22:30:00.451 24824 24824 D Lifecycle: Observer triggered - thread: main, value class: Boolean, value is Map: false
05-15 22:30:00.451 24824 24824 D Lifecycle: Observer triggered with value: false
05-15 22:30:00.451 24824 24824 D Lifecycle: observe called for liveData: MutableLiveData, lifecycleOwner: ResultTrailerPlayer
05-15 22:30:00.451 24824 24824 D Lifecycle: Removed previous observers, now adding new observer
05-15 22:30:00.451 24824 24824 D Lifecycle: Observer triggered - thread: main, value class: EmptyList, value is Map: false
05-15 22:30:00.451 24824 24824 D Lifecycle: Observer triggered with value: []
05-15 22:30:00.451 24824 24824 D [PANEL_LOCK_DEBUG]: Setting end panel lock state - isEmpty: true, new state: UNLOCKED
05-15 22:30:00.454 24824 24824 D Lifecycle: observe called for liveData: MutableLiveData, lifecycleOwner: ResultTrailerPlayer
05-15 22:30:00.454 24824 24824 D Lifecycle: Removed previous observers, now adding new observer
05-15 22:30:00.455 24824 24824 D Lifecycle: Observer triggered - thread: main, value class: WatchType, value is Map: false
05-15 22:30:00.455 24824 24824 D Lifecycle: Observer triggered with value: NONE
05-15 22:30:00.455 24824 24824 D Lifecycle: observe called for liveData: MutableLiveData, lifecycleOwner: ResultTrailerPlayer
05-15 22:30:00.455 24824 24824 D Lifecycle: Removed previous observers, now adding new observer
05-15 22:30:00.455 24824 24824 D Lifecycle: Observer triggered - thread: main, value class: EmptyList, value is Map: false
05-15 22:30:00.455 24824 24824 D Lifecycle: Observer triggered with value: []
05-15 22:30:00.455 24824 24824 D Lifecycle: observe called for liveData: MutableLiveData, lifecycleOwner: ResultTrailerPlayer
05-15 22:30:00.455 24824 24824 D Lifecycle: Removed previous observers, now adding new observer
05-15 22:30:00.455 24824 24824 D Lifecycle: Observer triggered - thread: main, value class: EmptyList, value is Map: false
05-15 22:30:00.455 24824 24824 D Lifecycle: Observer triggered with value: []
05-15 22:30:00.455 24824 24824 D Lifecycle: observe called for liveData: MutableLiveData, lifecycleOwner: ResultTrailerPlayer
05-15 22:30:00.455 24824 24824 D Lifecycle: Removed previous observers, now adding new observer
05-15 22:30:00.455 24824 24824 D Lifecycle: Observer triggered - thread: main, value class: EmptyList, value is Map: false
05-15 22:30:00.455 24824 24824 D Lifecycle: Observer triggered with value: []
05-15 22:30:00.455 24824 24824 D Lifecycle: observe called for liveData: MutableLiveData, lifecycleOwner: ResultTrailerPlayer
05-15 22:30:00.455 24824 24824 D Lifecycle: Removed previous observers, now adding new observer
05-15 22:30:00.455 24824 24824 D Lifecycle: Observer triggered - thread: main, value class: null, value is Map: false
05-15 22:30:00.455 24824 24824 D Lifecycle: Observer triggered with value: null
05-15 22:30:00.455 24824 24824 D Lifecycle: observe called for liveData: MutableLiveData, lifecycleOwner: ResultTrailerPlayer
05-15 22:30:00.455 24824 24824 D Lifecycle: Removed previous observers, now adding new observer
05-15 22:30:00.455 24824 24824 D Lifecycle: Observer triggered - thread: main, value class: EmptySet, value is Map: false
05-15 22:30:00.455 24824 24824 D Lifecycle: Observer triggered with value: []
05-15 22:30:00.455 24824 24824 D [SYNC_PROVIDER_DEBUG]: Providers with valid status observer fired: [], selectedProvider: null
05-15 22:30:00.455 24824 24824 D [SYNC_PROVIDER_DEBUG]: Filtered synced providers: []
05-15 22:30:00.455 24824 24824 D [SYNC_PROVIDER_DEBUG]: Hiding status text - no synced providers
05-15 22:30:00.455 24824 24824 D MetadataSwap: isMetadataSwapMode changed: false, isLibraryEntry: true, hasOriginalResponse: false, button visibility: GONE
05-15 22:30:00.455 24824 24824 D MetadataSwap: resultSwapMetadataFab is null: false
05-15 22:30:00.455 24824 24824 D MetadataSwap: Checking cache for reset button - url: https://aiostreams.elfhosted.com/stremio/e4f99f7d-6a22-403c-9e0f-b6b9be87d350/eyJpIjoiMkVmTmJCemRGWnFIa0pkOVQzMEhVQT09IiwiZSI6IklVVngwSG00ZFNIR29YWDBmM3FiYzc1blFiZGthS1NGRjhLVHFvM01SaUE9IiwidCI6ImEifQ/meta/series/tt31938062.json, hasSwappedMetadata: null
05-15 22:30:00.456 24824 24824 I CS3ExoPlayer: reloadPlayer
05-15 22:30:00.456 24824 24824 I CS3ExoPlayer: releasePlayer
05-15 22:30:00.456 24824 24824 I CS3ExoPlayer: Handle event: PlayerAttachedEvent(player=null, source=Player)
05-15 22:30:00.456 24824 24824 D [GESTURE_DEBUG]: onResume - adding gesture regions listener
05-15 22:30:00.456 24824 24824 D DownloadStatusRefresh: === RESULTFRAGMENTPHONE ONRESUME ===
05-15 22:30:00.456 24824 24824 D DownloadStatusRefresh: Forcing episode adapter refresh to update download status icons
05-15 22:30:00.456 24824 24824 D DownloadStatusRefresh: Current downloadStatus map size: 0
05-15 22:30:00.456 24824 24824 D DownloadStatusRefresh: === RESULTFRAGMENTPHONE ONRESUME COMPLETE ===
05-15 22:30:00.460 24824 24824 I BLASTBufferQueue_Java: update, w= 2960 h= 1848 mName = VRI[MainActivity]@d07b781 mNativeObject= 0xb400007d354c2620 sc.mNativeObject= 0xb400007c854b1ad0 format= -3 caller= android.view.ViewRootImpl.updateBlastSurfaceIfNeeded:3574 android.view.ViewRootImpl.relayoutWindow:11685 android.view.ViewRootImpl.performTraversals:4804 android.view.ViewRootImpl.doTraversal:3924 android.view.ViewRootImpl$TraversalRunnable.run:12903 android.view.Choreographer$CallbackRecord.run:1901 
05-15 22:30:00.460 24824 24824 I VRI[MainActivity]@d07b781: Relayout returned: old=(0,0,2960,1848) new=(0,0,2960,1848) relayoutAsync=false req=(2960,1848)0 dur=2 res=0x0 s={true 0xb400007cd5512090} ch=false seqId=0
05-15 22:30:00.460 24824 24824 I VRI[MainActivity]@d07b781: updateBoundsLayer: t=android.view.SurfaceControl$Transaction@a85b7db sc=Surface(name=Bounds for - com.lagradost.cloudcache.prerelease/com.lagradost.cloudstream3.MainActivity@0)/@0x7563278 frame=3189
05-15 22:30:00.461 24824 24824 W View    : requestLayout() improperly called by android.widget.FrameLayout{859f94f I.E..V... ......I. 0,0-0,0 #7f0a0583 app:id/start_panel} during layout: running second layout pass
05-15 22:30:00.461 24824 24824 W View    : requestLayout() improperly called by android.widget.FrameLayout{a5f68dc I.E..V... ......ID 2960,0-2960,1707 #7f0a0199 app:id/end_panel} during layout: running second layout pass
05-15 22:30:00.467 24824 24824 D AbsListView:  in onLayout changed 
05-15 22:30:00.467 24824 24824 D ScrollView:  onsize change changed 
05-15 22:30:00.467 24824 24824 D SurfaceView: 69760859 updateSurface: has no frame
05-15 22:30:00.468 24824 24824 D SurfaceView: 69760859 updateSurface: has no frame
05-15 22:30:00.468 24824 24824 I VRI[MainActivity]@d07b781: registerCallbackForPendingTransactions
05-15 22:30:00.469 24824 24824 D Lifecycle: Observer triggered - thread: main, value class: null, value is Map: false
05-15 22:30:00.469 24824 24824 D Lifecycle: Observer triggered with value: null
05-15 22:30:00.469 24824 24824 D Lifecycle: Observer triggered - thread: main, value class: ArrayList, value is Map: false
05-15 22:30:00.469 24824 24824 D Lifecycle: Observer triggered with value: [CurrentSynced(name=MAL, idPrefix=mal, isSynced=false, hasAccount=true, icon=2131231510), CurrentSynced(name=Kitsu, idPrefix=kitsu, isSynced=false, hasAccount=false, icon=2131231471), CurrentSynced(name=AniList, idPrefix=anilist, isSynced=false, hasAccount=true, icon=2131231150), CurrentSynced(name=Simkl, idPrefix=simkl, isSynced=false, hasAccount=true, icon=2131231835), CurrentSynced(name=Local, idPrefix=local, isSynced=false, hasAccount=false, icon=2131231222)]
05-15 22:30:00.469 24824 24824 D [SYNC_OBSERVER_LIFECYCLE]: syncModel.synced observer fired - list size: 5, binding: true, resultMiniSync: true
05-15 22:30:00.469 24824 24886 I VRI[MainActivity]@d07b781: mWNT: t=0xb400007bc5ae31d0 mBlastBufferQueue=0xb400007d354c2620 fn= 3190 HdrRenderState mRenderHdrSdrRatio=1.0 caller= android.view.ViewRootImpl$10.onFrameDraw:6536 android.view.ViewRootImpl$4.onFrameDraw:2489 android.view.ThreadedRenderer$1.onFrameDraw:718 
05-15 22:30:00.469 24824 24824 D Lifecycle: Observer triggered - thread: main, value class: null, value is Map: false
05-15 22:30:00.469 24824 24824 D Lifecycle: Observer triggered with value: null
05-15 22:30:00.469 24824 24824 D Lifecycle: Observer triggered - thread: main, value class: Loading, value is Map: false
05-15 22:30:00.469 24824 24824 D Lifecycle: Observer triggered with value: Loading(url=https://aiostreams.elfhosted.com/stremio/e4f99f7d-6a22-403c-9e0f-b6b9be87d350/eyJpIjoiMkVmTmJCemRGWnFIa0pkOVQzMEhVQT09IiwiZSI6IklVVngwSG00ZFNIR29YWDBmM3FiYzc1blFiZGthS1NGRjhLVHFvM01SaUE9IiwidCI6ImEifQ/meta/series/tt31938062.json)
05-15 22:30:00.469 24824 24824 D MetadataSwap: Observer triggered with data: Loading
05-15 22:30:00.469 24824 24824 D MetadataSwap: Observer received data: null
05-15 22:30:00.469 24824 24824 D [UPDATEUI_DEBUG]: updateUI observer fired - resultCastItems: true, viewId: 2131362925
05-15 22:30:00.470 24824 24824 D [UPDATEUI_DEBUG]: Unregistered resultCastItems in updateUI
05-15 22:30:00.470 24824 24824 D [GESTURE_DEBUG]: Registered resultCastItems in updateUI
05-15 22:30:00.472 24824 24872 I SYNCVM  : addFromUrl = https://aiostreams.elfhosted.com/stremio/e4f99f7d-6a22-403c-9e0f-b6b9be87d350/eyJpIjoiMkVmTmJCemRGWnFIa0pkOVQzMEhVQT09IiwiZSI6IklVVngwSG00ZFNIR29YWDBmM3FiYzc1blFiZGthS1NGRjhLVHFvM01SaUE9IiwidCI6ImEifQ/meta/series/tt31938062.json
05-15 22:30:00.472 24824 24872 I SYNCVM  : hasAddedFromUrl contains url: false
05-15 22:30:00.472 24824 24872 I SYNCVM  : hasAddedFromUrl size: 0
05-15 22:30:00.472 24824 24872 I SYNCVM  : url starts with http: true
05-15 22:30:00.472 24824 24872 I SYNCUTIL: getIdsFromUrl https://aiostreams.elfhosted.com/stremio/e4f99f7d-6a22-403c-9e0f-b6b9be87d350/eyJpIjoiMkVmTmJCemRGWnFIa0pkOVQzMEhVQT09IiwiZSI6IklVVngwSG00ZFNIR29YWDBmM3FiYzc1blFiZGthS1NGRjhLVHFvM01SaUE9IiwidCI6ImEifQ/meta/series/tt31938062.json
05-15 22:30:00.477 24824 24824 D SurfaceView: 69760859 updateSurface: has no frame
05-15 22:30:00.480 24824 24824 D [SYNC_PROVIDER_DEBUG]: Spinner onItemSelected - position: 0
05-15 22:30:00.480 24824 24824 D [SYNC_PROVIDER_DEBUG]: All Providers selected - calling updateUserData
05-15 22:30:00.480 24824 24824 I SYNCVM  : updateUserData - syncs size: 0, syncs: {}
05-15 22:30:00.480 24824 24824 I SYNCVM  : updateUserData - providers with valid status: []
05-15 22:30:00.480 24824 24824 I SYNCVM  : updateUserData - tried 0 APIs, anySuccess: false, status is null: true
05-15 22:30:00.480 24824 24824 I SYNCVM  : updateUserData - request completed, flag released
05-15 22:30:00.480 24824 24824 D Lifecycle: Observer triggered - thread: main, value class: null, value is Map: false
05-15 22:30:00.480 24824 24824 D Lifecycle: Observer triggered with value: null
05-15 22:30:00.480 24824 24824 D Lifecycle: Observer triggered - thread: main, value class: Failure, value is Map: false
05-15 22:30:00.480 24824 24824 D Lifecycle: Observer triggered with value: Failure(isNetworkError=false, errorString=No data)
05-15 22:30:00.480 24824 24824 D [SYNC_USERDATA_DEBUG]: UserData observer fired: Failure
05-15 22:30:00.480 24824 24824 D Lifecycle: Observer triggered - thread: main, value class: LinkedHashSet, value is Map: false
05-15 22:30:00.480 24824 24824 D Lifecycle: Observer triggered with value: []
05-15 22:30:00.480 24824 24824 D [SYNC_PROVIDER_DEBUG]: Providers with valid status observer fired: [], selectedProvider: null
05-15 22:30:00.481 24824 24824 D [SYNC_PROVIDER_DEBUG]: Filtered synced providers: []
05-15 22:30:00.481 24824 24824 D [SYNC_PROVIDER_DEBUG]: Hiding status text - no synced providers
05-15 22:30:00.483 24824 24824 D SurfaceView: 69760859 updateSurface: has no frame
05-15 22:30:00.489 24824 24824 D SurfaceView: 69760859 updateSurface: has no frame
05-15 22:30:00.502 24824 24824 D SurfaceView: 69760859 updateSurface: has no frame
05-15 22:30:00.507 24824 24862 D LocalLibraryTest: Checking cache first for url: https://aiostreams.elfhosted.com/stremio/e4f99f7d-6a22-403c-9e0f-b6b9be87d350/eyJpIjoiMkVmTmJCemRGWnFIa0pkOVQzMEhVQT09IiwiZSI6IklVVngwSG00ZFNIR29YWDBmM3FiYzc1blFiZGthS1NGRjhLVHFvM01SaUE9IiwidCI6ImEifQ/meta/series/tt31938062.json, found 226 cached headers
05-15 22:30:00.507 24824 24862 D LocalLibraryTest: Matched cached header: 더 피트 (url: https://aiostreams.elfhosted.com/stremio/e4f99f7d-6a22-403c-9e0f-b6b9be87d350/eyJpIjoiMkVmTmJCemRGWnFIa0pkOVQzMEhVQT09IiwiZSI6IklVVngwSG00ZFNIR29YWDBmM3FiYzc1blFiZGthS1NGRjhLVHFvM01SaUE9IiwidCI6ImEifQ/meta/series/tt31938062.json, id: -41605842)
05-15 22:30:00.508 24824 24862 D CacheFlow: MAIN LOAD - Using DOWNLOAD_HEADER_CACHE for: 더 피트 (url: https://aiostreams.elfhosted.com/stremio/e4f99f7d-6a22-403c-9e0f-b6b9be87d350/eyJpIjoiMkVmTmJCemRGWnFIa0pkOVQzMEhVQT09IiwiZSI6IklVVngwSG00ZFNIR29YWDBmM3FiYzc1blFiZGthS1NGRjhLVHFvM01SaUE9IiwidCI6ImEifQ/meta/series/tt31938062.json)
05-15 22:30:00.508 24824 24862 D CacheFlow: Cached header fields - plot: null, backgroundPosterUrl: null, tags: null, actors: null
05-15 22:30:00.508 24824 24862 D [CACHE_ANIMATION]: Showing loading state for cached data
05-15 22:30:00.508 24824 24862 D CacheFlow: createOfflineLoadResponse - Input cached header fields - plot: null, backgroundPosterUrl: null, tags: null, actors: null
05-15 22:30:00.508 24824 24862 D CacheFlow: createOfflineLoadResponse - Using name: 더 피트 (cached: '더 피트')
05-15 22:30:00.508 24824 24862 D CacheFlow: parseActorsFromCache - Starting actor parsing, input actors count: null
05-15 22:30:00.508 24824 24862 D CacheFlow: parseActorsFromCache - Parsed actors count: null
05-15 22:30:00.508 24824 24862 D [CACHE_SYNC_DEBUG]: createOfflineLoadResponse - syncData restored: {}, cachedHeader.syncData: null
05-15 22:30:00.508 24824 24862 D CacheFlow: createOfflineLoadResponse - Output LoadResponse type: LoadResponseFromSearch (no episodes field)
05-15 22:30:00.508 24824 24862 D CacheFlow: createOfflineLoadResponse - Output LoadResponse fields - plot: null, backgroundPosterUrl: null, tags: null, actors: null
05-15 22:30:00.508 24824 24862 D CacheFlow: Created offline response - plot: null, backgroundPosterUrl: null, tags: null
05-15 22:30:00.508 24824 24862 D [CACHE_ANIMATION]: Holding cached data for 300ms before release
05-15 22:30:00.510 24824 24824 D SurfaceView: 69760859 updateSurface: has no frame
05-15 22:30:00.515 24824 24824 D Lifecycle: Observer triggered - thread: main, value class: Loading, value is Map: false
05-15 22:30:00.515 24824 24824 D Lifecycle: Observer triggered with value: Loading(url=null)
05-15 22:30:00.515 24824 24824 D MetadataSwap: Observer triggered with data: Loading
05-15 22:30:00.515 24824 24824 D MetadataSwap: Observer received data: null
05-15 22:30:00.515 24824 24824 D [UPDATEUI_DEBUG]: updateUI observer fired - resultCastItems: true, viewId: 2131362925
05-15 22:30:00.515 24824 24824 D [UPDATEUI_DEBUG]: Unregistered resultCastItems in updateUI
05-15 22:30:00.515 24824 24824 D [GESTURE_DEBUG]: Registered resultCastItems in updateUI
05-15 22:30:00.515 24824 24824 D SurfaceView: 69760859 updateSurface: has no frame
05-15 22:30:00.522 24824 24824 D SurfaceView: 69760859 updateSurface: has no frame
05-15 22:30:00.531 24824 24824 D SurfaceView: 69760859 updateSurface: has no frame
05-15 22:30:00.540 24824 24824 D SurfaceView: 69760859 updateSurface: has no frame
05-15 22:30:00.553 24824 24824 D SurfaceView: 69760859 updateSurface: has no frame
05-15 22:30:00.556 24824 24824 D SurfaceView: 69760859 updateSurface: has no frame
05-15 22:30:00.564 24824 24824 D SurfaceView: 69760859 updateSurface: has no frame
05-15 22:30:00.573 24824 24824 D SurfaceView: 69760859 updateSurface: has no frame
05-15 22:30:00.581 24824 24824 D SurfaceView: 69760859 updateSurface: has no frame
05-15 22:30:00.589 24824 24824 D SurfaceView: 69760859 updateSurface: has no frame
05-15 22:30:00.598 24824 24824 D SurfaceView: 69760859 updateSurface: has no frame
05-15 22:30:00.605 24824 24824 D SurfaceView: 69760859 updateSurface: has no frame
05-15 22:30:00.614 24824 24824 D SurfaceView: 69760859 updateSurface: has no frame
05-15 22:30:00.627 24824 24824 D SurfaceView: 69760859 updateSurface: has no frame
05-15 22:30:00.630 24824 24824 D SurfaceView: 69760859 updateSurface: has no frame
05-15 22:30:00.638 24824 24824 D SurfaceView: 69760859 updateSurface: has no frame
05-15 22:30:00.647 24824 24824 D SurfaceView: 69760859 updateSurface: has no frame
05-15 22:30:00.655 24824 24824 D SurfaceView: 69760859 updateSurface: has no frame
05-15 22:30:00.664 24824 24824 D SurfaceView: 69760859 updateSurface: has no frame
05-15 22:30:00.671 24824 24824 D SurfaceView: 69760859 updateSurface: has no frame
05-15 22:30:00.680 24824 24824 D SurfaceView: 69760859 updateSurface: has no frame
05-15 22:30:00.688 24824 24824 D SurfaceView: 69760859 updateSurface: has no frame
05-15 22:30:00.696 24824 24824 D SurfaceView: 69760859 updateSurface: has no frame
05-15 22:30:00.704 24824 24824 D SurfaceView: 69760859 updateSurface: has no frame
05-15 22:30:00.713 24824 24824 D SurfaceView: 69760859 updateSurface: has no frame
05-15 22:30:00.722 24824 24824 D SurfaceView: 69760859 updateSurface: has no frame
05-15 22:30:00.729 24824 24824 D SurfaceView: 69760859 updateSurface: has no frame
05-15 22:30:00.738 24824 24824 D SurfaceView: 69760859 updateSurface: has no frame
05-15 22:30:00.746 24824 24824 D SurfaceView: 69760859 updateSurface: has no frame
05-15 22:30:00.755 24824 24824 D SurfaceView: 69760859 updateSurface: has no frame
05-15 22:30:00.763 24824 24824 D SurfaceView: 69760859 updateSurface: has no frame
05-15 22:30:00.771 24824 24824 D SurfaceView: 69760859 updateSurface: has no frame
05-15 22:30:00.779 24824 24824 D SurfaceView: 69760859 updateSurface: has no frame
05-15 22:30:00.788 24824 24824 D SurfaceView: 69760859 updateSurface: has no frame
05-15 22:30:00.796 24824 24824 D SurfaceView: 69760859 updateSurface: has no frame
05-15 22:30:00.804 24824 24824 D SurfaceView: 69760859 updateSurface: has no frame
05-15 22:30:00.809 24824 24875 D [CACHE_ANIMATION]: Releasing cached data
05-15 22:30:00.809 24824 24875 D CacheFlow: postSuccessful - mainId: -41605842, updateEpisodes: false, updateFillers: false
05-15 22:30:00.809 24824 24875 D MetadataSwap: postPage called with: 더 피트, actors: null, plot: null
05-15 22:30:00.809 24824 24875 D [SUBSCRIBE_DEBUG]: postSubscription ENTRY - loadResponse type: LoadResponseFromSearch, id: -41605842, isEpisodeBased: false
05-15 22:30:00.809 24824 24875 D [SUBSCRIBE_DEBUG]: postSubscription ENTRY - current _subscribeStatus.value: null
05-15 22:30:00.809 24824 24824 D Lifecycle: Observer triggered - thread: main, value class: EmptyList, value is Map: false
05-15 22:30:00.810 24824 24875 D [SUBSCRIBE_DEBUG]: DataStoreHelper - getSubscribedData - id: -41605842, data found: false
05-15 22:30:00.810 24824 24875 D [SUBSCRIBE_DEBUG]: postSubscription - existing subscription data found: false
05-15 22:30:00.810 24824 24824 D Lifecycle: Observer triggered with value: []
05-15 22:30:00.810 24824 24875 D [SUBSCRIBE_DEBUG]: postSubscription - non-episode-based without existing data - currentStatus before decision: null
05-15 22:30:00.810 24824 24875 D [SUBSCRIBE_DEBUG]: postSubscription - non-episode-based without existing data - companion justUnsubscribedId: null, current id: -41605842, isRecentUnsubscribe: false
05-15 22:30:00.810 24824 24875 D [SUBSCRIBE_DEBUG]: postSubscription - non-episode-based without existing data - posting status: null (currentStatus was: null, isRecentUnsubscribe: false)
05-15 22:30:00.810 24824 24824 D [PANEL_LOCK_DEBUG]: Setting end panel lock state - isEmpty: true, new state: UNLOCKED
05-15 22:30:00.810 24824 24875 D [SUBSCRIBE_DEBUG]: postSubscription - CALL STACK:     at dalvik.system.VMStack.getThreadStackTrace(VMStack.java:-2)
05-15 22:30:00.810 24824 24875 D [SUBSCRIBE_DEBUG]:     at java.lang.Thread.getStackTrace(Thread.java:2843)
05-15 22:30:00.810 24824 24875 D [SUBSCRIBE_DEBUG]:     at com.lagradost.cloudstream3.ui.result.ResultViewModel2.postSubscription(ResultViewModel2.kt:3252)
05-15 22:30:00.810 24824 24875 D [SUBSCRIBE_DEBUG]:     at com.lagradost.cloudstream3.ui.result.ResultViewModel2.postSuccessful(ResultViewModel2.kt:3535)
05-15 22:30:00.810 24824 24875 D [SUBSCRIBE_DEBUG]:     at com.lagradost.cloudstream3.ui.result.ResultViewModel2.access$postSuccessful(ResultViewModel2.kt:479)
05-15 22:30:00.810 24824 24875 D [SUBSCRIBE_DEBUG]:     at com.lagradost.cloudstream3.ui.result.ResultViewModel2$load$1.invokeSuspend(ResultViewModel2.kt:5094)
05-15 22:30:00.810 24824 24875 D [SUBSCRIBE_DEBUG]:     at kotlin.coroutines.jvm.internal.BaseContinuationImpl.resumeWith(ContinuationImpl.kt:34)
05-15 22:30:00.810 24824 24875 D [SUBSCRIBE_DEBUG]:     at kotlinx.coroutines.DispatchedTask.run(DispatchedTask.kt:100)
05-15 22:30:00.810 24824 24875 D [SUBSCRIBE_DEBUG]:     at kotlinx.coroutines.internal.LimitedDispatcher$Worker.run(LimitedDispatcher.kt:124)
05-15 22:30:00.810 24824 24875 D [SUBSCRIBE_DEBUG]:     at kotlinx.coroutines.scheduling.TaskImpl.run(Tasks.kt:89)
05-15 22:30:00.810 24824 24875 D [SUBSCRIBE_DEBUG]: postSubscription EXIT - final _subscribeStatus.value: null
05-15 22:30:00.810 24824 24824 D Lifecycle: Observer triggered - thread: main, value class: Success, value is Map: false
05-15 22:30:00.811 24824 24875 D CacheFlow: loadOfflineEpisodes - Using DOWNLOAD_HEADER_CACHE for: 더 피트
05-15 22:30:00.811 24824 24875 D CacheFlow: Cached header fields - plot: null, backgroundPosterUrl: null, tags: null, actors: null
05-15 22:30:00.811 24824 24875 D cacheDataDebug: [METADATA_ONLY] loadOfflineEpisodes - metadataOnlyMode: false
05-15 22:30:00.811 24824 24875 D CacheFlow: getEpisodesByParentId - parentId: -41605842, indexKey: episode_parent_index_-41605842, episodeIds: 30
05-15 22:30:00.811 24824 24875 D CacheFlow: loadOfflineEpisodes - Using parent index for O(1) lookup, found 30 episode IDs
05-15 22:30:00.811 24824 24875 D CacheFlow: === LOADING ALL EPISODES (NO LIMITS) ===
05-15 22:30:00.811 24824 24875 D CacheFlow: Total episodes available: 30
05-15 22:30:00.811 24824 24824 D Lifecycle: Observer triggered with value: Success(value=ResultData(url=https://aiostreams.elfhosted.com/stremio/e4f99f7d-6a22-403c-9e0f-b6b9be87d350/eyJpIjoiMkVmTmJCemRGWnFIa0pkOVQzMEhVQT09IiwiZSI6IklVVngwSG00ZFNIR29YWDBmM3FiYzc1blFiZGthS1NGRjhLVHFvM01SaUE9IiwidCI6ImEifQ/meta/series/tt31938062.json, tags=[], actors=null, actorsText=null, comingSoon=false, backgroundPosterUrl=null, title=더 피트, syncData={}, posterImage=https://xrdb.ibbylabs.dev/poster/tmdb:series:250307.jpg?idSource=tmdb&tmdbKey=cc9982c4801545a1481d167137ea7b53&mdblistKey=d2tmbmhnrgdz7ft9re7j2gjr3&posterRatings=myanimelist%2Cimdb%2Cletterboxd%2Cmetacriticuser%2Ctomatoesaudience%2Ctrakt%2Ctmdb%2Cmetacritic%2Ctomatoes%2Crogerebert&lang=ko&ratingValueMode=normalized&posterGenreBadgeStyle=plain&posterGenreBadgePosition=bottomLeft&posterStreamBadges=on&ageRatingBadgePosition=left-top&posterQualityBadges=&posterRatingStyle=plain&posterRatingBadgeScale=115&imageText=original&posterRatingsLayout=right&posterNoBackgroundBadgeOutlineColor=%23ff0000&posterEdgeOffset=3&providerAppearance=eyJ0b21hdG9lcyI6eyJzdGFja2VkQWNjZW50TW9kZSI6ImxvZ28ifX0, posterBackgroundImage=https://xrdb.ibbylabs.dev/poster/tmdb:series:250307.jpg?idSource=tmdb&tmdbKey=cc9982c4801545a1481d167137ea7b53&mdblistKey=d2tmbmhnrgdz7ft9re7j2gjr3&posterRatings=myanimelist%2Cimdb%2Cletterboxd%2Cmetacriticuser%2Ctomatoesaudience%2Ctrakt%2Ctmdb%2Cmetacritic%2Ctomatoes%2Crogerebert&lang=ko&ratingValueMode=normalized&posterGenreBadgeStyle=plain&posterGenreBadgePosition=bottomLeft&posterStreamBadges=on&ageRatingBadgePosition=left-top&posterQualityBadges=&posterRatingStyle=plain&posterRatingBadgeScale=115&imageText=original&posterRatingsLayout=right&posterNoBackgroundBadgeOutlineColor=%23ff0000&posterEdgeOffset=3&providerAppearance=eyJ0b21hdG9lcyI6eyJzdGFja2VkQWNjZW50TW9kZSI6ImxvZ28ifX0, logoUrl=null, plotText=resId = 2132018051
05-15 22:30:00.811 24824 24824 D Lifecycle: args = [], apiName=StremioAIO, ratingText=null, contentRatingText=null, vpnText=null, metaText=null, durationText=null, onGoingText=null, noEpisodesFoundText=null, titleText=더 피트, typeText=resId = 2132018505
05-15 22:30:00.811 24824 24824 D Lifecycle: args = [], yearText=null, nextAiringDate=null, nextAiringEpisode=null, plotHeaderText=resId = 2132018243
05-15 22:30:00.811 24824 24824 D Lifecycle: args = [], posterHeaders=null))
05-15 22:30:00.811 24824 24824 D MetadataSwap: Observer triggered with data: Success
05-15 22:30:00.811 24824 24824 D MetadataSwap: Observer received data: 더 피트
05-15 22:30:00.812 24824 24824 D [UPDATEUI_DEBUG]: updateUI observer fired - resultCastItems: true, viewId: 2131362925
05-15 22:30:00.812 24824 24824 D [UPDATEUI_DEBUG]: Unregistered resultCastItems in updateUI
05-15 22:30:00.812 24824 24824 D [GESTURE_DEBUG]: Registered resultCastItems in updateUI
05-15 22:30:00.812 24824 24875 D CacheFlow: Loaded 30 episodes from cache
05-15 22:30:00.812 24824 24875 D SeasonMetadata: [SELECTOR METADATA] Starting extraction - processing 30 episodes
05-15 22:30:00.812 24824 24875 D SeasonMetadata: [METADATA] Episode 13: season=2, dubStatus=None
05-15 22:30:00.812 24824 24875 D SeasonMetadata: [METADATA] Episode 11: season=1, dubStatus=None
05-15 22:30:00.812 24824 24875 D SeasonMetadata: [METADATA] Episode 14: season=2, dubStatus=None
05-15 22:30:00.812 24824 24875 D SeasonMetadata: [METADATA] Episode 10: season=1, dubStatus=None
05-15 22:30:00.813 24824 24875 D SeasonMetadata: [METADATA] Episode 15: season=2, dubStatus=None
05-15 22:30:00.813 24824 24875 D SeasonMetadata: [METADATA] Episode 9: season=1, dubStatus=None
05-15 22:30:00.813 24824 24875 D SeasonMetadata: [METADATA] Episode 4: season=1, dubStatus=None
05-15 22:30:00.813 24824 24875 D SeasonMetadata: [METADATA] Episode 3: season=1, dubStatus=None
05-15 22:30:00.813 24824 24875 D SeasonMetadata: [METADATA] Episode 2: season=1, dubStatus=None
05-15 22:30:00.813 24824 24875 D SeasonMetadata: [METADATA] Episode 1: season=2, dubStatus=None
05-15 22:30:00.813 24824 24875 D SeasonMetadata: [METADATA] Episode 8: season=1, dubStatus=None
05-15 22:30:00.813 24824 24875 D SeasonMetadata: [METADATA] Episode 7: season=1, dubStatus=None
05-15 22:30:00.813 24824 24875 D SeasonMetadata: [METADATA] Episode 6: season=1, dubStatus=None
05-15 22:30:00.813 24824 24824 D LOGO_DEBUG: bindLogo called - url: null, isNullOrBlank: true
05-15 22:30:00.814 24824 24875 D SeasonMetadata: [METADATA] Episode 5: season=1, dubStatus=None
05-15 22:30:00.814 24824 24824 D LOGO_DEBUG: bindLogo - url is null/blank, hiding logo
05-15 22:30:00.814 24824 24875 D SeasonMetadata: [METADATA] Episode 12: season=2, dubStatus=None
05-15 22:30:00.814 24824 24875 D SeasonMetadata: [METADATA] Episode 1: season=1, dubStatus=None
05-15 22:30:00.814 24824 24875 D SeasonMetadata: [METADATA] Episode 2: season=2, dubStatus=None
05-15 22:30:00.814 24824 24875 D SeasonMetadata: [METADATA] Episode 3: season=2, dubStatus=None
05-15 22:30:00.814 24824 24875 D SeasonMetadata: [METADATA] Episode 4: season=2, dubStatus=None
05-15 22:30:00.814 24824 24875 D SeasonMetadata: [METADATA] Episode 5: season=2, dubStatus=None
05-15 22:30:00.814 24824 24875 D SeasonMetadata: [METADATA] Episode 6: season=2, dubStatus=None
05-15 22:30:00.815 24824 24875 D SeasonMetadata: [METADATA] Episode 7: season=2, dubStatus=None
05-15 22:30:00.815 24824 24875 D SeasonMetadata: [METADATA] Episode 8: season=2, dubStatus=None
05-15 22:30:00.815 24824 24824 I SYNCVM  : addSyncsBlocking called with: {}
05-15 22:30:00.815 24824 24875 D SeasonMetadata: [METADATA] Episode 9: season=2, dubStatus=None
05-15 22:30:00.815 24824 24875 D SeasonMetadata: [METADATA] Episode 15: season=1, dubStatus=None
05-15 22:30:00.815 24824 24875 D SeasonMetadata: [METADATA] Episode 10: season=2, dubStatus=None
05-15 22:30:00.815 24824 24824 I SYNCVM  : addSyncsBlocking current syncs map: {}
05-15 22:30:00.815 24824 24875 D SeasonMetadata: [METADATA] Episode 14: season=1, dubStatus=None
05-15 22:30:00.815 24824 24824 I SYNCVM  : addSyncsBlocking final result: false, syncs now: {}
05-15 22:30:00.815 24824 24875 D SeasonMetadata: [METADATA] Episode 11: season=2, dubStatus=None
05-15 22:30:00.815 24824 24875 D SeasonMetadata: [METADATA] Episode 13: season=1, dubStatus=None
05-15 22:30:00.816 24824 24875 D SeasonMetadata: [METADATA] Episode 12: season=1, dubStatus=None
05-15 22:30:00.816 24824 24875 D SeasonMetadata: [SELECTOR METADATA] Extraction completed - duration: 4ms, extracted: 30 episodes
05-15 22:30:00.816 24824 24875 D CacheFlow: Extracted lightweight metadata from 30 episodes for UI selectors in 4ms
05-15 22:30:00.816 24824 24875 D CacheFlow: === EPISODE LOAD COMPLETE: 30 episodes loaded in 5ms ===
05-15 22:30:00.816 24824 24875 D CacheFlow: === EPISODE DISTRIBUTION DEBUG ===
05-15 22:30:00.816 24824 24873 I SYNCVM  : addFromUrl = https://aiostreams.elfhosted.com/stremio/e4f99f7d-6a22-403c-9e0f-b6b9be87d350/eyJpIjoiMkVmTmJCemRGWnFIa0pkOVQzMEhVQT09IiwiZSI6IklVVngwSG00ZFNIR29YWDBmM3FiYzc1blFiZGthS1NGRjhLVHFvM01SaUE9IiwidCI6ImEifQ/meta/series/tt31938062.json
05-15 22:30:00.816 24824 24875 D CacheFlow: Season 1: 15 episodes
05-15 22:30:00.816 24824 24873 I SYNCVM  : hasAddedFromUrl contains url: true
05-15 22:30:00.816 24824 24875 D CacheFlow: Season 2: 15 episodes
05-15 22:30:00.816 24824 24873 I SYNCVM  : hasAddedFromUrl size: 1
05-15 22:30:00.816 24824 24875 D CacheFlow: Dub status None: 30 episodes
05-15 22:30:00.816 24824 24875 D CacheFlow: === END EPISODE DISTRIBUTION DEBUG ===
05-15 22:30:00.816 24824 24873 I SYNCVM  : url starts with http: true
05-15 22:30:00.817 24824 24875 D CacheFlow: Loaded 30 cached episodes from DOWNLOAD_EPISODE_CACHE
05-15 22:30:00.817 24824 24873 I SYNCVM  : addFromUrl - url already added, returning
05-15 22:30:00.817 24824 24875 W SeasonMetadata: [MIGRATION] Header missing season metadata - totalSeasons: null, seasonMetadata: false
05-15 22:30:00.817 24824 24875 W SeasonMetadata: [MIGRATION] Triggering API fetch to get correct season metadata instead of building from cached episodes
05-15 22:30:00.817 24824 24875 D LocalLibraryTest: Loaded 30 cached episodes for offline mode
05-15 22:30:00.817 24824 24875 D LocalLibraryTest: Converting 30 episodes to ResultEpisode format
05-15 22:30:00.817 24824 24875 D LocalLibraryTest: Cached header - score: null, showStatus: null, year: null, episodeCount: null, actors: null
05-15 22:30:00.817 24824 24875 D LocalLibraryTest: Cached header - url: https://aiostreams.elfhosted.com/stremio/e4f99f7d-6a22-403c-9e0f-b6b9be87d350/eyJpIjoiMkVmTmJCemRGWnFIa0pkOVQzMEhVQT09IiwiZSI6IklVVngwSG00ZFNIR29YWDBmM3FiYzc1blFiZGthS1NGRjhLVHFvM01SaUE9IiwidCI6ImEifQ/meta/series/tt31938062.json
05-15 22:30:00.817 24824 24875 D LocalLibraryTest: Cached episode - id: -41505840, name: 오전 7:00, episode: 1, date: 1736434800000, score: null, data: {"type":"series","id":"tt31938062:1:1","season":1,"episode":1,"imdbId":"tt31938062","year":null,"title":"더 피트","tmdbId":250307,"isAnime":false,"isBollywood":false,"isAsian":false,"isCartoon":false,"firstAired":"2025-01-10T01:00:00.000Z","airedYear":2025,"originalTitle":"The Pitt","englishTitle":"The Pitt","imdbSeason":1,"imdbEpisode":1,"anilistId":null,"malId":null,"kitsuId":null}
05-15 22:30:00.817 24824 24875 D LocalLibraryTest: Cached episode - id: -41505839, name: 오전 8:00, episode: 2, date: 1736434800000, score: null, data: {"type":"series","id":"tt31938062:1:2","season":1,"episode":2,"imdbId":"tt31938062","year":null,"title":"더 피트","tmdbId":250307,"isAnime":false,"isBollywood":false,"isAsian":false,"isCartoon":false,"firstAired":"2025-01-10T01:00:00.000Z","airedYear":2025,"originalTitle":"The Pitt","englishTitle":"The Pitt","imdbSeason":1,"imdbEpisode":2,"anilistId":null,"malId":null,"kitsuId":null}
05-15 22:30:00.817 24824 24875 D LocalLibraryTest: Cached episode - id: -41505838, name: 오전 9:00, episode: 3, date: 1737039600000, score: null, data: {"type":"series","id":"tt31938062:1:3","season":1,"episode":3,"imdbId":"tt31938062","year":null,"title":"더 피트","tmdbId":250307,"isAnime":false,"isBollywood":false,"isAsian":false,"isCartoon":false,"firstAired":"2025-01-17T01:00:00.000Z","airedYear":2025,"originalTitle":"The Pitt","englishTitle":"The Pitt","imdbSeason":1,"imdbEpisode":3,"anilistId":null,"malId":null,"kitsuId":null}
05-15 22:30:00.817 24824 24875 D LocalLibraryTest: Cached episode - id: -41505837, name: 오전 10:00, episode: 4, date: 1737644400000, score: null, data: {"type":"series","id":"tt31938062:1:4","season":1,"episode":4,"imdbId":"tt31938062","year":null,"title":"더 피트","tmdbId":250307,"isAnime":false,"isBollywood":false,"isAsian":false,"isCartoon":false,"firstAired":"2025-01-24T01:00:00.000Z","airedYear":2025,"originalTitle":"The Pitt","englishTitle":"The Pitt","imdbSeason":1,"imdbEpisode":4,"anilistId":null,"malId":null,"kitsuId":null}
05-15 22:30:00.817 24824 24875 D LocalLibraryTest: Cached episode - id: -41505836, name: 오전 11:00, episode: 5, date: 1738249200000, score: null, data: {"type":"series","id":"tt31938062:1:5","season":1,"episode":5,"imdbId":"tt31938062","year":null,"title":"더 피트","tmdbId":250307,"isAnime":false,"isBollywood":false,"isAsian":false,"isCartoon":false,"firstAired":"2025-01-31T01:00:00.000Z","airedYear":2025,"originalTitle":"The Pitt","englishTitle":"The Pitt","imdbSeason":1,"imdbEpisode":5,"anilistId":null,"malId":null,"kitsuId":null}
05-15 22:30:00.818 24824 24875 D LocalLibraryTest: Cached episode - id: -41505835, name: 오후 12:00, episode: 6, date: 1738854000000, score: null, data: {"type":"series","id":"tt31938062:1:6","season":1,"episode":6,"imdbId":"tt31938062","year":null,"title":"더 피트","tmdbId":250307,"isAnime":false,"isBollywood":false,"isAsian":false,"isCartoon":false,"firstAired":"2025-02-07T01:00:00.000Z","airedYear":2025,"originalTitle":"The Pitt","englishTitle":"The Pitt","imdbSeason":1,"imdbEpisode":6,"anilistId":null,"malId":null,"kitsuId":null}
05-15 22:30:00.818 24824 24875 D LocalLibraryTest: Cached episode - id: -41505834, name: 오후 1:00, episode: 7, date: 1739458800000, score: null, data: {"type":"series","id":"tt31938062:1:7","season":1,"episode":7,"imdbId":"tt31938062","year":null,"title":"더 피트","tmdbId":250307,"isAnime":false,"isBollywood":false,"isAsian":false,"isCartoon":false,"firstAired":"2025-02-14T01:00:00.000Z","airedYear":2025,"originalTitle":"The Pitt","englishTitle":"The Pitt","imdbSeason":1,"imdbEpisode":7,"anilistId":null,"malId":null,"kitsuId":null}
05-15 22:30:00.818 24824 24875 D LocalLibraryTest: Cached episode - id: -41505833, name: 오후 2:00, episode: 8, date: 1740063600000, score: null, data: {"type":"series","id":"tt31938062:1:8","season":1,"episode":8,"imdbId":"tt31938062","year":null,"title":"더 피트","tmdbId":250307,"isAnime":false,"isBollywood":false,"isAsian":false,"isCartoon":false,"firstAired":"2025-02-21T01:00:00.000Z","airedYear":2025,"originalTitle":"The Pitt","englishTitle":"The Pitt","imdbSeason":1,"imdbEpisode":8,"anilistId":null,"malId":null,"kitsuId":null}
05-15 22:30:00.818 24824 24875 D LocalLibraryTest: Cached episode - id: -41505832, name: 오후 3:00, episode: 9, date: 1740668400000, score: null, data: {"type":"series","id":"tt31938062:1:9","season":1,"episode":9,"imdbId":"tt31938062","year":null,"title":"더 피트","tmdbId":250307,"isAnime":false,"isBollywood":false,"isAsian":false,"isCartoon":false,"firstAired":"2025-02-28T01:00:00.000Z","airedYear":2025,"originalTitle":"The Pitt","englishTitle":"The Pitt","imdbSeason":1,"imdbEpisode":9,"anilistId":null,"malId":null,"kitsuId":null}
05-15 22:30:00.818 24824 24875 D LocalLibraryTest: Cached episode - id: -41505831, name: 오후 4:00, episode: 10, date: 1741273200000, score: null, data: {"type":"series","id":"tt31938062:1:10","season":1,"episode":10,"imdbId":"tt31938062","year":null,"title":"더 피트","tmdbId":250307,"isAnime":false,"isBollywood":false,"isAsian":false,"isCartoon":false,"firstAired":"2025-03-07T01:00:00.000Z","airedYear":2025,"originalTitle":"The Pitt","englishTitle":"The Pitt","imdbSeason":1,"imdbEpisode":10,"anilistId":null,"malId":null,"kitsuId":null}
05-15 22:30:00.818 24824 24875 D LocalLibraryTest: Cached episode - id: -41505830, name: 오후 5:00, episode: 11, date: 1741878000000, score: null, data: {"type":"series","id":"tt31938062:1:11","season":1,"episode":11,"imdbId":"tt31938062","year":null,"title":"더 피트","tmdbId":250307,"isAnime":false,"isBollywood":false,"isAsian":false,"isCartoon":false,"firstAired":"2025-03-14T00:00:00.000Z","airedYear":2025,"originalTitle":"The Pitt","englishTitle":"The Pitt","imdbSeason":1,"imdbEpisode":11,"anilistId":null,"malId":null,"kitsuId":null}
05-15 22:30:00.818 24824 24875 D LocalLibraryTest: Cached episode - id: -41505829, name: 오후 6:00, episode: 12, date: 1742482800000, score: null, data: {"type":"series","id":"tt31938062:1:12","season":1,"episode":12,"imdbId":"tt31938062","year":null,"title":"더 피트","tmdbId":250307,"isAnime":false,"isBollywood":false,"isAsian":false,"isCartoon":false,"firstAired":"2025-03-21T00:00:00.000Z","airedYear":2025,"originalTitle":"The Pitt","englishTitle":"The Pitt","imdbSeason":1,"imdbEpisode":12,"anilistId":null,"malId":null,"kitsuId":null}
05-15 22:30:00.818 24824 24875 D LocalLibraryTest: Cached episode - id: -41505828, name: 오후 7:00, episode: 13, date: 1743087600000, score: null, data: {"type":"series","id":"tt31938062:1:13","season":1,"episode":13,"imdbId":"tt31938062","year":null,"title":"더 피트","tmdbId":250307,"isAnime":false,"isBollywood":false,"isAsian":false,"isCartoon":false,"firstAired":"2025-03-28T00:00:00.000Z","airedYear":2025,"originalTitle":"The Pitt","englishTitle":"The Pitt","imdbSeason":1,"imdbEpisode":13,"anilistId":null,"malId":null,"kitsuId":null}
05-15 22:30:00.818 24824 24875 D LocalLibraryTest: Cached episode - id: -41505827, name: 오후 8:00, episode: 14, date: 1743692400000, score: null, data: {"type":"series","id":"tt31938062:1:14","season":1,"episode":14,"imdbId":"tt31938062","year":null,"title":"더 피트","tmdbId":250307,"isAnime":false,"isBollywood":false,"isAsian":false,"isCartoon":false,"firstAired":"2025-04-04T00:00:00.000Z","airedYear":2025,"originalTitle":"The Pitt","englishTitle":"The Pitt","imdbSeason":1,"imdbEpisode":14,"anilistId":null,"malId":null,"kitsuId":null}
05-15 22:30:00.818 24824 24875 D LocalLibraryTest: Cached episode - id: -41505826, name: 오후 9:00, episode: 15, date: 1744297200000, score: null, data: {"type":"series","id":"tt31938062:1:15","season":1,"episode":15,"imdbId":"tt31938062","year":null,"title":"더 피트","tmdbId":250307,"isAnime":false,"isBollywood":false,"isAsian":false,"isCartoon":false,"firstAired":"2025-04-11T00:00:00.000Z","airedYear":2025,"originalTitle":"The Pitt","englishTitle":"The Pitt","imdbSeason":1,"imdbEpisode":15,"anilistId":null,"malId":null,"kitsuId":null}
05-15 22:30:00.818 24824 24875 D LocalLibraryTest: Cached episode - id: -41405840, name: 오전 7:00, episode: 1, date: 1767884400000, score: null, data: {"type":"series","id":"tt31938062:2:1","season":2,"episode":1,"imdbId":"tt31938062","year":null,"title":"더 피트","tmdbId":250307,"isAnime":false,"isBollywood":false,"isAsian":false,"isCartoon":false,"firstAired":"2026-01-09T01:00:00.000Z","airedYear":2026,"originalTitle":"The Pitt","englishTitle":"The Pitt","imdbSeason":2,"imdbEpisode":1,"anilistId":null,"malId":null,"kitsuId":null}
05-15 22:30:00.818 24824 24875 D LocalLibraryTest: Cached episode - id: -41405839, name: 오전 8:00, episode: 2, date: 1768489200000, score: null, data: {"type":"series","id":"tt31938062:2:2","season":2,"episode":2,"imdbId":"tt31938062","year":null,"title":"더 피트","tmdbId":250307,"isAnime":false,"isBollywood":false,"isAsian":false,"isCartoon":false,"firstAired":"2026-01-16T01:00:00.000Z","airedYear":2026,"originalTitle":"The Pitt","englishTitle":"The Pitt","imdbSeason":2,"imdbEpisode":2,"anilistId":null,"malId":null,"kitsuId":null}
05-15 22:30:00.818 24824 24875 D LocalLibraryTest: Cached episode - id: -41405838, name: 오전 9:00, episode: 3, date: 1769094000000, score: null, data: {"type":"series","id":"tt31938062:2:3","season":2,"episode":3,"imdbId":"tt31938062","year":null,"title":"더 피트","tmdbId":250307,"isAnime":false,"isBollywood":false,"isAsian":false,"isCartoon":false,"firstAired":"2026-01-23T01:00:00.000Z","airedYear":2026,"originalTitle":"The Pitt","englishTitle":"The Pitt","imdbSeason":2,"imdbEpisode":3,"anilistId":null,"malId":null,"kitsuId":null}
